[INFO] Robustness mode started
[INFO] Robustness transforms: addIfZero
[INFO] Robustness repeat: 5
[AddIfZero] candidate count = 1
[AddIfZero] candidate 0 | function=mult_add | role=BLOCK_ITEM[0] | path=mult_add.body.block[0] | kind=IfStatement(arms=2) | if (M_1459113115 == 0 || K_1538086235 == 0) { return 0; } else { return M_145...
[ADD_IF_ZERO_SITE] application 1: default site 0 / 1
[AddIfZero] SELECTED INDEX = 0
[AddIfZero] SELECTED | function=mult_add | role=BLOCK_ITEM[0] | path=mult_add.body.block[0] | kind=IfStatement(arms=2) | if (M_1459113115 == 0 || K_1538086235 == 0) { return 0; } else { return M_145...
[AddIfZero] WRAP class=Branch | IfStatement(arms=2) | if (M_1459113115 == 0 || K_1538086235 == 0) { return 0; } else { return M_145...
[AddIfZero] candidate count = 4
[AddIfZero] candidate 0 | function=mult_add | role=BLOCK_ITEM[0] | path=mult_add.body.block[0] | kind=IfStatement(arms=2) | if (0) { /*@ assert false; @*/ } else { if (M_1940248684 == 0 || K_754485505 ...
[AddIfZero] candidate 1 | function=mult_add | role=IF_TRUE | path=mult_add.body.block[0].branch[0] | kind=CompoundStatement(locals=0, items=1) | { /*@ assert false; @*/ }
[AddIfZero] candidate 2 | function=mult_add | role=IF_ELSE[1] | path=mult_add.body.block[0].branch[1] | kind=CompoundStatement(locals=0, items=1) | { if (M_1940248684 == 0 || K_754485505 == 0) { return 0; } else { return M_19...
[AddIfZero] candidate 3 | function=mult_add | role=BLOCK_ITEM[0] | path=mult_add.body.block[0].branch[1].block[0] | kind=IfStatement(arms=2) | if (M_1940248684 == 0 || K_754485505 == 0) { return 0; } else { return M_1940...
[ADD_IF_ZERO_SITE] application 2: default site 0 / 4
[AddIfZero] SELECTED INDEX = 0
[AddIfZero] SELECTED | function=mult_add | role=BLOCK_ITEM[0] | path=mult_add.body.block[0] | kind=IfStatement(arms=2) | if (0) { /*@ assert false; @*/ } else { if (M_1940248684 == 0 || K_754485505 ...
[AddIfZero] WRAP class=Branch | IfStatement(arms=2) | if (0) { /*@ assert false; @*/ } else { if (M_1940248684 == 0 || K_754485505 ...
[AddIfZero] candidate count = 7
[AddIfZero] candidate 0 | function=mult_add | role=BLOCK_ITEM[0] | path=mult_add.body.block[0] | kind=IfStatement(arms=2) | if (0) { /*@ assert false; @*/ } else { if (0) { /*@ assert false; @*/ } else...
[AddIfZero] candidate 1 | function=mult_add | role=IF_TRUE | path=mult_add.body.block[0].branch[0] | kind=CompoundStatement(locals=0, items=1) | { /*@ assert false; @*/ }
[AddIfZero] candidate 2 | function=mult_add | role=IF_ELSE[1] | path=mult_add.body.block[0].branch[1] | kind=CompoundStatement(locals=0, items=1) | { if (0) { /*@ assert false; @*/ } else { if (M_1305777754 == 0 || K_20326139...
[AddIfZero] candidate 3 | function=mult_add | role=BLOCK_ITEM[0] | path=mult_add.body.block[0].branch[1].block[0] | kind=IfStatement(arms=2) | if (0) { /*@ assert false; @*/ } else { if (M_1305777754 == 0 || K_2032613967...
[AddIfZero] candidate 4 | function=mult_add | role=IF_TRUE | path=mult_add.body.block[0].branch[1].block[0].branch[0] | kind=CompoundStatement(locals=0, items=1) | { /*@ assert false; @*/ }
[AddIfZero] candidate 5 | function=mult_add | role=IF_ELSE[1] | path=mult_add.body.block[0].branch[1].block[0].branch[1] | kind=CompoundStatement(locals=0, items=1) | { if (M_1305777754 == 0 || K_2032613967 == 0) { return 0; } else { return M_1...
[AddIfZero] candidate 6 | function=mult_add | role=BLOCK_ITEM[0] | path=mult_add.body.block[0].branch[1].block[0].branch[1].block[0] | kind=IfStatement(arms=2) | if (M_1305777754 == 0 || K_2032613967 == 0) { return 0; } else { return M_130...
[ADD_IF_ZERO_SITE] application 3: default site 0 / 7
[AddIfZero] SELECTED INDEX = 0
[AddIfZero] SELECTED | function=mult_add | role=BLOCK_ITEM[0] | path=mult_add.body.block[0] | kind=IfStatement(arms=2) | if (0) { /*@ assert false; @*/ } else { if (0) { /*@ assert false; @*/ } else...
[AddIfZero] WRAP class=Branch | IfStatement(arms=2) | if (0) { /*@ assert false; @*/ } else { if (0) { /*@ assert false; @*/ } else...
[AddIfZero] candidate count = 10
[AddIfZero] candidate 0 | function=mult_add | role=BLOCK_ITEM[0] | path=mult_add.body.block[0] | kind=IfStatement(arms=2) | if (0) { /*@ assert false; @*/ } else { if (0) { /*@ assert false; @*/ } else...
[AddIfZero] candidate 1 | function=mult_add | role=IF_TRUE | path=mult_add.body.block[0].branch[0] | kind=CompoundStatement(locals=0, items=1) | { /*@ assert false; @*/ }
[AddIfZero] candidate 2 | function=mult_add | role=IF_ELSE[1] | path=mult_add.body.block[0].branch[1] | kind=CompoundStatement(locals=0, items=1) | { if (0) { /*@ assert false; @*/ } else { if (0) { /*@ assert false; @*/ } el...
[AddIfZero] candidate 3 | function=mult_add | role=BLOCK_ITEM[0] | path=mult_add.body.block[0].branch[1].block[0] | kind=IfStatement(arms=2) | if (0) { /*@ assert false; @*/ } else { if (0) { /*@ assert false; @*/ } else...
[AddIfZero] candidate 4 | function=mult_add | role=IF_TRUE | path=mult_add.body.block[0].branch[1].block[0].branch[0] | kind=CompoundStatement(locals=0, items=1) | { /*@ assert false; @*/ }
[AddIfZero] candidate 5 | function=mult_add | role=IF_ELSE[1] | path=mult_add.body.block[0].branch[1].block[0].branch[1] | kind=CompoundStatement(locals=0, items=1) | { if (0) { /*@ assert false; @*/ } else { if (M_52313140 == 0 || K_189629356 ...
[AddIfZero] candidate 6 | function=mult_add | role=BLOCK_ITEM[0] | path=mult_add.body.block[0].branch[1].block[0].branch[1].block[0] | kind=IfStatement(arms=2) | if (0) { /*@ assert false; @*/ } else { if (M_52313140 == 0 || K_189629356 ==...
[AddIfZero] candidate 7 | function=mult_add | role=IF_TRUE | path=mult_add.body.block[0].branch[1].block[0].branch[1].block[0].branch[0] | kind=CompoundStatement(locals=0, items=1) | { /*@ assert false; @*/ }
[AddIfZero] candidate 8 | function=mult_add | role=IF_ELSE[1] | path=mult_add.body.block[0].branch[1].block[0].branch[1].block[0].branch[1] | kind=CompoundStatement(locals=0, items=1) | { if (M_52313140 == 0 || K_189629356 == 0) { return 0; } else { return M_5231...
[AddIfZero] candidate 9 | function=mult_add | role=BLOCK_ITEM[0] | path=mult_add.body.block[0].branch[1].block[0].branch[1].block[0].branch[1].block[0] | kind=IfStatement(arms=2) | if (M_52313140 == 0 || K_189629356 == 0) { return 0; } else { return M_523131...
[ADD_IF_ZERO_SITE] application 4: default site 0 / 10
[AddIfZero] SELECTED INDEX = 0
[AddIfZero] SELECTED | function=mult_add | role=BLOCK_ITEM[0] | path=mult_add.body.block[0] | kind=IfStatement(arms=2) | if (0) { /*@ assert false; @*/ } else { if (0) { /*@ assert false; @*/ } else...
[AddIfZero] WRAP class=Branch | IfStatement(arms=2) | if (0) { /*@ assert false; @*/ } else { if (0) { /*@ assert false; @*/ } else...
[AddIfZero] candidate count = 13
[AddIfZero] candidate 0 | function=mult_add | role=BLOCK_ITEM[0] | path=mult_add.body.block[0] | kind=IfStatement(arms=2) | if (0) { /*@ assert false; @*/ } else { if (0) { /*@ assert false; @*/ } else...
[AddIfZero] candidate 1 | function=mult_add | role=IF_TRUE | path=mult_add.body.block[0].branch[0] | kind=CompoundStatement(locals=0, items=1) | { /*@ assert false; @*/ }
[AddIfZero] candidate 2 | function=mult_add | role=IF_ELSE[1] | path=mult_add.body.block[0].branch[1] | kind=CompoundStatement(locals=0, items=1) | { if (0) { /*@ assert false; @*/ } else { if (0) { /*@ assert false; @*/ } el...
[AddIfZero] candidate 3 | function=mult_add | role=BLOCK_ITEM[0] | path=mult_add.body.block[0].branch[1].block[0] | kind=IfStatement(arms=2) | if (0) { /*@ assert false; @*/ } else { if (0) { /*@ assert false; @*/ } else...
[AddIfZero] candidate 4 | function=mult_add | role=IF_TRUE | path=mult_add.body.block[0].branch[1].block[0].branch[0] | kind=CompoundStatement(locals=0, items=1) | { /*@ assert false; @*/ }
[AddIfZero] candidate 5 | function=mult_add | role=IF_ELSE[1] | path=mult_add.body.block[0].branch[1].block[0].branch[1] | kind=CompoundStatement(locals=0, items=1) | { if (0) { /*@ assert false; @*/ } else { if (0) { /*@ assert false; @*/ } el...
[AddIfZero] candidate 6 | function=mult_add | role=BLOCK_ITEM[0] | path=mult_add.body.block[0].branch[1].block[0].branch[1].block[0] | kind=IfStatement(arms=2) | if (0) { /*@ assert false; @*/ } else { if (0) { /*@ assert false; @*/ } else...
[AddIfZero] candidate 7 | function=mult_add | role=IF_TRUE | path=mult_add.body.block[0].branch[1].block[0].branch[1].block[0].branch[0] | kind=CompoundStatement(locals=0, items=1) | { /*@ assert false; @*/ }
[AddIfZero] candidate 8 | function=mult_add | role=IF_ELSE[1] | path=mult_add.body.block[0].branch[1].block[0].branch[1].block[0].branch[1] | kind=CompoundStatement(locals=0, items=1) | { if (0) { /*@ assert false; @*/ } else { if (M_1751574336 == 0 || K_75220214...
[AddIfZero] candidate 9 | function=mult_add | role=BLOCK_ITEM[0] | path=mult_add.body.block[0].branch[1].block[0].branch[1].block[0].branch[1].block[0] | kind=IfStatement(arms=2) | if (0) { /*@ assert false; @*/ } else { if (M_1751574336 == 0 || K_752202140 ...
[AddIfZero] candidate 10 | function=mult_add | role=IF_TRUE | path=mult_add.body.block[0].branch[1].block[0].branch[1].block[0].branch[1].block[0].branch[0] | kind=CompoundStatement(locals=0, items=1) | { /*@ assert false; @*/ }
[AddIfZero] candidate 11 | function=mult_add | role=IF_ELSE[1] | path=mult_add.body.block[0].branch[1].block[0].branch[1].block[0].branch[1].block[0].branch[1] | kind=CompoundStatement(locals=0, items=1) | { if (M_1751574336 == 0 || K_752202140 == 0) { return 0; } else { return M_17...
[AddIfZero] candidate 12 | function=mult_add | role=BLOCK_ITEM[0] | path=mult_add.body.block[0].branch[1].block[0].branch[1].block[0].branch[1].block[0].branch[1].block[0] | kind=IfStatement(arms=2) | if (M_1751574336 == 0 || K_752202140 == 0) { return 0; } else { return M_1751...
[ADD_IF_ZERO_SITE] application 5: default site 0 / 13
[AddIfZero] SELECTED INDEX = 0
[AddIfZero] SELECTED | function=mult_add | role=BLOCK_ITEM[0] | path=mult_add.body.block[0] | kind=IfStatement(arms=2) | if (0) { /*@ assert false; @*/ } else { if (0) { /*@ assert false; @*/ } else...
[AddIfZero] WRAP class=Branch | IfStatement(arms=2) | if (0) { /*@ assert false; @*/ } else { if (0) { /*@ assert false; @*/ } else...
[INFO] Writing unknown.c to robustness-transformed.c
[INFO] Robustness transformation completed
[INFO] Output written to robustness-transformed.c
