[INFO] Robustness mode started
[INFO] Robustness transforms: addIfOne
[INFO] Robustness repeat: 2
[AddIfOne] candidate count = 1
[AddIfOne] candidate 0 | function=mult_add | role=BLOCK_ITEM[0] | path=mult_add.body.block[0] | kind=IfStatement(arms=2) | if (M_1558029640 == 0 || K_1890212065 == 0) { return 0; } else { return M_155...
[ADD_IF_ONE_SITE] application 1: default site 0 / 1
[AddIfOne] SELECTED INDEX = 0
[AddIfOne] SELECTED | function=mult_add | role=BLOCK_ITEM[0] | path=mult_add.body.block[0] | kind=IfStatement(arms=2) | if (M_1558029640 == 0 || K_1890212065 == 0) { return 0; } else { return M_155...
[AddIfOne] WRAP class=Branch | IfStatement(arms=2) | if (M_1558029640 == 0 || K_1890212065 == 0) { return 0; } else { return M_155...
[AddIfOne] candidate count = 4
[AddIfOne] candidate 0 | function=mult_add | role=BLOCK_ITEM[0] | path=mult_add.body.block[0] | kind=IfStatement(arms=2) | if (1) { if (M_310426339 == 0 || K_627727856 == 0) { return 0; } else { retur...
[AddIfOne] candidate 1 | function=mult_add | role=IF_TRUE | path=mult_add.body.block[0].branch[0] | kind=CompoundStatement(locals=0, items=1) | { if (M_310426339 == 0 || K_627727856 == 0) { return 0; } else { return M_310...
[AddIfOne] candidate 2 | function=mult_add | role=IF_ELSE[1] | path=mult_add.body.block[0].branch[1] | kind=CompoundStatement(locals=0, items=1) | { /*@ assert false; @*/ }
[AddIfOne] candidate 3 | function=mult_add | role=BLOCK_ITEM[0] | path=mult_add.body.block[0].branch[0].block[0] | kind=IfStatement(arms=2) | if (M_310426339 == 0 || K_627727856 == 0) { return 0; } else { return M_31042...
[ADD_IF_ONE_SITE] application 2: default site 0 / 4
[AddIfOne] SELECTED INDEX = 0
[AddIfOne] SELECTED | function=mult_add | role=BLOCK_ITEM[0] | path=mult_add.body.block[0] | kind=IfStatement(arms=2) | if (1) { if (M_310426339 == 0 || K_627727856 == 0) { return 0; } else { retur...
[AddIfOne] WRAP class=Branch | IfStatement(arms=2) | if (1) { if (M_310426339 == 0 || K_627727856 == 0) { return 0; } else { retur...
[INFO] Writing unknown.c to robustness-transformed.c
[INFO] Robustness transformation completed
[INFO] Output written to robustness-transformed.c
