[INFO] Robustness mode started
[INFO] Robustness transforms: addIfZero
[INFO] Robustness repeat: 2
[AddIfZero] candidate count = 1
[AddIfZero] candidate 0 | function=mult_add | role=BLOCK_ITEM[0] | path=mult_add.body.block[0] | kind=IfStatement(arms=2) | if (M_1459113115 == 0 || K_1538086235 == 0) { return 0; } else { return M_145...
[ADD_IF_ZERO_SITE] application 1: default site 0 / 1
[AddIfZero] SELECTED INDEX = 0
[AddIfZero] SELECTED | function=mult_add | role=BLOCK_ITEM[0] | path=mult_add.body.block[0] | kind=IfStatement(arms=2) | if (M_1459113115 == 0 || K_1538086235 == 0) { return 0; } else { return M_145...
[AddIfZero] WRAP class=Branch | IfStatement(arms=2) | if (M_1459113115 == 0 || K_1538086235 == 0) { return 0; } else { return M_145...
[AddIfZero] candidate count = 4
[AddIfZero] candidate 0 | function=mult_add | role=BLOCK_ITEM[0] | path=mult_add.body.block[0] | kind=IfStatement(arms=2) | if (0) { /*@ assert false; @*/ } else { if (M_1940248684 == 0 || K_754485505 ...
[AddIfZero] candidate 1 | function=mult_add | role=IF_TRUE | path=mult_add.body.block[0].branch[0] | kind=CompoundStatement(locals=0, items=1) | { /*@ assert false; @*/ }
[AddIfZero] candidate 2 | function=mult_add | role=IF_ELSE[1] | path=mult_add.body.block[0].branch[1] | kind=CompoundStatement(locals=0, items=1) | { if (M_1940248684 == 0 || K_754485505 == 0) { return 0; } else { return M_19...
[AddIfZero] candidate 3 | function=mult_add | role=BLOCK_ITEM[0] | path=mult_add.body.block[0].branch[1].block[0] | kind=IfStatement(arms=2) | if (M_1940248684 == 0 || K_754485505 == 0) { return 0; } else { return M_1940...
[ADD_IF_ZERO_SITE] application 2: default site 0 / 4
[AddIfZero] SELECTED INDEX = 0
[AddIfZero] SELECTED | function=mult_add | role=BLOCK_ITEM[0] | path=mult_add.body.block[0] | kind=IfStatement(arms=2) | if (0) { /*@ assert false; @*/ } else { if (M_1940248684 == 0 || K_754485505 ...
[AddIfZero] WRAP class=Branch | IfStatement(arms=2) | if (0) { /*@ assert false; @*/ } else { if (M_1940248684 == 0 || K_754485505 ...
[INFO] Writing unknown.c to robustness-transformed.c
[INFO] Robustness transformation completed
[INFO] Output written to robustness-transformed.c
