[INFO] Robustness mode started
[INFO] Robustness transforms: addIfZero
[INFO] Robustness repeat: 2
[AddIfZero] candidate count = 1
[AddIfZero] candidate 0 | function=absolute | role=BLOCK_ITEM[0] | path=absolute.body.block[0] | kind=IfStatement(arms=2) | if (A_1016994270 >= 0) { return A_1016994270; } else { return -A_1016994270; }
[ADD_IF_ZERO_SITE] application 1: default site 0 / 1
[AddIfZero] SELECTED INDEX = 0
[AddIfZero] SELECTED | function=absolute | role=BLOCK_ITEM[0] | path=absolute.body.block[0] | kind=IfStatement(arms=2) | if (A_1016994270 >= 0) { return A_1016994270; } else { return -A_1016994270; }
[AddIfZero] WRAP class=Branch | IfStatement(arms=2) | if (A_1016994270 >= 0) { return A_1016994270; } else { return -A_1016994270; }
[AddIfZero] candidate count = 4
[AddIfZero] candidate 0 | function=absolute | role=BLOCK_ITEM[0] | path=absolute.body.block[0] | kind=IfStatement(arms=2) | if (0) { /*@ assert false; @*/ } else { if (A_379623433 >= 0) { return A_3796...
[AddIfZero] candidate 1 | function=absolute | role=IF_TRUE | path=absolute.body.block[0].branch[0] | kind=CompoundStatement(locals=0, items=1) | { /*@ assert false; @*/ }
[AddIfZero] candidate 2 | function=absolute | role=IF_ELSE[1] | path=absolute.body.block[0].branch[1] | kind=CompoundStatement(locals=0, items=1) | { if (A_379623433 >= 0) { return A_379623433; } else { return -A_379623433; } }
[AddIfZero] candidate 3 | function=absolute | role=BLOCK_ITEM[0] | path=absolute.body.block[0].branch[1].block[0] | kind=IfStatement(arms=2) | if (A_379623433 >= 0) { return A_379623433; } else { return -A_379623433; }
[ADD_IF_ZERO_SITE] application 2: default site 0 / 4
[AddIfZero] SELECTED INDEX = 0
[AddIfZero] SELECTED | function=absolute | role=BLOCK_ITEM[0] | path=absolute.body.block[0] | kind=IfStatement(arms=2) | if (0) { /*@ assert false; @*/ } else { if (A_379623433 >= 0) { return A_3796...
[AddIfZero] WRAP class=Branch | IfStatement(arms=2) | if (0) { /*@ assert false; @*/ } else { if (A_379623433 >= 0) { return A_3796...
[INFO] Writing unknown.c to robustness-transformed.c
[INFO] Robustness transformation completed
[INFO] Output written to robustness-transformed.c
