[INFO] Start: VerCors (at 16:12:05)
[WARN] Caching is enabled, but results will be discarded, since there were uncommitted changes at compilation time.
======================================
At vercors-interpreted-6484822007244250628.i
--------------------------------------
   12  @*/
   13  
                            [---
   14  void bubbleSort(int[] arr, int length) {
                             ---]
   15      int n;
   16      n = length;
--------------------------------------
[1/3] Parsing failed: no viable alternative at input 'voidbubbleSort(int[]arr'
--------------------------------------
At vercors-interpreted-6484822007244250628.i
--------------------------------------
   14  void bubbleSort(int[] arr, int length) {
   15      int n;
            [-
   16      n = length;
             -]
   17      if (0) {
   18          /*@ assert false; @*/
--------------------------------------
[2/3] Parsing failed: no viable alternative at input 'n='
--------------------------------------
At vercors-interpreted-6484822007244250628.i
--------------------------------------
   15      int n;
   16      n = length;
          [--
   17      if (0) {
           --]
   18          /*@ assert false; @*/
   19      } else {
--------------------------------------
[3/3] Parsing failed: mismatched input 'if' expecting {'(', '[', ';', ',', '__asm', '__attribute__'}
======================================
[INFO] Done: VerCors (at 16:12:14, duration: 00:00:09)
1 targets failed
vercors.main.run subprocess failed
