[INFO] Robustness mode started
[INFO] Robustness transforms: addIfOne
[INFO] Robustness repeat: 5
[AddIfOne] candidate count = 8
[AddIfOne] candidate 0 | function=bubble_sort | role=BLOCK_ITEM[1] | path=bubble_sort.body.block[1] | kind=LoopScope(init=Block, cond=AmbiguousLess, update=Eval, body=Scope) | { /*@ loop_invariant 0 <= I_1784752550; loop_invariant I_1784752550 <= N_7356...
[AddIfOne] candidate 1 | function=bubble_sort | role=LOOP_BODY | path=bubble_sort.body.block[1].loop.body | kind=CompoundStatement(locals=0, items=1) | { /*@ loop_invariant 0 <= J_2136445533; loop_invariant J_2136445533 <= N_7356...
[AddIfOne] candidate 2 | function=bubble_sort | role=BLOCK_ITEM[0] | path=bubble_sort.body.block[1].loop.body.block[0] | kind=LoopScope(init=Block, cond=AmbiguousLess, update=Eval, body=Scope) | { /*@ loop_invariant 0 <= J_2136445533; loop_invariant J_2136445533 <= N_7356...
[AddIfOne] candidate 3 | function=bubble_sort | role=LOOP_BODY | path=bubble_sort.body.block[1].loop.body.block[0].loop.body | kind=CompoundStatement(locals=0, items=1) | { if (Arr_977145722[J_2136445533] > Arr_977145722[J_2136445533 + 1]) { int Te...
[AddIfOne] candidate 4 | function=bubble_sort | role=BLOCK_ITEM[0] | path=bubble_sort.body.block[1].loop.body.block[0].loop.body.block[0] | kind=IfStatement(arms=1) | if (Arr_977145722[J_2136445533] > Arr_977145722[J_2136445533 + 1]) { int Temp...
[AddIfOne] candidate 5 | function=bubble_sort | role=IF_TRUE | path=bubble_sort.body.block[1].loop.body.block[0].loop.body.block[0].branch[0] | kind=CompoundStatement(locals=0, items=3) | { int Temp_709685969; Temp_709685969 = Arr_977145722[J_2136445533]; Arr_97714...
[AddIfOne] candidate 6 | function=bubble_sort | role=BLOCK_ITEM[1] | path=bubble_sort.body.block[1].loop.body.block[0].loop.body.block[0].branch[0].block[1] | kind=ExpressionStatement(expr=PreAssignExpression) | Arr_977145722[J_2136445533] = Arr_977145722[J_2136445533 + 1];
[AddIfOne] candidate 7 | function=bubble_sort | role=BLOCK_ITEM[2] | path=bubble_sort.body.block[1].loop.body.block[0].loop.body.block[0].branch[0].block[2] | kind=ExpressionStatement(expr=PreAssignExpression) | Arr_977145722[J_2136445533 + 1] = Temp_709685969;
[ADD_IF_ONE_SITE] application 1: default site 0 / 8
[AddIfOne] SELECTED INDEX = 0
[AddIfOne] SELECTED | function=bubble_sort | role=BLOCK_ITEM[1] | path=bubble_sort.body.block[1] | kind=LoopScope(init=Block, cond=AmbiguousLess, update=Eval, body=Scope) | { /*@ loop_invariant 0 <= I_1784752550; loop_invariant I_1784752550 <= N_7356...
[AddIfOne] WRAP class=Scope | LoopScope(init=Block, cond=AmbiguousLess, update=Eval, body=Scope) | { /*@ loop_invariant 0 <= I_1784752550; loop_invariant I_1784752550 <= N_7356...
[AddIfOne] candidate count = 13
[AddIfOne] candidate 0 | function=bubble_sort | role=BLOCK_ITEM[1] | path=bubble_sort.body.block[1] | kind=AssignmentStatement | N_1486395980 = Length_562249074;
[AddIfOne] candidate 1 | function=bubble_sort | role=BLOCK_ITEM[2] | path=bubble_sort.body.block[2] | kind=IfStatement(arms=2) | if (1) { /*@ loop_invariant 0 <= I_396778673; loop_invariant I_396778673 <= N...
[AddIfOne] candidate 2 | function=bubble_sort | role=IF_TRUE | path=bubble_sort.body.block[2].branch[0] | kind=CompoundStatement(locals=0, items=1) | { /*@ loop_invariant 0 <= I_396778673; loop_invariant I_396778673 <= N_148639...
[AddIfOne] candidate 3 | function=bubble_sort | role=IF_ELSE[1] | path=bubble_sort.body.block[2].branch[1] | kind=CompoundStatement(locals=0, items=1) | { /*@ assert false; @*/ }
[AddIfOne] candidate 4 | function=bubble_sort | role=BLOCK_ITEM[0] | path=bubble_sort.body.block[2].branch[0].block[0] | kind=LoopScope(init=Block, cond=AmbiguousLess, update=Eval, body=Scope) | { /*@ loop_invariant 0 <= I_396778673; loop_invariant I_396778673 <= N_148639...
[AddIfOne] candidate 5 | function=bubble_sort | role=LOOP_BODY | path=bubble_sort.body.block[2].branch[0].block[0].loop.body | kind=CompoundStatement(locals=0, items=1) | { /*@ loop_invariant 0 <= J_196417889; loop_invariant J_196417889 <= N_148639...
[AddIfOne] candidate 6 | function=bubble_sort | role=BLOCK_ITEM[0] | path=bubble_sort.body.block[2].branch[0].block[0].loop.body.block[0] | kind=LoopScope(init=Block, cond=AmbiguousLess, update=Eval, body=Scope) | { /*@ loop_invariant 0 <= J_196417889; loop_invariant J_196417889 <= N_148639...
[AddIfOne] candidate 7 | function=bubble_sort | role=LOOP_BODY | path=bubble_sort.body.block[2].branch[0].block[0].loop.body.block[0].loop.body | kind=CompoundStatement(locals=0, items=1) | { if (Arr_392407201[J_196417889] > Arr_392407201[J_196417889 + 1]) { int Temp...
[AddIfOne] candidate 8 | function=bubble_sort | role=BLOCK_ITEM[0] | path=bubble_sort.body.block[2].branch[0].block[0].loop.body.block[0].loop.body.block[0] | kind=IfStatement(arms=1) | if (Arr_392407201[J_196417889] > Arr_392407201[J_196417889 + 1]) { int Temp_8...
[AddIfOne] candidate 9 | function=bubble_sort | role=IF_TRUE | path=bubble_sort.body.block[2].branch[0].block[0].loop.body.block[0].loop.body.block[0].branch[0] | kind=CompoundStatement(locals=0, items=4) | { int Temp_800292754; Temp_800292754 = Arr_392407201[J_196417889]; Arr_392407...
[AddIfOne] candidate 10 | function=bubble_sort | role=BLOCK_ITEM[1] | path=bubble_sort.body.block[2].branch[0].block[0].loop.body.block[0].loop.body.block[0].branch[0].block[1] | kind=AssignmentStatement | Temp_800292754 = Arr_392407201[J_196417889];
[AddIfOne] candidate 11 | function=bubble_sort | role=BLOCK_ITEM[2] | path=bubble_sort.body.block[2].branch[0].block[0].loop.body.block[0].loop.body.block[0].branch[0].block[2] | kind=ExpressionStatement(expr=PreAssignExpression) | Arr_392407201[J_196417889] = Arr_392407201[J_196417889 + 1];
[AddIfOne] candidate 12 | function=bubble_sort | role=BLOCK_ITEM[3] | path=bubble_sort.body.block[2].branch[0].block[0].loop.body.block[0].loop.body.block[0].branch[0].block[3] | kind=ExpressionStatement(expr=PreAssignExpression) | Arr_392407201[J_196417889 + 1] = Temp_800292754;
[ADD_IF_ONE_SITE] application 2: default site 0 / 13
[AddIfOne] SELECTED INDEX = 0
[AddIfOne] SELECTED | function=bubble_sort | role=BLOCK_ITEM[1] | path=bubble_sort.body.block[1] | kind=AssignmentStatement | N_1486395980 = Length_562249074;
[AddIfOne] WRAP class=AssignInitial | AssignmentStatement | N_1486395980 = Length_562249074;
[AddIfOne] candidate count = 16
[AddIfOne] candidate 0 | function=bubble_sort | role=BLOCK_ITEM[1] | path=bubble_sort.body.block[1] | kind=IfStatement(arms=2) | if (1) { N_1887645147 = Length_1801330096; } else { /*@ assert false; @*/ }
[AddIfOne] candidate 1 | function=bubble_sort | role=IF_TRUE | path=bubble_sort.body.block[1].branch[0] | kind=CompoundStatement(locals=0, items=1) | { N_1887645147 = Length_1801330096; }
[AddIfOne] candidate 2 | function=bubble_sort | role=IF_ELSE[1] | path=bubble_sort.body.block[1].branch[1] | kind=CompoundStatement(locals=0, items=1) | { /*@ assert false; @*/ }
[AddIfOne] candidate 3 | function=bubble_sort | role=BLOCK_ITEM[0] | path=bubble_sort.body.block[1].branch[0].block[0] | kind=AssignmentStatement | N_1887645147 = Length_1801330096;
[AddIfOne] candidate 4 | function=bubble_sort | role=BLOCK_ITEM[2] | path=bubble_sort.body.block[2] | kind=IfStatement(arms=2) | if (1) { /*@ loop_invariant 0 <= I_296800048; loop_invariant I_296800048 <= N...
[AddIfOne] candidate 5 | function=bubble_sort | role=IF_TRUE | path=bubble_sort.body.block[2].branch[0] | kind=CompoundStatement(locals=0, items=1) | { /*@ loop_invariant 0 <= I_296800048; loop_invariant I_296800048 <= N_188764...
[AddIfOne] candidate 6 | function=bubble_sort | role=IF_ELSE[1] | path=bubble_sort.body.block[2].branch[1] | kind=CompoundStatement(locals=0, items=1) | { /*@ assert false; @*/ }
[AddIfOne] candidate 7 | function=bubble_sort | role=BLOCK_ITEM[0] | path=bubble_sort.body.block[2].branch[0].block[0] | kind=LoopScope(init=Block, cond=AmbiguousLess, update=Eval, body=Scope) | { /*@ loop_invariant 0 <= I_296800048; loop_invariant I_296800048 <= N_188764...
[AddIfOne] candidate 8 | function=bubble_sort | role=LOOP_BODY | path=bubble_sort.body.block[2].branch[0].block[0].loop.body | kind=CompoundStatement(locals=0, items=1) | { /*@ loop_invariant 0 <= J_1114928546; loop_invariant J_1114928546 <= N_1887...
[AddIfOne] candidate 9 | function=bubble_sort | role=BLOCK_ITEM[0] | path=bubble_sort.body.block[2].branch[0].block[0].loop.body.block[0] | kind=LoopScope(init=Block, cond=AmbiguousLess, update=Eval, body=Scope) | { /*@ loop_invariant 0 <= J_1114928546; loop_invariant J_1114928546 <= N_1887...
[AddIfOne] candidate 10 | function=bubble_sort | role=LOOP_BODY | path=bubble_sort.body.block[2].branch[0].block[0].loop.body.block[0].loop.body | kind=CompoundStatement(locals=0, items=1) | { if (Arr_737174978[J_1114928546] > Arr_737174978[J_1114928546 + 1]) { int Te...
[AddIfOne] candidate 11 | function=bubble_sort | role=BLOCK_ITEM[0] | path=bubble_sort.body.block[2].branch[0].block[0].loop.body.block[0].loop.body.block[0] | kind=IfStatement(arms=1) | if (Arr_737174978[J_1114928546] > Arr_737174978[J_1114928546 + 1]) { int Temp...
[AddIfOne] candidate 12 | function=bubble_sort | role=IF_TRUE | path=bubble_sort.body.block[2].branch[0].block[0].loop.body.block[0].loop.body.block[0].branch[0] | kind=CompoundStatement(locals=0, items=4) | { int Temp_811093649; Temp_811093649 = Arr_737174978[J_1114928546]; Arr_73717...
[AddIfOne] candidate 13 | function=bubble_sort | role=BLOCK_ITEM[1] | path=bubble_sort.body.block[2].branch[0].block[0].loop.body.block[0].loop.body.block[0].branch[0].block[1] | kind=AssignmentStatement | Temp_811093649 = Arr_737174978[J_1114928546];
[AddIfOne] candidate 14 | function=bubble_sort | role=BLOCK_ITEM[2] | path=bubble_sort.body.block[2].branch[0].block[0].loop.body.block[0].loop.body.block[0].branch[0].block[2] | kind=ExpressionStatement(expr=PreAssignExpression) | Arr_737174978[J_1114928546] = Arr_737174978[J_1114928546 + 1];
[AddIfOne] candidate 15 | function=bubble_sort | role=BLOCK_ITEM[3] | path=bubble_sort.body.block[2].branch[0].block[0].loop.body.block[0].loop.body.block[0].branch[0].block[3] | kind=ExpressionStatement(expr=PreAssignExpression) | Arr_737174978[J_1114928546 + 1] = Temp_811093649;
[ADD_IF_ONE_SITE] application 3: default site 0 / 16
[AddIfOne] SELECTED INDEX = 0
[AddIfOne] SELECTED | function=bubble_sort | role=BLOCK_ITEM[1] | path=bubble_sort.body.block[1] | kind=IfStatement(arms=2) | if (1) { N_1887645147 = Length_1801330096; } else { /*@ assert false; @*/ }
[AddIfOne] WRAP class=Branch | IfStatement(arms=2) | if (1) { N_1887645147 = Length_1801330096; } else { /*@ assert false; @*/ }
[AddIfOne] candidate count = 19
[AddIfOne] candidate 0 | function=bubble_sort | role=BLOCK_ITEM[1] | path=bubble_sort.body.block[1] | kind=IfStatement(arms=2) | if (1) { if (1) { N_188223892 = Length_688454688; } else { /*@ assert false; ...
[AddIfOne] candidate 1 | function=bubble_sort | role=IF_TRUE | path=bubble_sort.body.block[1].branch[0] | kind=CompoundStatement(locals=0, items=1) | { if (1) { N_188223892 = Length_688454688; } else { /*@ assert false; @*/ } }
[AddIfOne] candidate 2 | function=bubble_sort | role=IF_ELSE[1] | path=bubble_sort.body.block[1].branch[1] | kind=CompoundStatement(locals=0, items=1) | { /*@ assert false; @*/ }
[AddIfOne] candidate 3 | function=bubble_sort | role=BLOCK_ITEM[0] | path=bubble_sort.body.block[1].branch[0].block[0] | kind=IfStatement(arms=2) | if (1) { N_188223892 = Length_688454688; } else { /*@ assert false; @*/ }
[AddIfOne] candidate 4 | function=bubble_sort | role=IF_TRUE | path=bubble_sort.body.block[1].branch[0].block[0].branch[0] | kind=CompoundStatement(locals=0, items=1) | { N_188223892 = Length_688454688; }
[AddIfOne] candidate 5 | function=bubble_sort | role=IF_ELSE[1] | path=bubble_sort.body.block[1].branch[0].block[0].branch[1] | kind=CompoundStatement(locals=0, items=1) | { /*@ assert false; @*/ }
[AddIfOne] candidate 6 | function=bubble_sort | role=BLOCK_ITEM[0] | path=bubble_sort.body.block[1].branch[0].block[0].branch[0].block[0] | kind=AssignmentStatement | N_188223892 = Length_688454688;
[AddIfOne] candidate 7 | function=bubble_sort | role=BLOCK_ITEM[2] | path=bubble_sort.body.block[2] | kind=IfStatement(arms=2) | if (1) { /*@ loop_invariant 0 <= I_294252921; loop_invariant I_294252921 <= N...
[AddIfOne] candidate 8 | function=bubble_sort | role=IF_TRUE | path=bubble_sort.body.block[2].branch[0] | kind=CompoundStatement(locals=0, items=1) | { /*@ loop_invariant 0 <= I_294252921; loop_invariant I_294252921 <= N_188223...
[AddIfOne] candidate 9 | function=bubble_sort | role=IF_ELSE[1] | path=bubble_sort.body.block[2].branch[1] | kind=CompoundStatement(locals=0, items=1) | { /*@ assert false; @*/ }
[AddIfOne] candidate 10 | function=bubble_sort | role=BLOCK_ITEM[0] | path=bubble_sort.body.block[2].branch[0].block[0] | kind=LoopScope(init=Block, cond=AmbiguousLess, update=Eval, body=Scope) | { /*@ loop_invariant 0 <= I_294252921; loop_invariant I_294252921 <= N_188223...
[AddIfOne] candidate 11 | function=bubble_sort | role=LOOP_BODY | path=bubble_sort.body.block[2].branch[0].block[0].loop.body | kind=CompoundStatement(locals=0, items=1) | { /*@ loop_invariant 0 <= J_1419218456; loop_invariant J_1419218456 <= N_1882...
[AddIfOne] candidate 12 | function=bubble_sort | role=BLOCK_ITEM[0] | path=bubble_sort.body.block[2].branch[0].block[0].loop.body.block[0] | kind=LoopScope(init=Block, cond=AmbiguousLess, update=Eval, body=Scope) | { /*@ loop_invariant 0 <= J_1419218456; loop_invariant J_1419218456 <= N_1882...
[AddIfOne] candidate 13 | function=bubble_sort | role=LOOP_BODY | path=bubble_sort.body.block[2].branch[0].block[0].loop.body.block[0].loop.body | kind=CompoundStatement(locals=0, items=1) | { if (Arr_526942639[J_1419218456] > Arr_526942639[J_1419218456 + 1]) { int Te...
[AddIfOne] candidate 14 | function=bubble_sort | role=BLOCK_ITEM[0] | path=bubble_sort.body.block[2].branch[0].block[0].loop.body.block[0].loop.body.block[0] | kind=IfStatement(arms=1) | if (Arr_526942639[J_1419218456] > Arr_526942639[J_1419218456 + 1]) { int Temp...
[AddIfOne] candidate 15 | function=bubble_sort | role=IF_TRUE | path=bubble_sort.body.block[2].branch[0].block[0].loop.body.block[0].loop.body.block[0].branch[0] | kind=CompoundStatement(locals=0, items=4) | { int Temp_1911527326; Temp_1911527326 = Arr_526942639[J_1419218456]; Arr_526...
[AddIfOne] candidate 16 | function=bubble_sort | role=BLOCK_ITEM[1] | path=bubble_sort.body.block[2].branch[0].block[0].loop.body.block[0].loop.body.block[0].branch[0].block[1] | kind=AssignmentStatement | Temp_1911527326 = Arr_526942639[J_1419218456];
[AddIfOne] candidate 17 | function=bubble_sort | role=BLOCK_ITEM[2] | path=bubble_sort.body.block[2].branch[0].block[0].loop.body.block[0].loop.body.block[0].branch[0].block[2] | kind=ExpressionStatement(expr=PreAssignExpression) | Arr_526942639[J_1419218456] = Arr_526942639[J_1419218456 + 1];
[AddIfOne] candidate 18 | function=bubble_sort | role=BLOCK_ITEM[3] | path=bubble_sort.body.block[2].branch[0].block[0].loop.body.block[0].loop.body.block[0].branch[0].block[3] | kind=ExpressionStatement(expr=PreAssignExpression) | Arr_526942639[J_1419218456 + 1] = Temp_1911527326;
[ADD_IF_ONE_SITE] application 4: default site 0 / 19
[AddIfOne] SELECTED INDEX = 0
[AddIfOne] SELECTED | function=bubble_sort | role=BLOCK_ITEM[1] | path=bubble_sort.body.block[1] | kind=IfStatement(arms=2) | if (1) { if (1) { N_188223892 = Length_688454688; } else { /*@ assert false; ...
[AddIfOne] WRAP class=Branch | IfStatement(arms=2) | if (1) { if (1) { N_188223892 = Length_688454688; } else { /*@ assert false; ...
[AddIfOne] candidate count = 22
[AddIfOne] candidate 0 | function=bubble_sort | role=BLOCK_ITEM[1] | path=bubble_sort.body.block[1] | kind=IfStatement(arms=2) | if (1) { if (1) { if (1) { N_749543741 = Length_1412901635; } else { /*@ asse...
[AddIfOne] candidate 1 | function=bubble_sort | role=IF_TRUE | path=bubble_sort.body.block[1].branch[0] | kind=CompoundStatement(locals=0, items=1) | { if (1) { if (1) { N_749543741 = Length_1412901635; } else { /*@ assert fals...
[AddIfOne] candidate 2 | function=bubble_sort | role=IF_ELSE[1] | path=bubble_sort.body.block[1].branch[1] | kind=CompoundStatement(locals=0, items=1) | { /*@ assert false; @*/ }
[AddIfOne] candidate 3 | function=bubble_sort | role=BLOCK_ITEM[0] | path=bubble_sort.body.block[1].branch[0].block[0] | kind=IfStatement(arms=2) | if (1) { if (1) { N_749543741 = Length_1412901635; } else { /*@ assert false;...
[AddIfOne] candidate 4 | function=bubble_sort | role=IF_TRUE | path=bubble_sort.body.block[1].branch[0].block[0].branch[0] | kind=CompoundStatement(locals=0, items=1) | { if (1) { N_749543741 = Length_1412901635; } else { /*@ assert false; @*/ } }
[AddIfOne] candidate 5 | function=bubble_sort | role=IF_ELSE[1] | path=bubble_sort.body.block[1].branch[0].block[0].branch[1] | kind=CompoundStatement(locals=0, items=1) | { /*@ assert false; @*/ }
[AddIfOne] candidate 6 | function=bubble_sort | role=BLOCK_ITEM[0] | path=bubble_sort.body.block[1].branch[0].block[0].branch[0].block[0] | kind=IfStatement(arms=2) | if (1) { N_749543741 = Length_1412901635; } else { /*@ assert false; @*/ }
[AddIfOne] candidate 7 | function=bubble_sort | role=IF_TRUE | path=bubble_sort.body.block[1].branch[0].block[0].branch[0].block[0].branch[0] | kind=CompoundStatement(locals=0, items=1) | { N_749543741 = Length_1412901635; }
[AddIfOne] candidate 8 | function=bubble_sort | role=IF_ELSE[1] | path=bubble_sort.body.block[1].branch[0].block[0].branch[0].block[0].branch[1] | kind=CompoundStatement(locals=0, items=1) | { /*@ assert false; @*/ }
[AddIfOne] candidate 9 | function=bubble_sort | role=BLOCK_ITEM[0] | path=bubble_sort.body.block[1].branch[0].block[0].branch[0].block[0].branch[0].block[0] | kind=AssignmentStatement | N_749543741 = Length_1412901635;
[AddIfOne] candidate 10 | function=bubble_sort | role=BLOCK_ITEM[2] | path=bubble_sort.body.block[2] | kind=IfStatement(arms=2) | if (1) { /*@ loop_invariant 0 <= I_798696622; loop_invariant I_798696622 <= N...
[AddIfOne] candidate 11 | function=bubble_sort | role=IF_TRUE | path=bubble_sort.body.block[2].branch[0] | kind=CompoundStatement(locals=0, items=1) | { /*@ loop_invariant 0 <= I_798696622; loop_invariant I_798696622 <= N_749543...
[AddIfOne] candidate 12 | function=bubble_sort | role=IF_ELSE[1] | path=bubble_sort.body.block[2].branch[1] | kind=CompoundStatement(locals=0, items=1) | { /*@ assert false; @*/ }
[AddIfOne] candidate 13 | function=bubble_sort | role=BLOCK_ITEM[0] | path=bubble_sort.body.block[2].branch[0].block[0] | kind=LoopScope(init=Block, cond=AmbiguousLess, update=Eval, body=Scope) | { /*@ loop_invariant 0 <= I_798696622; loop_invariant I_798696622 <= N_749543...
[AddIfOne] candidate 14 | function=bubble_sort | role=LOOP_BODY | path=bubble_sort.body.block[2].branch[0].block[0].loop.body | kind=CompoundStatement(locals=0, items=1) | { /*@ loop_invariant 0 <= J_1797367913; loop_invariant J_1797367913 <= N_7495...
[AddIfOne] candidate 15 | function=bubble_sort | role=BLOCK_ITEM[0] | path=bubble_sort.body.block[2].branch[0].block[0].loop.body.block[0] | kind=LoopScope(init=Block, cond=AmbiguousLess, update=Eval, body=Scope) | { /*@ loop_invariant 0 <= J_1797367913; loop_invariant J_1797367913 <= N_7495...
[AddIfOne] candidate 16 | function=bubble_sort | role=LOOP_BODY | path=bubble_sort.body.block[2].branch[0].block[0].loop.body.block[0].loop.body | kind=CompoundStatement(locals=0, items=1) | { if (Arr_776001785[J_1797367913] > Arr_776001785[J_1797367913 + 1]) { int Te...
[AddIfOne] candidate 17 | function=bubble_sort | role=BLOCK_ITEM[0] | path=bubble_sort.body.block[2].branch[0].block[0].loop.body.block[0].loop.body.block[0] | kind=IfStatement(arms=1) | if (Arr_776001785[J_1797367913] > Arr_776001785[J_1797367913 + 1]) { int Temp...
[AddIfOne] candidate 18 | function=bubble_sort | role=IF_TRUE | path=bubble_sort.body.block[2].branch[0].block[0].loop.body.block[0].loop.body.block[0].branch[0] | kind=CompoundStatement(locals=0, items=4) | { int Temp_1136820481; Temp_1136820481 = Arr_776001785[J_1797367913]; Arr_776...
[AddIfOne] candidate 19 | function=bubble_sort | role=BLOCK_ITEM[1] | path=bubble_sort.body.block[2].branch[0].block[0].loop.body.block[0].loop.body.block[0].branch[0].block[1] | kind=AssignmentStatement | Temp_1136820481 = Arr_776001785[J_1797367913];
[AddIfOne] candidate 20 | function=bubble_sort | role=BLOCK_ITEM[2] | path=bubble_sort.body.block[2].branch[0].block[0].loop.body.block[0].loop.body.block[0].branch[0].block[2] | kind=ExpressionStatement(expr=PreAssignExpression) | Arr_776001785[J_1797367913] = Arr_776001785[J_1797367913 + 1];
[AddIfOne] candidate 21 | function=bubble_sort | role=BLOCK_ITEM[3] | path=bubble_sort.body.block[2].branch[0].block[0].loop.body.block[0].loop.body.block[0].branch[0].block[3] | kind=ExpressionStatement(expr=PreAssignExpression) | Arr_776001785[J_1797367913 + 1] = Temp_1136820481;
[ADD_IF_ONE_SITE] application 5: default site 0 / 22
[AddIfOne] SELECTED INDEX = 0
[AddIfOne] SELECTED | function=bubble_sort | role=BLOCK_ITEM[1] | path=bubble_sort.body.block[1] | kind=IfStatement(arms=2) | if (1) { if (1) { if (1) { N_749543741 = Length_1412901635; } else { /*@ asse...
[AddIfOne] WRAP class=Branch | IfStatement(arms=2) | if (1) { if (1) { if (1) { N_749543741 = Length_1412901635; } else { /*@ asse...
[INFO] Writing unknown.c to robustness-transformed.c
[INFO] Robustness transformation completed
[INFO] Output written to robustness-transformed.c
