[INFO] Robustness mode started
[INFO] Robustness transforms: addIfOne
[INFO] Robustness repeat: 5
[AddIfOne] candidate count = 5
[AddIfOne] candidate 0 | function=is_biggest | role=BLOCK_ITEM[2] | path=is_biggest.body.block[2] | kind=LoopScope(init=Eval, cond=AmbiguousLess, update=Eval, body=Scope) | { /*@ loop_invariant 1 <= I_766469387; loop_invariant I_766469387 <= Length_1...
[AddIfOne] candidate 1 | function=is_biggest | role=LOOP_BODY | path=is_biggest.body.block[2].loop.body | kind=CompoundStatement(locals=0, items=1) | { if (Arr_265318712[I_766469387] > Biggest_1393647328) { Biggest_1393647328 =...
[AddIfOne] candidate 2 | function=is_biggest | role=BLOCK_ITEM[0] | path=is_biggest.body.block[2].loop.body.block[0] | kind=IfStatement(arms=1) | if (Arr_265318712[I_766469387] > Biggest_1393647328) { Biggest_1393647328 = A...
[AddIfOne] candidate 3 | function=is_biggest | role=IF_TRUE | path=is_biggest.body.block[2].loop.body.block[0].branch[0] | kind=CompoundStatement(locals=0, items=1) | { Biggest_1393647328 = Arr_265318712[I_766469387]; }
[AddIfOne] candidate 4 | function=is_biggest | role=BLOCK_ITEM[0] | path=is_biggest.body.block[2].loop.body.block[0].branch[0].block[0] | kind=ExpressionStatement(expr=PreAssignExpression) | Biggest_1393647328 = Arr_265318712[I_766469387];
[ADD_IF_ONE_SITE] application 1: default site 0 / 5
[AddIfOne] SELECTED INDEX = 0
[AddIfOne] SELECTED | function=is_biggest | role=BLOCK_ITEM[2] | path=is_biggest.body.block[2] | kind=LoopScope(init=Eval, cond=AmbiguousLess, update=Eval, body=Scope) | { /*@ loop_invariant 1 <= I_766469387; loop_invariant I_766469387 <= Length_1...
[AddIfOne] WRAP class=Scope | LoopScope(init=Eval, cond=AmbiguousLess, update=Eval, body=Scope) | { /*@ loop_invariant 1 <= I_766469387; loop_invariant I_766469387 <= Length_1...
[AddIfOne] candidate count = 9
[AddIfOne] candidate 0 | function=is_biggest | role=BLOCK_ITEM[1] | path=is_biggest.body.block[1] | kind=AssignmentStatement | Biggest_1478339046 = Arr_470918294[0];
[AddIfOne] candidate 1 | function=is_biggest | role=BLOCK_ITEM[3] | path=is_biggest.body.block[3] | kind=IfStatement(arms=2) | if (1) { /*@ loop_invariant 1 <= I_1654047108; loop_invariant I_1654047108 <=...
[AddIfOne] candidate 2 | function=is_biggest | role=IF_TRUE | path=is_biggest.body.block[3].branch[0] | kind=CompoundStatement(locals=0, items=1) | { /*@ loop_invariant 1 <= I_1654047108; loop_invariant I_1654047108 <= Length...
[AddIfOne] candidate 3 | function=is_biggest | role=IF_ELSE[1] | path=is_biggest.body.block[3].branch[1] | kind=CompoundStatement(locals=0, items=1) | { /*@ assert false; @*/ }
[AddIfOne] candidate 4 | function=is_biggest | role=BLOCK_ITEM[0] | path=is_biggest.body.block[3].branch[0].block[0] | kind=LoopScope(init=Eval, cond=AmbiguousLess, update=Eval, body=Scope) | { /*@ loop_invariant 1 <= I_1654047108; loop_invariant I_1654047108 <= Length...
[AddIfOne] candidate 5 | function=is_biggest | role=LOOP_BODY | path=is_biggest.body.block[3].branch[0].block[0].loop.body | kind=CompoundStatement(locals=0, items=1) | { if (Arr_470918294[I_1654047108] > Biggest_1478339046) { Biggest_1478339046 ...
[AddIfOne] candidate 6 | function=is_biggest | role=BLOCK_ITEM[0] | path=is_biggest.body.block[3].branch[0].block[0].loop.body.block[0] | kind=IfStatement(arms=1) | if (Arr_470918294[I_1654047108] > Biggest_1478339046) { Biggest_1478339046 = ...
[AddIfOne] candidate 7 | function=is_biggest | role=IF_TRUE | path=is_biggest.body.block[3].branch[0].block[0].loop.body.block[0].branch[0] | kind=CompoundStatement(locals=0, items=1) | { Biggest_1478339046 = Arr_470918294[I_1654047108]; }
[AddIfOne] candidate 8 | function=is_biggest | role=BLOCK_ITEM[0] | path=is_biggest.body.block[3].branch[0].block[0].loop.body.block[0].branch[0].block[0] | kind=ExpressionStatement(expr=PreAssignExpression) | Biggest_1478339046 = Arr_470918294[I_1654047108];
[ADD_IF_ONE_SITE] application 2: default site 0 / 9
[AddIfOne] SELECTED INDEX = 0
[AddIfOne] SELECTED | function=is_biggest | role=BLOCK_ITEM[1] | path=is_biggest.body.block[1] | kind=AssignmentStatement | Biggest_1478339046 = Arr_470918294[0];
[AddIfOne] WRAP class=AssignInitial | AssignmentStatement | Biggest_1478339046 = Arr_470918294[0];
[AddIfOne] candidate count = 12
[AddIfOne] candidate 0 | function=is_biggest | role=BLOCK_ITEM[1] | path=is_biggest.body.block[1] | kind=IfStatement(arms=2) | if (1) { Biggest_1709586930 = Arr_1419880104[0]; } else { /*@ assert false; @...
[AddIfOne] candidate 1 | function=is_biggest | role=IF_TRUE | path=is_biggest.body.block[1].branch[0] | kind=CompoundStatement(locals=0, items=1) | { Biggest_1709586930 = Arr_1419880104[0]; }
[AddIfOne] candidate 2 | function=is_biggest | role=IF_ELSE[1] | path=is_biggest.body.block[1].branch[1] | kind=CompoundStatement(locals=0, items=1) | { /*@ assert false; @*/ }
[AddIfOne] candidate 3 | function=is_biggest | role=BLOCK_ITEM[0] | path=is_biggest.body.block[1].branch[0].block[0] | kind=AssignmentStatement | Biggest_1709586930 = Arr_1419880104[0];
[AddIfOne] candidate 4 | function=is_biggest | role=BLOCK_ITEM[3] | path=is_biggest.body.block[3] | kind=IfStatement(arms=2) | if (1) { /*@ loop_invariant 1 <= I_2092597907; loop_invariant I_2092597907 <=...
[AddIfOne] candidate 5 | function=is_biggest | role=IF_TRUE | path=is_biggest.body.block[3].branch[0] | kind=CompoundStatement(locals=0, items=1) | { /*@ loop_invariant 1 <= I_2092597907; loop_invariant I_2092597907 <= Length...
[AddIfOne] candidate 6 | function=is_biggest | role=IF_ELSE[1] | path=is_biggest.body.block[3].branch[1] | kind=CompoundStatement(locals=0, items=1) | { /*@ assert false; @*/ }
[AddIfOne] candidate 7 | function=is_biggest | role=BLOCK_ITEM[0] | path=is_biggest.body.block[3].branch[0].block[0] | kind=LoopScope(init=Eval, cond=AmbiguousLess, update=Eval, body=Scope) | { /*@ loop_invariant 1 <= I_2092597907; loop_invariant I_2092597907 <= Length...
[AddIfOne] candidate 8 | function=is_biggest | role=LOOP_BODY | path=is_biggest.body.block[3].branch[0].block[0].loop.body | kind=CompoundStatement(locals=0, items=1) | { if (Arr_1419880104[I_2092597907] > Biggest_1709586930) { Biggest_1709586930...
[AddIfOne] candidate 9 | function=is_biggest | role=BLOCK_ITEM[0] | path=is_biggest.body.block[3].branch[0].block[0].loop.body.block[0] | kind=IfStatement(arms=1) | if (Arr_1419880104[I_2092597907] > Biggest_1709586930) { Biggest_1709586930 =...
[AddIfOne] candidate 10 | function=is_biggest | role=IF_TRUE | path=is_biggest.body.block[3].branch[0].block[0].loop.body.block[0].branch[0] | kind=CompoundStatement(locals=0, items=1) | { Biggest_1709586930 = Arr_1419880104[I_2092597907]; }
[AddIfOne] candidate 11 | function=is_biggest | role=BLOCK_ITEM[0] | path=is_biggest.body.block[3].branch[0].block[0].loop.body.block[0].branch[0].block[0] | kind=ExpressionStatement(expr=PreAssignExpression) | Biggest_1709586930 = Arr_1419880104[I_2092597907];
[ADD_IF_ONE_SITE] application 3: default site 0 / 12
[AddIfOne] SELECTED INDEX = 0
[AddIfOne] SELECTED | function=is_biggest | role=BLOCK_ITEM[1] | path=is_biggest.body.block[1] | kind=IfStatement(arms=2) | if (1) { Biggest_1709586930 = Arr_1419880104[0]; } else { /*@ assert false; @...
[AddIfOne] WRAP class=Branch | IfStatement(arms=2) | if (1) { Biggest_1709586930 = Arr_1419880104[0]; } else { /*@ assert false; @...
[AddIfOne] candidate count = 15
[AddIfOne] candidate 0 | function=is_biggest | role=BLOCK_ITEM[1] | path=is_biggest.body.block[1] | kind=IfStatement(arms=2) | if (1) { if (1) { Biggest_742474488 = Arr_2130235323[0]; } else { /*@ assert ...
[AddIfOne] candidate 1 | function=is_biggest | role=IF_TRUE | path=is_biggest.body.block[1].branch[0] | kind=CompoundStatement(locals=0, items=1) | { if (1) { Biggest_742474488 = Arr_2130235323[0]; } else { /*@ assert false; ...
[AddIfOne] candidate 2 | function=is_biggest | role=IF_ELSE[1] | path=is_biggest.body.block[1].branch[1] | kind=CompoundStatement(locals=0, items=1) | { /*@ assert false; @*/ }
[AddIfOne] candidate 3 | function=is_biggest | role=BLOCK_ITEM[0] | path=is_biggest.body.block[1].branch[0].block[0] | kind=IfStatement(arms=2) | if (1) { Biggest_742474488 = Arr_2130235323[0]; } else { /*@ assert false; @*/ }
[AddIfOne] candidate 4 | function=is_biggest | role=IF_TRUE | path=is_biggest.body.block[1].branch[0].block[0].branch[0] | kind=CompoundStatement(locals=0, items=1) | { Biggest_742474488 = Arr_2130235323[0]; }
[AddIfOne] candidate 5 | function=is_biggest | role=IF_ELSE[1] | path=is_biggest.body.block[1].branch[0].block[0].branch[1] | kind=CompoundStatement(locals=0, items=1) | { /*@ assert false; @*/ }
[AddIfOne] candidate 6 | function=is_biggest | role=BLOCK_ITEM[0] | path=is_biggest.body.block[1].branch[0].block[0].branch[0].block[0] | kind=AssignmentStatement | Biggest_742474488 = Arr_2130235323[0];
[AddIfOne] candidate 7 | function=is_biggest | role=BLOCK_ITEM[3] | path=is_biggest.body.block[3] | kind=IfStatement(arms=2) | if (1) { /*@ loop_invariant 1 <= I_399752969; loop_invariant I_399752969 <= L...
[AddIfOne] candidate 8 | function=is_biggest | role=IF_TRUE | path=is_biggest.body.block[3].branch[0] | kind=CompoundStatement(locals=0, items=1) | { /*@ loop_invariant 1 <= I_399752969; loop_invariant I_399752969 <= Length_1...
[AddIfOne] candidate 9 | function=is_biggest | role=IF_ELSE[1] | path=is_biggest.body.block[3].branch[1] | kind=CompoundStatement(locals=0, items=1) | { /*@ assert false; @*/ }
[AddIfOne] candidate 10 | function=is_biggest | role=BLOCK_ITEM[0] | path=is_biggest.body.block[3].branch[0].block[0] | kind=LoopScope(init=Eval, cond=AmbiguousLess, update=Eval, body=Scope) | { /*@ loop_invariant 1 <= I_399752969; loop_invariant I_399752969 <= Length_1...
[AddIfOne] candidate 11 | function=is_biggest | role=LOOP_BODY | path=is_biggest.body.block[3].branch[0].block[0].loop.body | kind=CompoundStatement(locals=0, items=1) | { if (Arr_2130235323[I_399752969] > Biggest_742474488) { Biggest_742474488 = ...
[AddIfOne] candidate 12 | function=is_biggest | role=BLOCK_ITEM[0] | path=is_biggest.body.block[3].branch[0].block[0].loop.body.block[0] | kind=IfStatement(arms=1) | if (Arr_2130235323[I_399752969] > Biggest_742474488) { Biggest_742474488 = Ar...
[AddIfOne] candidate 13 | function=is_biggest | role=IF_TRUE | path=is_biggest.body.block[3].branch[0].block[0].loop.body.block[0].branch[0] | kind=CompoundStatement(locals=0, items=1) | { Biggest_742474488 = Arr_2130235323[I_399752969]; }
[AddIfOne] candidate 14 | function=is_biggest | role=BLOCK_ITEM[0] | path=is_biggest.body.block[3].branch[0].block[0].loop.body.block[0].branch[0].block[0] | kind=ExpressionStatement(expr=PreAssignExpression) | Biggest_742474488 = Arr_2130235323[I_399752969];
[ADD_IF_ONE_SITE] application 4: default site 0 / 15
[AddIfOne] SELECTED INDEX = 0
[AddIfOne] SELECTED | function=is_biggest | role=BLOCK_ITEM[1] | path=is_biggest.body.block[1] | kind=IfStatement(arms=2) | if (1) { if (1) { Biggest_742474488 = Arr_2130235323[0]; } else { /*@ assert ...
[AddIfOne] WRAP class=Branch | IfStatement(arms=2) | if (1) { if (1) { Biggest_742474488 = Arr_2130235323[0]; } else { /*@ assert ...
[AddIfOne] candidate count = 18
[AddIfOne] candidate 0 | function=is_biggest | role=BLOCK_ITEM[1] | path=is_biggest.body.block[1] | kind=IfStatement(arms=2) | if (1) { if (1) { if (1) { Biggest_1090332103 = Arr_416184434[0]; } else { /*...
[AddIfOne] candidate 1 | function=is_biggest | role=IF_TRUE | path=is_biggest.body.block[1].branch[0] | kind=CompoundStatement(locals=0, items=1) | { if (1) { if (1) { Biggest_1090332103 = Arr_416184434[0]; } else { /*@ asser...
[AddIfOne] candidate 2 | function=is_biggest | role=IF_ELSE[1] | path=is_biggest.body.block[1].branch[1] | kind=CompoundStatement(locals=0, items=1) | { /*@ assert false; @*/ }
[AddIfOne] candidate 3 | function=is_biggest | role=BLOCK_ITEM[0] | path=is_biggest.body.block[1].branch[0].block[0] | kind=IfStatement(arms=2) | if (1) { if (1) { Biggest_1090332103 = Arr_416184434[0]; } else { /*@ assert ...
[AddIfOne] candidate 4 | function=is_biggest | role=IF_TRUE | path=is_biggest.body.block[1].branch[0].block[0].branch[0] | kind=CompoundStatement(locals=0, items=1) | { if (1) { Biggest_1090332103 = Arr_416184434[0]; } else { /*@ assert false; ...
[AddIfOne] candidate 5 | function=is_biggest | role=IF_ELSE[1] | path=is_biggest.body.block[1].branch[0].block[0].branch[1] | kind=CompoundStatement(locals=0, items=1) | { /*@ assert false; @*/ }
[AddIfOne] candidate 6 | function=is_biggest | role=BLOCK_ITEM[0] | path=is_biggest.body.block[1].branch[0].block[0].branch[0].block[0] | kind=IfStatement(arms=2) | if (1) { Biggest_1090332103 = Arr_416184434[0]; } else { /*@ assert false; @*/ }
[AddIfOne] candidate 7 | function=is_biggest | role=IF_TRUE | path=is_biggest.body.block[1].branch[0].block[0].branch[0].block[0].branch[0] | kind=CompoundStatement(locals=0, items=1) | { Biggest_1090332103 = Arr_416184434[0]; }
[AddIfOne] candidate 8 | function=is_biggest | role=IF_ELSE[1] | path=is_biggest.body.block[1].branch[0].block[0].branch[0].block[0].branch[1] | kind=CompoundStatement(locals=0, items=1) | { /*@ assert false; @*/ }
[AddIfOne] candidate 9 | function=is_biggest | role=BLOCK_ITEM[0] | path=is_biggest.body.block[1].branch[0].block[0].branch[0].block[0].branch[0].block[0] | kind=AssignmentStatement | Biggest_1090332103 = Arr_416184434[0];
[AddIfOne] candidate 10 | function=is_biggest | role=BLOCK_ITEM[3] | path=is_biggest.body.block[3] | kind=IfStatement(arms=2) | if (1) { /*@ loop_invariant 1 <= I_20366246; loop_invariant I_20366246 <= Len...
[AddIfOne] candidate 11 | function=is_biggest | role=IF_TRUE | path=is_biggest.body.block[3].branch[0] | kind=CompoundStatement(locals=0, items=1) | { /*@ loop_invariant 1 <= I_20366246; loop_invariant I_20366246 <= Length_142...
[AddIfOne] candidate 12 | function=is_biggest | role=IF_ELSE[1] | path=is_biggest.body.block[3].branch[1] | kind=CompoundStatement(locals=0, items=1) | { /*@ assert false; @*/ }
[AddIfOne] candidate 13 | function=is_biggest | role=BLOCK_ITEM[0] | path=is_biggest.body.block[3].branch[0].block[0] | kind=LoopScope(init=Eval, cond=AmbiguousLess, update=Eval, body=Scope) | { /*@ loop_invariant 1 <= I_20366246; loop_invariant I_20366246 <= Length_142...
[AddIfOne] candidate 14 | function=is_biggest | role=LOOP_BODY | path=is_biggest.body.block[3].branch[0].block[0].loop.body | kind=CompoundStatement(locals=0, items=1) | { if (Arr_416184434[I_20366246] > Biggest_1090332103) { Biggest_1090332103 = ...
[AddIfOne] candidate 15 | function=is_biggest | role=BLOCK_ITEM[0] | path=is_biggest.body.block[3].branch[0].block[0].loop.body.block[0] | kind=IfStatement(arms=1) | if (Arr_416184434[I_20366246] > Biggest_1090332103) { Biggest_1090332103 = Ar...
[AddIfOne] candidate 16 | function=is_biggest | role=IF_TRUE | path=is_biggest.body.block[3].branch[0].block[0].loop.body.block[0].branch[0] | kind=CompoundStatement(locals=0, items=1) | { Biggest_1090332103 = Arr_416184434[I_20366246]; }
[AddIfOne] candidate 17 | function=is_biggest | role=BLOCK_ITEM[0] | path=is_biggest.body.block[3].branch[0].block[0].loop.body.block[0].branch[0].block[0] | kind=ExpressionStatement(expr=PreAssignExpression) | Biggest_1090332103 = Arr_416184434[I_20366246];
[ADD_IF_ONE_SITE] application 5: default site 0 / 18
[AddIfOne] SELECTED INDEX = 0
[AddIfOne] SELECTED | function=is_biggest | role=BLOCK_ITEM[1] | path=is_biggest.body.block[1] | kind=IfStatement(arms=2) | if (1) { if (1) { if (1) { Biggest_1090332103 = Arr_416184434[0]; } else { /*...
[AddIfOne] WRAP class=Branch | IfStatement(arms=2) | if (1) { if (1) { if (1) { Biggest_1090332103 = Arr_416184434[0]; } else { /*...
[INFO] Writing unknown.c to robustness-transformed.c
[INFO] Robustness transformation completed
[INFO] Output written to robustness-transformed.c
