[INFO] Robustness mode started
[INFO] Robustness mode: spin (random kind + random site)
[INFO] Robustness spin seed: 42
[INFO] Robustness spin pool: addIfZero,addIfOne,robustnessForLoopToWhileLoop
[INFO] Robustness transforms: addIfZero,addIfOne,robustnessForLoopToWhileLoop
[INFO] Robustness repeat: 5
[RobustnessSpin] round 1: for-to-while has 0 candidates, retry
[RobustnessSpin] round 1: add-if-zero: 0 / 1
[AddIfZero] candidate count = 1
[AddIfZero] candidate 0 | function=mult_add | role=BLOCK_ITEM[0] | path=mult_add.body.block[0] | kind=IfStatement(arms=2) | if (M_1644524251 == 0 || K_436399072 == 0) { return 0; } else { return M_1644...
[ADD_IF_ZERO_SITE] application 1: spin site 0 / 1
[AddIfZero] SELECTED INDEX = 0
[AddIfZero] SELECTED | function=mult_add | role=BLOCK_ITEM[0] | path=mult_add.body.block[0] | kind=IfStatement(arms=2) | if (M_1644524251 == 0 || K_436399072 == 0) { return 0; } else { return M_1644...
[AddIfZero] WRAP class=Branch | IfStatement(arms=2) | if (M_1644524251 == 0 || K_436399072 == 0) { return 0; } else { return M_1644...
[RobustnessSpin] round 2: for-to-while has 0 candidates, retry
[RobustnessSpin] round 2: add-if-zero: 3 / 4
[AddIfZero] candidate count = 4
[AddIfZero] candidate 0 | function=mult_add | role=BLOCK_ITEM[0] | path=mult_add.body.block[0] | kind=IfStatement(arms=2) | if (0) { /*@ assert false; @*/ } else { if (M_185876853 == 0 || K_949107966 =...
[AddIfZero] candidate 1 | function=mult_add | role=IF_TRUE | path=mult_add.body.block[0].branch[0] | kind=CompoundStatement(locals=0, items=1) | { /*@ assert false; @*/ }
[AddIfZero] candidate 2 | function=mult_add | role=IF_ELSE[1] | path=mult_add.body.block[0].branch[1] | kind=CompoundStatement(locals=0, items=1) | { if (M_185876853 == 0 || K_949107966 == 0) { return 0; } else { return M_185...
[AddIfZero] candidate 3 | function=mult_add | role=BLOCK_ITEM[0] | path=mult_add.body.block[0].branch[1].block[0] | kind=IfStatement(arms=2) | if (M_185876853 == 0 || K_949107966 == 0) { return 0; } else { return M_18587...
[ADD_IF_ZERO_SITE] application 2: spin site 3 / 4
[AddIfZero] SELECTED INDEX = 3
[AddIfZero] SELECTED | function=mult_add | role=BLOCK_ITEM[0] | path=mult_add.body.block[0].branch[1].block[0] | kind=IfStatement(arms=2) | if (M_185876853 == 0 || K_949107966 == 0) { return 0; } else { return M_18587...
[AddIfZero] WRAP class=Branch | IfStatement(arms=2) | if (M_185876853 == 0 || K_949107966 == 0) { return 0; } else { return M_18587...
[RobustnessSpin] round 3: for-to-while has 0 candidates, retry
[RobustnessSpin] round 3: add-if-one: 6 / 7
[AddIfOne] candidate count = 7
[AddIfOne] candidate 0 | function=mult_add | role=BLOCK_ITEM[0] | path=mult_add.body.block[0] | kind=IfStatement(arms=2) | if (0) { /*@ assert false; @*/ } else { if (0) { /*@ assert false; @*/ } else...
[AddIfOne] candidate 1 | function=mult_add | role=IF_TRUE | path=mult_add.body.block[0].branch[0] | kind=CompoundStatement(locals=0, items=1) | { /*@ assert false; @*/ }
[AddIfOne] candidate 2 | function=mult_add | role=IF_ELSE[1] | path=mult_add.body.block[0].branch[1] | kind=CompoundStatement(locals=0, items=1) | { if (0) { /*@ assert false; @*/ } else { if (M_1540140763 == 0 || K_17359352...
[AddIfOne] candidate 3 | function=mult_add | role=BLOCK_ITEM[0] | path=mult_add.body.block[0].branch[1].block[0] | kind=IfStatement(arms=2) | if (0) { /*@ assert false; @*/ } else { if (M_1540140763 == 0 || K_1735935287...
[AddIfOne] candidate 4 | function=mult_add | role=IF_TRUE | path=mult_add.body.block[0].branch[1].block[0].branch[0] | kind=CompoundStatement(locals=0, items=1) | { /*@ assert false; @*/ }
[AddIfOne] candidate 5 | function=mult_add | role=IF_ELSE[1] | path=mult_add.body.block[0].branch[1].block[0].branch[1] | kind=CompoundStatement(locals=0, items=1) | { if (M_1540140763 == 0 || K_1735935287 == 0) { return 0; } else { return M_1...
[AddIfOne] candidate 6 | function=mult_add | role=BLOCK_ITEM[0] | path=mult_add.body.block[0].branch[1].block[0].branch[1].block[0] | kind=IfStatement(arms=2) | if (M_1540140763 == 0 || K_1735935287 == 0) { return 0; } else { return M_154...
[ADD_IF_ONE_SITE] application 1: spin site 6 / 7
[AddIfOne] SELECTED INDEX = 6
[AddIfOne] SELECTED | function=mult_add | role=BLOCK_ITEM[0] | path=mult_add.body.block[0].branch[1].block[0].branch[1].block[0] | kind=IfStatement(arms=2) | if (M_1540140763 == 0 || K_1735935287 == 0) { return 0; } else { return M_154...
[AddIfOne] WRAP class=Branch | IfStatement(arms=2) | if (M_1540140763 == 0 || K_1735935287 == 0) { return 0; } else { return M_154...
[RobustnessSpin] round 4: for-to-while has 0 candidates, retry
[RobustnessSpin] round 4: add-if-one: 2 / 10
[AddIfOne] candidate count = 10
[AddIfOne] candidate 0 | function=mult_add | role=BLOCK_ITEM[0] | path=mult_add.body.block[0] | kind=IfStatement(arms=2) | if (0) { /*@ assert false; @*/ } else { if (0) { /*@ assert false; @*/ } else...
[AddIfOne] candidate 1 | function=mult_add | role=IF_TRUE | path=mult_add.body.block[0].branch[0] | kind=CompoundStatement(locals=0, items=1) | { /*@ assert false; @*/ }
[AddIfOne] candidate 2 | function=mult_add | role=IF_ELSE[1] | path=mult_add.body.block[0].branch[1] | kind=CompoundStatement(locals=0, items=1) | { if (0) { /*@ assert false; @*/ } else { if (1) { if (M_295145298 == 0 || K_...
[AddIfOne] candidate 3 | function=mult_add | role=BLOCK_ITEM[0] | path=mult_add.body.block[0].branch[1].block[0] | kind=IfStatement(arms=2) | if (0) { /*@ assert false; @*/ } else { if (1) { if (M_295145298 == 0 || K_10...
[AddIfOne] candidate 4 | function=mult_add | role=IF_TRUE | path=mult_add.body.block[0].branch[1].block[0].branch[0] | kind=CompoundStatement(locals=0, items=1) | { /*@ assert false; @*/ }
[AddIfOne] candidate 5 | function=mult_add | role=IF_ELSE[1] | path=mult_add.body.block[0].branch[1].block[0].branch[1] | kind=CompoundStatement(locals=0, items=1) | { if (1) { if (M_295145298 == 0 || K_1040733616 == 0) { return 0; } else { re...
[AddIfOne] candidate 6 | function=mult_add | role=BLOCK_ITEM[0] | path=mult_add.body.block[0].branch[1].block[0].branch[1].block[0] | kind=IfStatement(arms=2) | if (1) { if (M_295145298 == 0 || K_1040733616 == 0) { return 0; } else { retu...
[AddIfOne] candidate 7 | function=mult_add | role=IF_TRUE | path=mult_add.body.block[0].branch[1].block[0].branch[1].block[0].branch[0] | kind=CompoundStatement(locals=0, items=1) | { if (M_295145298 == 0 || K_1040733616 == 0) { return 0; } else { return M_29...
[AddIfOne] candidate 8 | function=mult_add | role=IF_ELSE[1] | path=mult_add.body.block[0].branch[1].block[0].branch[1].block[0].branch[1] | kind=CompoundStatement(locals=0, items=1) | { /*@ assert false; @*/ }
[AddIfOne] candidate 9 | function=mult_add | role=BLOCK_ITEM[0] | path=mult_add.body.block[0].branch[1].block[0].branch[1].block[0].branch[0].block[0] | kind=IfStatement(arms=2) | if (M_295145298 == 0 || K_1040733616 == 0) { return 0; } else { return M_2951...
[ADD_IF_ONE_SITE] application 2: spin site 2 / 10
[AddIfOne] SELECTED INDEX = 2
[AddIfOne] SELECTED | function=mult_add | role=IF_ELSE[1] | path=mult_add.body.block[0].branch[1] | kind=CompoundStatement(locals=0, items=1) | { if (0) { /*@ assert false; @*/ } else { if (1) { if (M_295145298 == 0 || K_...
[AddIfOne] WRAP class=Scope | CompoundStatement(locals=0, items=1) | { if (0) { /*@ assert false; @*/ } else { if (1) { if (M_295145298 == 0 || K_...
[RobustnessSpin] round 5: add-if-zero: 6 / 13
[AddIfZero] candidate count = 13
[AddIfZero] candidate 0 | function=mult_add | role=BLOCK_ITEM[0] | path=mult_add.body.block[0] | kind=IfStatement(arms=2) | if (0) { /*@ assert false; @*/ } else { if (1) { if (0) { /*@ assert false; @...
[AddIfZero] candidate 1 | function=mult_add | role=IF_TRUE | path=mult_add.body.block[0].branch[0] | kind=CompoundStatement(locals=0, items=1) | { /*@ assert false; @*/ }
[AddIfZero] candidate 2 | function=mult_add | role=IF_ELSE[1] | path=mult_add.body.block[0].branch[1] | kind=CompoundStatement(locals=0, items=1) | { if (1) { if (0) { /*@ assert false; @*/ } else { if (1) { if (M_1433690944 ...
[AddIfZero] candidate 3 | function=mult_add | role=BLOCK_ITEM[0] | path=mult_add.body.block[0].branch[1].block[0] | kind=IfStatement(arms=2) | if (1) { if (0) { /*@ assert false; @*/ } else { if (1) { if (M_1433690944 ==...
[AddIfZero] candidate 4 | function=mult_add | role=IF_TRUE | path=mult_add.body.block[0].branch[1].block[0].branch[0] | kind=CompoundStatement(locals=0, items=1) | { if (0) { /*@ assert false; @*/ } else { if (1) { if (M_1433690944 == 0 || K...
[AddIfZero] candidate 5 | function=mult_add | role=IF_ELSE[1] | path=mult_add.body.block[0].branch[1].block[0].branch[1] | kind=CompoundStatement(locals=0, items=1) | { /*@ assert false; @*/ }
[AddIfZero] candidate 6 | function=mult_add | role=BLOCK_ITEM[0] | path=mult_add.body.block[0].branch[1].block[0].branch[0].block[0] | kind=IfStatement(arms=2) | if (0) { /*@ assert false; @*/ } else { if (1) { if (M_1433690944 == 0 || K_1...
[AddIfZero] candidate 7 | function=mult_add | role=IF_TRUE | path=mult_add.body.block[0].branch[1].block[0].branch[0].block[0].branch[0] | kind=CompoundStatement(locals=0, items=1) | { /*@ assert false; @*/ }
[AddIfZero] candidate 8 | function=mult_add | role=IF_ELSE[1] | path=mult_add.body.block[0].branch[1].block[0].branch[0].block[0].branch[1] | kind=CompoundStatement(locals=0, items=1) | { if (1) { if (M_1433690944 == 0 || K_1779202806 == 0) { return 0; } else { r...
[AddIfZero] candidate 9 | function=mult_add | role=BLOCK_ITEM[0] | path=mult_add.body.block[0].branch[1].block[0].branch[0].block[0].branch[1].block[0] | kind=IfStatement(arms=2) | if (1) { if (M_1433690944 == 0 || K_1779202806 == 0) { return 0; } else { ret...
[AddIfZero] candidate 10 | function=mult_add | role=IF_TRUE | path=mult_add.body.block[0].branch[1].block[0].branch[0].block[0].branch[1].block[0].branch[0] | kind=CompoundStatement(locals=0, items=1) | { if (M_1433690944 == 0 || K_1779202806 == 0) { return 0; } else { return M_1...
[AddIfZero] candidate 11 | function=mult_add | role=IF_ELSE[1] | path=mult_add.body.block[0].branch[1].block[0].branch[0].block[0].branch[1].block[0].branch[1] | kind=CompoundStatement(locals=0, items=1) | { /*@ assert false; @*/ }
[AddIfZero] candidate 12 | function=mult_add | role=BLOCK_ITEM[0] | path=mult_add.body.block[0].branch[1].block[0].branch[0].block[0].branch[1].block[0].branch[0].block[0] | kind=IfStatement(arms=2) | if (M_1433690944 == 0 || K_1779202806 == 0) { return 0; } else { return M_143...
[ADD_IF_ZERO_SITE] application 3: spin site 6 / 13
[AddIfZero] SELECTED INDEX = 6
[AddIfZero] SELECTED | function=mult_add | role=BLOCK_ITEM[0] | path=mult_add.body.block[0].branch[1].block[0].branch[0].block[0] | kind=IfStatement(arms=2) | if (0) { /*@ assert false; @*/ } else { if (1) { if (M_1433690944 == 0 || K_1...
[AddIfZero] WRAP class=Branch | IfStatement(arms=2) | if (0) { /*@ assert false; @*/ } else { if (1) { if (M_1433690944 == 0 || K_1...
[INFO] Writing unknown.c to robustness-transformed.c
Robustness spin trace:
add-if-zero: 0
add-if-zero: 3
add-if-one: 6
add-if-one: 2
add-if-zero: 6
[INFO] Robustness transformation completed
[INFO] Output written to robustness-transformed.c
