[INFO] Robustness mode started
[INFO] Robustness transform: addIfZero
[AddIfZero] candidate count = 11
[AddIfZero] candidate 0 | function=bubble_sort | path=bubble_sort.body.scope.slot[0] | kind=InsertionSlot(index=0, previous=<start>, next=Block)
[AddIfZero] candidate 1 | function=bubble_sort | path=bubble_sort.body.scope.slot[1] | kind=InsertionSlot(index=1, previous=Block, next=LoopScope(init=Block, cond=AmbiguousLess, update=Eval, body=Scope))
[AddIfZero] candidate 2 | function=bubble_sort | path=bubble_sort.body.scope.slot[2] | kind=InsertionSlot(index=2, previous=LoopScope(init=Block, cond=AmbiguousLess, update=Eval, body=Scope), next=<end>)
[AddIfZero] candidate 3 | function=bubble_sort | path=bubble_sort.body.scope.block[1].scope.body.scope.slot[0] | kind=InsertionSlot(index=0, previous=<start>, next=LoopScope(init=Block, cond=AmbiguousLess, update=Eval, body=Scope))
[AddIfZero] candidate 4 | function=bubble_sort | path=bubble_sort.body.scope.block[1].scope.body.scope.slot[1] | kind=InsertionSlot(index=1, previous=LoopScope(init=Block, cond=AmbiguousLess, update=Eval, body=Scope), next=<end>)
[AddIfZero] candidate 5 | function=bubble_sort | path=bubble_sort.body.scope.block[1].scope.body.scope.block[0].scope.body.scope.slot[0] | kind=InsertionSlot(index=0, previous=<start>, next=IfStatement(arms=1))
[AddIfZero] candidate 6 | function=bubble_sort | path=bubble_sort.body.scope.block[1].scope.body.scope.block[0].scope.body.scope.slot[1] | kind=InsertionSlot(index=1, previous=IfStatement(arms=1), next=<end>)
[AddIfZero] candidate 7 | function=bubble_sort | path=bubble_sort.body.scope.block[1].scope.body.scope.block[0].scope.body.scope.block[0].branch[0].scope.slot[0] | kind=InsertionSlot(index=0, previous=<start>, next=Block)
[AddIfZero] candidate 8 | function=bubble_sort | path=bubble_sort.body.scope.block[1].scope.body.scope.block[0].scope.body.scope.block[0].branch[0].scope.slot[1] | kind=InsertionSlot(index=1, previous=Block, next=ExpressionStatement(expr=PreAssignExpression))
[AddIfZero] candidate 9 | function=bubble_sort | path=bubble_sort.body.scope.block[1].scope.body.scope.block[0].scope.body.scope.block[0].branch[0].scope.slot[2] | kind=InsertionSlot(index=2, previous=ExpressionStatement(expr=PreAssignExpression), next=ExpressionStatement(expr=PreAssignExpression))
[AddIfZero] candidate 10 | function=bubble_sort | path=bubble_sort.body.scope.block[1].scope.body.scope.block[0].scope.body.scope.block[0].branch[0].scope.slot[3] | kind=InsertionSlot(index=3, previous=ExpressionStatement(expr=PreAssignExpression), next=<end>)
[AddIfZero] SELECTED INDEX = 2
[AddIfZero] SELECTED | function=bubble_sort | path=bubble_sort.body.scope.slot[2] | kind=InsertionSlot(index=2, previous=LoopScope(init=Block, cond=AmbiguousLess, update=Eval, body=Scope), next=<end>)
[INFO] Writing unknown.c to robustness-transformed.c
[INFO] Removed 1 generated sizeof helper(s) from robustness-transformed.c
[INFO] Robustness transformation completed
[INFO] Output written to robustness-transformed.c
