[INFO] Robustness mode started
[INFO] Robustness transforms: addIfOne
[INFO] Robustness repeat: 2
[AddIfOne] candidate count = 5
[AddIfOne] candidate 0 | function=is_biggest | role=BLOCK_ITEM[2] | path=is_biggest.body.block[2] | kind=LoopScope(init=Eval, cond=AmbiguousLess, update=Eval, body=Scope) | { /*@ loop_invariant 1 <= I_766469387; loop_invariant I_766469387 <= Length_1...
[AddIfOne] candidate 1 | function=is_biggest | role=LOOP_BODY | path=is_biggest.body.block[2].loop.body | kind=CompoundStatement(locals=0, items=1) | { if (Arr_265318712[I_766469387] > Biggest_1393647328) { Biggest_1393647328 =...
[AddIfOne] candidate 2 | function=is_biggest | role=BLOCK_ITEM[0] | path=is_biggest.body.block[2].loop.body.block[0] | kind=IfStatement(arms=1) | if (Arr_265318712[I_766469387] > Biggest_1393647328) { Biggest_1393647328 = A...
[AddIfOne] candidate 3 | function=is_biggest | role=IF_TRUE | path=is_biggest.body.block[2].loop.body.block[0].branch[0] | kind=CompoundStatement(locals=0, items=1) | { Biggest_1393647328 = Arr_265318712[I_766469387]; }
[AddIfOne] candidate 4 | function=is_biggest | role=BLOCK_ITEM[0] | path=is_biggest.body.block[2].loop.body.block[0].branch[0].block[0] | kind=ExpressionStatement(expr=PreAssignExpression) | Biggest_1393647328 = Arr_265318712[I_766469387];
[ADD_IF_ONE_SITE] application 1: default site 0 / 5
[AddIfOne] SELECTED INDEX = 0
[AddIfOne] SELECTED | function=is_biggest | role=BLOCK_ITEM[2] | path=is_biggest.body.block[2] | kind=LoopScope(init=Eval, cond=AmbiguousLess, update=Eval, body=Scope) | { /*@ loop_invariant 1 <= I_766469387; loop_invariant I_766469387 <= Length_1...
[AddIfOne] WRAP class=Scope | LoopScope(init=Eval, cond=AmbiguousLess, update=Eval, body=Scope) | { /*@ loop_invariant 1 <= I_766469387; loop_invariant I_766469387 <= Length_1...
[AddIfOne] candidate count = 9
[AddIfOne] candidate 0 | function=is_biggest | role=BLOCK_ITEM[1] | path=is_biggest.body.block[1] | kind=AssignmentStatement | Biggest_1478339046 = Arr_470918294[0];
[AddIfOne] candidate 1 | function=is_biggest | role=BLOCK_ITEM[3] | path=is_biggest.body.block[3] | kind=IfStatement(arms=2) | if (1) { /*@ loop_invariant 1 <= I_1654047108; loop_invariant I_1654047108 <=...
[AddIfOne] candidate 2 | function=is_biggest | role=IF_TRUE | path=is_biggest.body.block[3].branch[0] | kind=CompoundStatement(locals=0, items=1) | { /*@ loop_invariant 1 <= I_1654047108; loop_invariant I_1654047108 <= Length...
[AddIfOne] candidate 3 | function=is_biggest | role=IF_ELSE[1] | path=is_biggest.body.block[3].branch[1] | kind=CompoundStatement(locals=0, items=1) | { /*@ assert false; @*/ }
[AddIfOne] candidate 4 | function=is_biggest | role=BLOCK_ITEM[0] | path=is_biggest.body.block[3].branch[0].block[0] | kind=LoopScope(init=Eval, cond=AmbiguousLess, update=Eval, body=Scope) | { /*@ loop_invariant 1 <= I_1654047108; loop_invariant I_1654047108 <= Length...
[AddIfOne] candidate 5 | function=is_biggest | role=LOOP_BODY | path=is_biggest.body.block[3].branch[0].block[0].loop.body | kind=CompoundStatement(locals=0, items=1) | { if (Arr_470918294[I_1654047108] > Biggest_1478339046) { Biggest_1478339046 ...
[AddIfOne] candidate 6 | function=is_biggest | role=BLOCK_ITEM[0] | path=is_biggest.body.block[3].branch[0].block[0].loop.body.block[0] | kind=IfStatement(arms=1) | if (Arr_470918294[I_1654047108] > Biggest_1478339046) { Biggest_1478339046 = ...
[AddIfOne] candidate 7 | function=is_biggest | role=IF_TRUE | path=is_biggest.body.block[3].branch[0].block[0].loop.body.block[0].branch[0] | kind=CompoundStatement(locals=0, items=1) | { Biggest_1478339046 = Arr_470918294[I_1654047108]; }
[AddIfOne] candidate 8 | function=is_biggest | role=BLOCK_ITEM[0] | path=is_biggest.body.block[3].branch[0].block[0].loop.body.block[0].branch[0].block[0] | kind=ExpressionStatement(expr=PreAssignExpression) | Biggest_1478339046 = Arr_470918294[I_1654047108];
[ADD_IF_ONE_SITE] application 2: default site 0 / 9
[AddIfOne] SELECTED INDEX = 0
[AddIfOne] SELECTED | function=is_biggest | role=BLOCK_ITEM[1] | path=is_biggest.body.block[1] | kind=AssignmentStatement | Biggest_1478339046 = Arr_470918294[0];
[AddIfOne] WRAP class=AssignInitial | AssignmentStatement | Biggest_1478339046 = Arr_470918294[0];
[INFO] Writing unknown.c to robustness-transformed.c
[INFO] Robustness transformation completed
[INFO] Output written to robustness-transformed.c
