[INFO] Robustness mode started
[INFO] Robustness transforms: addIfOne
[INFO] Robustness repeat: 2
[AddIfOne] candidate count = 1
[AddIfOne] candidate 0 | function=absolute | role=BLOCK_ITEM[0] | path=absolute.body.block[0] | kind=IfStatement(arms=2) | if (A_1628800110 >= 0) { return A_1628800110; } else { return -A_1628800110; }
[ADD_IF_ONE_SITE] application 1: default site 0 / 1
[AddIfOne] SELECTED INDEX = 0
[AddIfOne] SELECTED | function=absolute | role=BLOCK_ITEM[0] | path=absolute.body.block[0] | kind=IfStatement(arms=2) | if (A_1628800110 >= 0) { return A_1628800110; } else { return -A_1628800110; }
[AddIfOne] WRAP class=Branch | IfStatement(arms=2) | if (A_1628800110 >= 0) { return A_1628800110; } else { return -A_1628800110; }
[AddIfOne] candidate count = 4
[AddIfOne] candidate 0 | function=absolute | role=BLOCK_ITEM[0] | path=absolute.body.block[0] | kind=IfStatement(arms=2) | if (1) { if (A_2035069547 >= 0) { return A_2035069547; } else { return -A_203...
[AddIfOne] candidate 1 | function=absolute | role=IF_TRUE | path=absolute.body.block[0].branch[0] | kind=CompoundStatement(locals=0, items=1) | { if (A_2035069547 >= 0) { return A_2035069547; } else { return -A_2035069547...
[AddIfOne] candidate 2 | function=absolute | role=IF_ELSE[1] | path=absolute.body.block[0].branch[1] | kind=CompoundStatement(locals=0, items=1) | { /*@ assert false; @*/ }
[AddIfOne] candidate 3 | function=absolute | role=BLOCK_ITEM[0] | path=absolute.body.block[0].branch[0].block[0] | kind=IfStatement(arms=2) | if (A_2035069547 >= 0) { return A_2035069547; } else { return -A_2035069547; }
[ADD_IF_ONE_SITE] application 2: default site 0 / 4
[AddIfOne] SELECTED INDEX = 0
[AddIfOne] SELECTED | function=absolute | role=BLOCK_ITEM[0] | path=absolute.body.block[0] | kind=IfStatement(arms=2) | if (1) { if (A_2035069547 >= 0) { return A_2035069547; } else { return -A_203...
[AddIfOne] WRAP class=Branch | IfStatement(arms=2) | if (1) { if (A_2035069547 >= 0) { return A_2035069547; } else { return -A_203...
[INFO] Writing unknown.c to robustness-transformed.c
[INFO] Robustness transformation completed
[INFO] Output written to robustness-transformed.c
