[INFO] Robustness mode started
[DEBUG] PROGRAM OLUSTURMA BASLIYOR
[DEBUG] PROGRAM OLUSTURMA BITTI
[DEBUG] ADDIFZERO DISPATCH BASLIYOR
[DEBUG] CStatementSites.collect BASLIYOR
[DEBUG] CStatementSites.collect BITTI
[AddIfZero] candidate count = 8
[AddIfZero] candidate 0 | function=bubbleSort | role=BLOCK_ITEM[1] | path=bubbleSort.body.block[1] | kind=LoopStatement(init=CDeclarationStatement, cond=AmbiguousLess, update=Eval, body=Scope)
[AddIfZero] candidate 1 | function=bubbleSort | role=LOOP_BODY | path=bubbleSort.body.block[1].loop.body | kind=CompoundStatement(items=1)
[AddIfZero] candidate 2 | function=bubbleSort | role=BLOCK_ITEM[0] | path=bubbleSort.body.block[1].loop.body.block[0] | kind=LoopStatement(init=CDeclarationStatement, cond=AmbiguousLess, update=Eval, body=Scope)
[AddIfZero] candidate 3 | function=bubbleSort | role=LOOP_BODY | path=bubbleSort.body.block[1].loop.body.block[0].loop.body | kind=CompoundStatement(items=1)
[AddIfZero] candidate 4 | function=bubbleSort | role=BLOCK_ITEM[0] | path=bubbleSort.body.block[1].loop.body.block[0].loop.body.block[0] | kind=IfStatement(arms=1)
[AddIfZero] candidate 5 | function=bubbleSort | role=IF_TRUE | path=bubbleSort.body.block[1].loop.body.block[0].loop.body.block[0].branch[0] | kind=CompoundStatement(items=3)
[AddIfZero] candidate 6 | function=bubbleSort | role=BLOCK_ITEM[1] | path=bubbleSort.body.block[1].loop.body.block[0].loop.body.block[0].branch[0].block[1] | kind=ExpressionStatement(expr=PreAssignExpression)
[AddIfZero] candidate 7 | function=bubbleSort | role=BLOCK_ITEM[2] | path=bubbleSort.body.block[1].loop.body.block[0].loop.body.block[0].branch[0].block[2] | kind=ExpressionStatement(expr=PreAssignExpression)
[AddIfZero] SELECTED INDEX = 4
[AddIfZero] SELECTED | function=bubbleSort | role=BLOCK_ITEM[0] | path=bubbleSort.body.block[1].loop.body.block[0].loop.body.block[0] | kind=IfStatement(arms=1)
[DEBUG] ADDIFZERO DISPATCH BITTI
[Robustness] transformed C written to robustness-source.c
[INFO] Writing unknown.c to robustness-transformed.c
[INFO] Robustness transformation completed
[INFO] Output written to robustness-transformed.c
