
========================================================================
TRANSFORM DEBUG LOG
========================================================================
log_file: ..\UPDATED_EXAMPLES\C\patterns\to_recursive\4_big_transform.log
source_file: ..\UPDATED_EXAMPLES\C\4_big.c
mode: implement_all_list
selected_transforms: ['to_recursive']

========================================================================
SEED SOURCE
========================================================================
(lines numbered 1..43)

  1 | /*@
  2 |   requires length > 0;
  3 | 
  4 |   context_everywhere \pointer(arr, length, read);
  5 | 
  6 |   ensures
  7 |       (\forall int x;
  8 |           0 <= x && x < length;
  9 |           \result >= arr[x]);
 10 | 
 11 |   ensures
 12 |       (\exists int x;
 13 |           0 <= x && x < length;
 14 |           \result == arr[x]);
 15 | @*/
 16 | int isBiggest(int *arr, int length)
 17 | {
 18 |     int biggest = arr[0];
 19 |     int i;
 20 | 
 21 |     /*@
 22 |       loop_invariant 1 <= i && i <= length;
 23 | 
 24 |       loop_invariant
 25 |           (\forall int x;
 26 |               0 <= x && x < i;
 27 |               biggest >= arr[x]);
 28 | 
 29 |       loop_invariant
 30 |           (\exists int x;
 31 |               0 <= x && x < i;
 32 |               biggest == arr[x]);
 33 |     @*/
 34 |     for (i = 1; i < length; i++)
 35 |     {
 36 |         if (arr[i] > biggest)
 37 |         {
 38 |             biggest = arr[i];
 39 |         }
 40 |     }
 41 | 
 42 |     return biggest;
 43 | }

========================================================================
PARSED AST (before site scan)
========================================================================

------------------------------------------------------------------------
AST (parsed from seed)
------------------------------------------------------------------------
└── root: FileAST
    └── ext[0]: FuncDef decl='isBiggest'
        ├── decl: Decl name='isBiggest'
        │   └── type: FuncDecl
        │       ├── args: ParamList
        │       │   ├── params[0]: Decl name='arr'
        │       │   │   └── type: PtrDecl
        │       │   │       └── type: TypeDecl
        │       │   │           └── type: IdentifierType
        │       │   └── params[1]: Decl name='length'
        │       │       └── type: TypeDecl
        │       │           └── type: IdentifierType
        │       └── type: TypeDecl
        │           └── type: IdentifierType
        └── body: Compound
            ├── block_items[0]: Decl name='biggest'
            │   ├── type: TypeDecl
            │   │   └── type: IdentifierType
            │   └── init: ArrayRef
            │       ├── name: ID name='arr'
            │       └── subscript: Constant int='0'
            ├── block_items[1]: Decl name='i'
            │   └── type: TypeDecl
            │       └── type: IdentifierType
            ├── block_items[2]: For
            │   ├── init: Assignment
            │   │   ├── lvalue: ID name='i'
            │   │   └── rvalue: Constant int='1'
            │   ├── cond: BinaryOp op='<'
            │   │   ├── left: ID name='i'
            │   │   └── right: ID name='length'
            │   ├── next: UnaryOp op='p++'
            │   │   └── expr: ID name='i'
            │   └── stmt: Compound
            │       └── block_items[0]: If
            │           ├── cond: BinaryOp op='>'
            │           │   ├── left: ArrayRef
            │           │   │   ├── name: ID name='arr'
            │           │   │   └── subscript: ID name='i'
            │           │   └── right: ID name='biggest'
            │           └── iftrue: Compound
            │               └── block_items[0]: Assignment
            │                   ├── lvalue: ID name='biggest'
            │                   └── rvalue: ArrayRef
            │                       ├── name: ID name='arr'
            │                       └── subscript: ID name='i'
            └── block_items[3]: Return
                └── expr: ID name='biggest'

========================================================================
SITE SCAN (suitability checks for every candidate)
========================================================================

------------------------------------------------------------------------
CHECK to_recursive
------------------------------------------------------------------------
  candidate_stmt: Decl @ :4:9
  snippet: int biggest = arr[0]
  => APPLICABLE=False  reason: not applicable

------------------------------------------------------------------------
CHECK to_recursive
------------------------------------------------------------------------
  candidate_stmt: Decl @ :5:9
  snippet: int i
  => APPLICABLE=False  reason: not applicable

------------------------------------------------------------------------
CHECK to_recursive
------------------------------------------------------------------------
  candidate_stmt: For @ :8:5
  snippet: for (i = 1; i < length; i++) { if (arr[i] > biggest) { biggest = arr[i]; } }
  => APPLICABLE=False  reason: not applicable

------------------------------------------------------------------------
CHECK to_recursive
------------------------------------------------------------------------
  candidate_stmt: Compound @ :9:1
  snippet: { if (arr[i] > biggest) { biggest = arr[i]; } }
  => APPLICABLE=False  reason: not applicable

------------------------------------------------------------------------
CHECK to_recursive
------------------------------------------------------------------------
  candidate_stmt: If @ :10:9
  snippet: if (arr[i] > biggest) { biggest = arr[i]; }
  => APPLICABLE=False  reason: not applicable

------------------------------------------------------------------------
CHECK to_recursive
------------------------------------------------------------------------
  candidate_stmt: Compound @ :11:1
  snippet: { biggest = arr[i]; }
  => APPLICABLE=False  reason: not applicable

------------------------------------------------------------------------
CHECK to_recursive
------------------------------------------------------------------------
  candidate_stmt: Assignment @ :12:13
  snippet: biggest = arr[i]
  => APPLICABLE=False  reason: not applicable

------------------------------------------------------------------------
CHECK to_recursive
------------------------------------------------------------------------
  candidate_stmt: Return @ :16:5
  snippet: return biggest;
  => APPLICABLE=False  reason: not applicable

========================================================================
SITE SCAN SUMMARY
========================================================================
transform: to_recursive
applicable_site_count: 0
no applicable locations; nothing written
