[INFO] Robustness mode started
[INFO] Robustness transforms: addIfOne
[INFO] Robustness repeat: 5
[AddIfOne] candidate count = 2
[AddIfOne] candidate 0 | function=swap | role=BLOCK_ITEM[1] | path=swap.body.block[1] | kind=ExpressionStatement(expr=PreAssignExpression) | (*Pointer1_816956885).Value_292841327 = (*Pointer2_1339630217).Value_292841327;
[AddIfOne] candidate 1 | function=swap | role=BLOCK_ITEM[2] | path=swap.body.block[2] | kind=ExpressionStatement(expr=PreAssignExpression) | (*Pointer2_1339630217).Value_292841327 = Temp_1705145694;
[ADD_IF_ONE_SITE] application 1: default site 0 / 2
[AddIfOne] SELECTED INDEX = 0
[AddIfOne] SELECTED | function=swap | role=BLOCK_ITEM[1] | path=swap.body.block[1] | kind=ExpressionStatement(expr=PreAssignExpression) | (*Pointer1_816956885).Value_292841327 = (*Pointer2_1339630217).Value_292841327;
[AddIfOne] WRAP class=Eval | ExpressionStatement(expr=PreAssignExpression) | (*Pointer1_816956885).Value_292841327 = (*Pointer2_1339630217).Value_292841327;
[AddIfOne] candidate count = 6
[AddIfOne] candidate 0 | function=swap | role=BLOCK_ITEM[1] | path=swap.body.block[1] | kind=AssignmentStatement | Temp_1285344791 = (*Pointer1_1932618250).Value_1671933702;
[AddIfOne] candidate 1 | function=swap | role=BLOCK_ITEM[2] | path=swap.body.block[2] | kind=IfStatement(arms=2) | if (1) { (*Pointer1_1932618250).Value_1671933702 = (*Pointer2_1292576622).Val...
[AddIfOne] candidate 2 | function=swap | role=IF_TRUE | path=swap.body.block[2].branch[0] | kind=CompoundStatement(locals=0, items=1) | { (*Pointer1_1932618250).Value_1671933702 = (*Pointer2_1292576622).Value_1671...
[AddIfOne] candidate 3 | function=swap | role=IF_ELSE[1] | path=swap.body.block[2].branch[1] | kind=CompoundStatement(locals=0, items=1) | { /*@ assert false; @*/ }
[AddIfOne] candidate 4 | function=swap | role=BLOCK_ITEM[0] | path=swap.body.block[2].branch[0].block[0] | kind=ExpressionStatement(expr=PreAssignExpression) | (*Pointer1_1932618250).Value_1671933702 = (*Pointer2_1292576622).Value_167193...
[AddIfOne] candidate 5 | function=swap | role=BLOCK_ITEM[3] | path=swap.body.block[3] | kind=ExpressionStatement(expr=PreAssignExpression) | (*Pointer2_1292576622).Value_1671933702 = Temp_1285344791;
[ADD_IF_ONE_SITE] application 2: default site 0 / 6
[AddIfOne] SELECTED INDEX = 0
[AddIfOne] SELECTED | function=swap | role=BLOCK_ITEM[1] | path=swap.body.block[1] | kind=AssignmentStatement | Temp_1285344791 = (*Pointer1_1932618250).Value_1671933702;
[AddIfOne] WRAP class=AssignInitial | AssignmentStatement | Temp_1285344791 = (*Pointer1_1932618250).Value_1671933702;
[AddIfOne] candidate count = 9
[AddIfOne] candidate 0 | function=swap | role=BLOCK_ITEM[1] | path=swap.body.block[1] | kind=IfStatement(arms=2) | if (1) { Temp_1436571084 = (*Pointer1_447863101).Value_1461091531; } else { /...
[AddIfOne] candidate 1 | function=swap | role=IF_TRUE | path=swap.body.block[1].branch[0] | kind=CompoundStatement(locals=0, items=1) | { Temp_1436571084 = (*Pointer1_447863101).Value_1461091531; }
[AddIfOne] candidate 2 | function=swap | role=IF_ELSE[1] | path=swap.body.block[1].branch[1] | kind=CompoundStatement(locals=0, items=1) | { /*@ assert false; @*/ }
[AddIfOne] candidate 3 | function=swap | role=BLOCK_ITEM[0] | path=swap.body.block[1].branch[0].block[0] | kind=AssignmentStatement | Temp_1436571084 = (*Pointer1_447863101).Value_1461091531;
[AddIfOne] candidate 4 | function=swap | role=BLOCK_ITEM[2] | path=swap.body.block[2] | kind=IfStatement(arms=2) | if (1) { (*Pointer1_447863101).Value_1461091531 = (*Pointer2_930429801).Value...
[AddIfOne] candidate 5 | function=swap | role=IF_TRUE | path=swap.body.block[2].branch[0] | kind=CompoundStatement(locals=0, items=1) | { (*Pointer1_447863101).Value_1461091531 = (*Pointer2_930429801).Value_146109...
[AddIfOne] candidate 6 | function=swap | role=IF_ELSE[1] | path=swap.body.block[2].branch[1] | kind=CompoundStatement(locals=0, items=1) | { /*@ assert false; @*/ }
[AddIfOne] candidate 7 | function=swap | role=BLOCK_ITEM[0] | path=swap.body.block[2].branch[0].block[0] | kind=ExpressionStatement(expr=PreAssignExpression) | (*Pointer1_447863101).Value_1461091531 = (*Pointer2_930429801).Value_1461091531;
[AddIfOne] candidate 8 | function=swap | role=BLOCK_ITEM[3] | path=swap.body.block[3] | kind=ExpressionStatement(expr=PreAssignExpression) | (*Pointer2_930429801).Value_1461091531 = Temp_1436571084;
[ADD_IF_ONE_SITE] application 3: default site 0 / 9
[AddIfOne] SELECTED INDEX = 0
[AddIfOne] SELECTED | function=swap | role=BLOCK_ITEM[1] | path=swap.body.block[1] | kind=IfStatement(arms=2) | if (1) { Temp_1436571084 = (*Pointer1_447863101).Value_1461091531; } else { /...
[AddIfOne] WRAP class=Branch | IfStatement(arms=2) | if (1) { Temp_1436571084 = (*Pointer1_447863101).Value_1461091531; } else { /...
[AddIfOne] candidate count = 12
[AddIfOne] candidate 0 | function=swap | role=BLOCK_ITEM[1] | path=swap.body.block[1] | kind=IfStatement(arms=2) | if (1) { if (1) { Temp_1626547103 = (*Pointer1_1796226487).Value_187712237; }...
[AddIfOne] candidate 1 | function=swap | role=IF_TRUE | path=swap.body.block[1].branch[0] | kind=CompoundStatement(locals=0, items=1) | { if (1) { Temp_1626547103 = (*Pointer1_1796226487).Value_187712237; } else {...
[AddIfOne] candidate 2 | function=swap | role=IF_ELSE[1] | path=swap.body.block[1].branch[1] | kind=CompoundStatement(locals=0, items=1) | { /*@ assert false; @*/ }
[AddIfOne] candidate 3 | function=swap | role=BLOCK_ITEM[0] | path=swap.body.block[1].branch[0].block[0] | kind=IfStatement(arms=2) | if (1) { Temp_1626547103 = (*Pointer1_1796226487).Value_187712237; } else { /...
[AddIfOne] candidate 4 | function=swap | role=IF_TRUE | path=swap.body.block[1].branch[0].block[0].branch[0] | kind=CompoundStatement(locals=0, items=1) | { Temp_1626547103 = (*Pointer1_1796226487).Value_187712237; }
[AddIfOne] candidate 5 | function=swap | role=IF_ELSE[1] | path=swap.body.block[1].branch[0].block[0].branch[1] | kind=CompoundStatement(locals=0, items=1) | { /*@ assert false; @*/ }
[AddIfOne] candidate 6 | function=swap | role=BLOCK_ITEM[0] | path=swap.body.block[1].branch[0].block[0].branch[0].block[0] | kind=AssignmentStatement | Temp_1626547103 = (*Pointer1_1796226487).Value_187712237;
[AddIfOne] candidate 7 | function=swap | role=BLOCK_ITEM[2] | path=swap.body.block[2] | kind=IfStatement(arms=2) | if (1) { (*Pointer1_1796226487).Value_187712237 = (*Pointer2_521328096).Value...
[AddIfOne] candidate 8 | function=swap | role=IF_TRUE | path=swap.body.block[2].branch[0] | kind=CompoundStatement(locals=0, items=1) | { (*Pointer1_1796226487).Value_187712237 = (*Pointer2_521328096).Value_187712...
[AddIfOne] candidate 9 | function=swap | role=IF_ELSE[1] | path=swap.body.block[2].branch[1] | kind=CompoundStatement(locals=0, items=1) | { /*@ assert false; @*/ }
[AddIfOne] candidate 10 | function=swap | role=BLOCK_ITEM[0] | path=swap.body.block[2].branch[0].block[0] | kind=ExpressionStatement(expr=PreAssignExpression) | (*Pointer1_1796226487).Value_187712237 = (*Pointer2_521328096).Value_187712237;
[AddIfOne] candidate 11 | function=swap | role=BLOCK_ITEM[3] | path=swap.body.block[3] | kind=ExpressionStatement(expr=PreAssignExpression) | (*Pointer2_521328096).Value_187712237 = Temp_1626547103;
[ADD_IF_ONE_SITE] application 4: default site 0 / 12
[AddIfOne] SELECTED INDEX = 0
[AddIfOne] SELECTED | function=swap | role=BLOCK_ITEM[1] | path=swap.body.block[1] | kind=IfStatement(arms=2) | if (1) { if (1) { Temp_1626547103 = (*Pointer1_1796226487).Value_187712237; }...
[AddIfOne] WRAP class=Branch | IfStatement(arms=2) | if (1) { if (1) { Temp_1626547103 = (*Pointer1_1796226487).Value_187712237; }...
[AddIfOne] candidate count = 15
[AddIfOne] candidate 0 | function=swap | role=BLOCK_ITEM[1] | path=swap.body.block[1] | kind=IfStatement(arms=2) | if (1) { if (1) { if (1) { Temp_1785343965 = (*Pointer1_1429207620).Value_185...
[AddIfOne] candidate 1 | function=swap | role=IF_TRUE | path=swap.body.block[1].branch[0] | kind=CompoundStatement(locals=0, items=1) | { if (1) { if (1) { Temp_1785343965 = (*Pointer1_1429207620).Value_1852224664...
[AddIfOne] candidate 2 | function=swap | role=IF_ELSE[1] | path=swap.body.block[1].branch[1] | kind=CompoundStatement(locals=0, items=1) | { /*@ assert false; @*/ }
[AddIfOne] candidate 3 | function=swap | role=BLOCK_ITEM[0] | path=swap.body.block[1].branch[0].block[0] | kind=IfStatement(arms=2) | if (1) { if (1) { Temp_1785343965 = (*Pointer1_1429207620).Value_1852224664; ...
[AddIfOne] candidate 4 | function=swap | role=IF_TRUE | path=swap.body.block[1].branch[0].block[0].branch[0] | kind=CompoundStatement(locals=0, items=1) | { if (1) { Temp_1785343965 = (*Pointer1_1429207620).Value_1852224664; } else ...
[AddIfOne] candidate 5 | function=swap | role=IF_ELSE[1] | path=swap.body.block[1].branch[0].block[0].branch[1] | kind=CompoundStatement(locals=0, items=1) | { /*@ assert false; @*/ }
[AddIfOne] candidate 6 | function=swap | role=BLOCK_ITEM[0] | path=swap.body.block[1].branch[0].block[0].branch[0].block[0] | kind=IfStatement(arms=2) | if (1) { Temp_1785343965 = (*Pointer1_1429207620).Value_1852224664; } else { ...
[AddIfOne] candidate 7 | function=swap | role=IF_TRUE | path=swap.body.block[1].branch[0].block[0].branch[0].block[0].branch[0] | kind=CompoundStatement(locals=0, items=1) | { Temp_1785343965 = (*Pointer1_1429207620).Value_1852224664; }
[AddIfOne] candidate 8 | function=swap | role=IF_ELSE[1] | path=swap.body.block[1].branch[0].block[0].branch[0].block[0].branch[1] | kind=CompoundStatement(locals=0, items=1) | { /*@ assert false; @*/ }
[AddIfOne] candidate 9 | function=swap | role=BLOCK_ITEM[0] | path=swap.body.block[1].branch[0].block[0].branch[0].block[0].branch[0].block[0] | kind=AssignmentStatement | Temp_1785343965 = (*Pointer1_1429207620).Value_1852224664;
[AddIfOne] candidate 10 | function=swap | role=BLOCK_ITEM[2] | path=swap.body.block[2] | kind=IfStatement(arms=2) | if (1) { (*Pointer1_1429207620).Value_1852224664 = (*Pointer2_1423138517).Val...
[AddIfOne] candidate 11 | function=swap | role=IF_TRUE | path=swap.body.block[2].branch[0] | kind=CompoundStatement(locals=0, items=1) | { (*Pointer1_1429207620).Value_1852224664 = (*Pointer2_1423138517).Value_1852...
[AddIfOne] candidate 12 | function=swap | role=IF_ELSE[1] | path=swap.body.block[2].branch[1] | kind=CompoundStatement(locals=0, items=1) | { /*@ assert false; @*/ }
[AddIfOne] candidate 13 | function=swap | role=BLOCK_ITEM[0] | path=swap.body.block[2].branch[0].block[0] | kind=ExpressionStatement(expr=PreAssignExpression) | (*Pointer1_1429207620).Value_1852224664 = (*Pointer2_1423138517).Value_185222...
[AddIfOne] candidate 14 | function=swap | role=BLOCK_ITEM[3] | path=swap.body.block[3] | kind=ExpressionStatement(expr=PreAssignExpression) | (*Pointer2_1423138517).Value_1852224664 = Temp_1785343965;
[ADD_IF_ONE_SITE] application 5: default site 0 / 15
[AddIfOne] SELECTED INDEX = 0
[AddIfOne] SELECTED | function=swap | role=BLOCK_ITEM[1] | path=swap.body.block[1] | kind=IfStatement(arms=2) | if (1) { if (1) { if (1) { Temp_1785343965 = (*Pointer1_1429207620).Value_185...
[AddIfOne] WRAP class=Branch | IfStatement(arms=2) | if (1) { if (1) { if (1) { Temp_1785343965 = (*Pointer1_1429207620).Value_185...
[INFO] Writing unknown.c to robustness-transformed.c
[INFO] Robustness transformation completed
[INFO] Output written to robustness-transformed.c
