[INFO] Robustness mode started
[INFO] Robustness transforms: addIfOne
[INFO] Robustness repeat: 5
[AddIfOne] candidate count = 1
[AddIfOne] candidate 0 | function=absolute | role=BLOCK_ITEM[0] | path=absolute.body.block[0] | kind=IfStatement(arms=2) | if (A_1628800110 >= 0) { return A_1628800110; } else { return -A_1628800110; }
[ADD_IF_ONE_SITE] application 1: default site 0 / 1
[AddIfOne] SELECTED INDEX = 0
[AddIfOne] SELECTED | function=absolute | role=BLOCK_ITEM[0] | path=absolute.body.block[0] | kind=IfStatement(arms=2) | if (A_1628800110 >= 0) { return A_1628800110; } else { return -A_1628800110; }
[AddIfOne] WRAP class=Branch | IfStatement(arms=2) | if (A_1628800110 >= 0) { return A_1628800110; } else { return -A_1628800110; }
[AddIfOne] candidate count = 4
[AddIfOne] candidate 0 | function=absolute | role=BLOCK_ITEM[0] | path=absolute.body.block[0] | kind=IfStatement(arms=2) | if (1) { if (A_2035069547 >= 0) { return A_2035069547; } else { return -A_203...
[AddIfOne] candidate 1 | function=absolute | role=IF_TRUE | path=absolute.body.block[0].branch[0] | kind=CompoundStatement(locals=0, items=1) | { if (A_2035069547 >= 0) { return A_2035069547; } else { return -A_2035069547...
[AddIfOne] candidate 2 | function=absolute | role=IF_ELSE[1] | path=absolute.body.block[0].branch[1] | kind=CompoundStatement(locals=0, items=1) | { /*@ assert false; @*/ }
[AddIfOne] candidate 3 | function=absolute | role=BLOCK_ITEM[0] | path=absolute.body.block[0].branch[0].block[0] | kind=IfStatement(arms=2) | if (A_2035069547 >= 0) { return A_2035069547; } else { return -A_2035069547; }
[ADD_IF_ONE_SITE] application 2: default site 0 / 4
[AddIfOne] SELECTED INDEX = 0
[AddIfOne] SELECTED | function=absolute | role=BLOCK_ITEM[0] | path=absolute.body.block[0] | kind=IfStatement(arms=2) | if (1) { if (A_2035069547 >= 0) { return A_2035069547; } else { return -A_203...
[AddIfOne] WRAP class=Branch | IfStatement(arms=2) | if (1) { if (A_2035069547 >= 0) { return A_2035069547; } else { return -A_203...
[AddIfOne] candidate count = 7
[AddIfOne] candidate 0 | function=absolute | role=BLOCK_ITEM[0] | path=absolute.body.block[0] | kind=IfStatement(arms=2) | if (1) { if (1) { if (A_1075758996 >= 0) { return A_1075758996; } else { retu...
[AddIfOne] candidate 1 | function=absolute | role=IF_TRUE | path=absolute.body.block[0].branch[0] | kind=CompoundStatement(locals=0, items=1) | { if (1) { if (A_1075758996 >= 0) { return A_1075758996; } else { return -A_1...
[AddIfOne] candidate 2 | function=absolute | role=IF_ELSE[1] | path=absolute.body.block[0].branch[1] | kind=CompoundStatement(locals=0, items=1) | { /*@ assert false; @*/ }
[AddIfOne] candidate 3 | function=absolute | role=BLOCK_ITEM[0] | path=absolute.body.block[0].branch[0].block[0] | kind=IfStatement(arms=2) | if (1) { if (A_1075758996 >= 0) { return A_1075758996; } else { return -A_107...
[AddIfOne] candidate 4 | function=absolute | role=IF_TRUE | path=absolute.body.block[0].branch[0].block[0].branch[0] | kind=CompoundStatement(locals=0, items=1) | { if (A_1075758996 >= 0) { return A_1075758996; } else { return -A_1075758996...
[AddIfOne] candidate 5 | function=absolute | role=IF_ELSE[1] | path=absolute.body.block[0].branch[0].block[0].branch[1] | kind=CompoundStatement(locals=0, items=1) | { /*@ assert false; @*/ }
[AddIfOne] candidate 6 | function=absolute | role=BLOCK_ITEM[0] | path=absolute.body.block[0].branch[0].block[0].branch[0].block[0] | kind=IfStatement(arms=2) | if (A_1075758996 >= 0) { return A_1075758996; } else { return -A_1075758996; }
[ADD_IF_ONE_SITE] application 3: default site 0 / 7
[AddIfOne] SELECTED INDEX = 0
[AddIfOne] SELECTED | function=absolute | role=BLOCK_ITEM[0] | path=absolute.body.block[0] | kind=IfStatement(arms=2) | if (1) { if (1) { if (A_1075758996 >= 0) { return A_1075758996; } else { retu...
[AddIfOne] WRAP class=Branch | IfStatement(arms=2) | if (1) { if (1) { if (A_1075758996 >= 0) { return A_1075758996; } else { retu...
[AddIfOne] candidate count = 10
[AddIfOne] candidate 0 | function=absolute | role=BLOCK_ITEM[0] | path=absolute.body.block[0] | kind=IfStatement(arms=2) | if (1) { if (1) { if (1) { if (A_1208600433 >= 0) { return A_1208600433; } el...
[AddIfOne] candidate 1 | function=absolute | role=IF_TRUE | path=absolute.body.block[0].branch[0] | kind=CompoundStatement(locals=0, items=1) | { if (1) { if (1) { if (A_1208600433 >= 0) { return A_1208600433; } else { re...
[AddIfOne] candidate 2 | function=absolute | role=IF_ELSE[1] | path=absolute.body.block[0].branch[1] | kind=CompoundStatement(locals=0, items=1) | { /*@ assert false; @*/ }
[AddIfOne] candidate 3 | function=absolute | role=BLOCK_ITEM[0] | path=absolute.body.block[0].branch[0].block[0] | kind=IfStatement(arms=2) | if (1) { if (1) { if (A_1208600433 >= 0) { return A_1208600433; } else { retu...
[AddIfOne] candidate 4 | function=absolute | role=IF_TRUE | path=absolute.body.block[0].branch[0].block[0].branch[0] | kind=CompoundStatement(locals=0, items=1) | { if (1) { if (A_1208600433 >= 0) { return A_1208600433; } else { return -A_1...
[AddIfOne] candidate 5 | function=absolute | role=IF_ELSE[1] | path=absolute.body.block[0].branch[0].block[0].branch[1] | kind=CompoundStatement(locals=0, items=1) | { /*@ assert false; @*/ }
[AddIfOne] candidate 6 | function=absolute | role=BLOCK_ITEM[0] | path=absolute.body.block[0].branch[0].block[0].branch[0].block[0] | kind=IfStatement(arms=2) | if (1) { if (A_1208600433 >= 0) { return A_1208600433; } else { return -A_120...
[AddIfOne] candidate 7 | function=absolute | role=IF_TRUE | path=absolute.body.block[0].branch[0].block[0].branch[0].block[0].branch[0] | kind=CompoundStatement(locals=0, items=1) | { if (A_1208600433 >= 0) { return A_1208600433; } else { return -A_1208600433...
[AddIfOne] candidate 8 | function=absolute | role=IF_ELSE[1] | path=absolute.body.block[0].branch[0].block[0].branch[0].block[0].branch[1] | kind=CompoundStatement(locals=0, items=1) | { /*@ assert false; @*/ }
[AddIfOne] candidate 9 | function=absolute | role=BLOCK_ITEM[0] | path=absolute.body.block[0].branch[0].block[0].branch[0].block[0].branch[0].block[0] | kind=IfStatement(arms=2) | if (A_1208600433 >= 0) { return A_1208600433; } else { return -A_1208600433; }
[ADD_IF_ONE_SITE] application 4: default site 0 / 10
[AddIfOne] SELECTED INDEX = 0
[AddIfOne] SELECTED | function=absolute | role=BLOCK_ITEM[0] | path=absolute.body.block[0] | kind=IfStatement(arms=2) | if (1) { if (1) { if (1) { if (A_1208600433 >= 0) { return A_1208600433; } el...
[AddIfOne] WRAP class=Branch | IfStatement(arms=2) | if (1) { if (1) { if (1) { if (A_1208600433 >= 0) { return A_1208600433; } el...
[AddIfOne] candidate count = 13
[AddIfOne] candidate 0 | function=absolute | role=BLOCK_ITEM[0] | path=absolute.body.block[0] | kind=IfStatement(arms=2) | if (1) { if (1) { if (1) { if (1) { if (A_558873204 >= 0) { return A_55887320...
[AddIfOne] candidate 1 | function=absolute | role=IF_TRUE | path=absolute.body.block[0].branch[0] | kind=CompoundStatement(locals=0, items=1) | { if (1) { if (1) { if (1) { if (A_558873204 >= 0) { return A_558873204; } el...
[AddIfOne] candidate 2 | function=absolute | role=IF_ELSE[1] | path=absolute.body.block[0].branch[1] | kind=CompoundStatement(locals=0, items=1) | { /*@ assert false; @*/ }
[AddIfOne] candidate 3 | function=absolute | role=BLOCK_ITEM[0] | path=absolute.body.block[0].branch[0].block[0] | kind=IfStatement(arms=2) | if (1) { if (1) { if (1) { if (A_558873204 >= 0) { return A_558873204; } else...
[AddIfOne] candidate 4 | function=absolute | role=IF_TRUE | path=absolute.body.block[0].branch[0].block[0].branch[0] | kind=CompoundStatement(locals=0, items=1) | { if (1) { if (1) { if (A_558873204 >= 0) { return A_558873204; } else { retu...
[AddIfOne] candidate 5 | function=absolute | role=IF_ELSE[1] | path=absolute.body.block[0].branch[0].block[0].branch[1] | kind=CompoundStatement(locals=0, items=1) | { /*@ assert false; @*/ }
[AddIfOne] candidate 6 | function=absolute | role=BLOCK_ITEM[0] | path=absolute.body.block[0].branch[0].block[0].branch[0].block[0] | kind=IfStatement(arms=2) | if (1) { if (1) { if (A_558873204 >= 0) { return A_558873204; } else { return...
[AddIfOne] candidate 7 | function=absolute | role=IF_TRUE | path=absolute.body.block[0].branch[0].block[0].branch[0].block[0].branch[0] | kind=CompoundStatement(locals=0, items=1) | { if (1) { if (A_558873204 >= 0) { return A_558873204; } else { return -A_558...
[AddIfOne] candidate 8 | function=absolute | role=IF_ELSE[1] | path=absolute.body.block[0].branch[0].block[0].branch[0].block[0].branch[1] | kind=CompoundStatement(locals=0, items=1) | { /*@ assert false; @*/ }
[AddIfOne] candidate 9 | function=absolute | role=BLOCK_ITEM[0] | path=absolute.body.block[0].branch[0].block[0].branch[0].block[0].branch[0].block[0] | kind=IfStatement(arms=2) | if (1) { if (A_558873204 >= 0) { return A_558873204; } else { return -A_55887...
[AddIfOne] candidate 10 | function=absolute | role=IF_TRUE | path=absolute.body.block[0].branch[0].block[0].branch[0].block[0].branch[0].block[0].branch[0] | kind=CompoundStatement(locals=0, items=1) | { if (A_558873204 >= 0) { return A_558873204; } else { return -A_558873204; } }
[AddIfOne] candidate 11 | function=absolute | role=IF_ELSE[1] | path=absolute.body.block[0].branch[0].block[0].branch[0].block[0].branch[0].block[0].branch[1] | kind=CompoundStatement(locals=0, items=1) | { /*@ assert false; @*/ }
[AddIfOne] candidate 12 | function=absolute | role=BLOCK_ITEM[0] | path=absolute.body.block[0].branch[0].block[0].branch[0].block[0].branch[0].block[0].branch[0].block[0] | kind=IfStatement(arms=2) | if (A_558873204 >= 0) { return A_558873204; } else { return -A_558873204; }
[ADD_IF_ONE_SITE] application 5: default site 0 / 13
[AddIfOne] SELECTED INDEX = 0
[AddIfOne] SELECTED | function=absolute | role=BLOCK_ITEM[0] | path=absolute.body.block[0] | kind=IfStatement(arms=2) | if (1) { if (1) { if (1) { if (1) { if (A_558873204 >= 0) { return A_55887320...
[AddIfOne] WRAP class=Branch | IfStatement(arms=2) | if (1) { if (1) { if (1) { if (1) { if (A_558873204 >= 0) { return A_55887320...
[INFO] Writing unknown.c to robustness-transformed.c
[INFO] Robustness transformation completed
[INFO] Output written to robustness-transformed.c
