[INFO] Robustness mode started
[INFO] Robustness transform: addIfOne
[AddIfOne] candidate count = 2
[AddIfOne] candidate 0 | function=swap | role=BLOCK_ITEM[1] | path=swap.body.block[1] | kind=ExpressionStatement(expr=PreAssignExpression)
[AddIfOne] candidate 1 | function=swap | role=BLOCK_ITEM[2] | path=swap.body.block[2] | kind=ExpressionStatement(expr=PreAssignExpression)
[AddIfOne] SELECTED INDEX = 0
[AddIfOne] SELECTED | function=swap | role=BLOCK_ITEM[1] | path=swap.body.block[1] | kind=ExpressionStatement(expr=PreAssignExpression)
vct.main.stages.Transformation$TransformationCheckError: The addIfOne rewrite caused the AST to no longer typecheck:
======================================
23     int temp;
   24     temp = (*pointer1).value;
             [-
   25     if (1) {
              -]
   26         (*pointer1).value = (*pointer2).value;
   27     } else {
--------------------------------------
[1/1] Expected the type of this expression to be `boolean`, but got int.
======================================

	at vct.main.stages.Transformation.$anonfun$run$4(Transformation.scala:305)
	at vct.main.stages.Transformation.$anonfun$run$4$adapted(Transformation.scala:280)
	at hre.progress.Progress$.$anonfun$foreach$2(Progress.scala:25)
	at scala.runtime.java8.JFunction0$mcV$sp.apply(JFunction0$mcV$sp.scala:18)
	at hre.progress.task.AbstractTask.frame(AbstractTask.scala:166)
	at hre.progress.Progress$.$anonfun$foreach$1(Progress.scala:25)
	at hre.progress.Progress$.$anonfun$foreach$1$adapted(Progress.scala:24)
	at scala.collection.IterableOnceOps.foreach(IterableOnce.scala:576)
	at scala.collection.IterableOnceOps.foreach$(IterableOnce.scala:574)
	at scala.collection.AbstractIterator.foreach(Iterator.scala:1300)
	at hre.progress.Progress$.foreach(Progress.scala:24)
	at vct.main.stages.Transformation.$anonfun$run$2(Transformation.scala:280)
	at hre.debug.TimeTravel$.safelyRepeatable(TimeTravel.scala:32)
	at vct.main.stages.Transformation.run(Transformation.scala:274)
	at vct.main.stages.Transformation.run(Transformation.scala:247)
	at hre.stages.Stages.$anonfun$run$3(Stages.scala:104)
	at hre.stages.Stages.$anonfun$run$3$adapted(Stages.scala:101)
	at scala.collection.IterableOnceOps.foreach(IterableOnce.scala:576)
	at scala.collection.IterableOnceOps.foreach$(IterableOnce.scala:574)
	at scala.collection.AbstractIterable.foreach(Iterable.scala:933)
	at scala.collection.IterableOps$WithFilter.foreach(Iterable.scala:903)
	at hre.stages.Stages.$anonfun$run$1(Stages.scala:101)
	at hre.progress.task.NameSequenceTask.scope(NameSequenceTask.scala:16)
	at hre.progress.Progress$.stages(Progress.scala:47)
	at hre.stages.Stages.run(Stages.scala:98)
	at hre.stages.Stages.run$(Stages.scala:95)
	at hre.stages.StagesPair.run(Stages.scala:145)
	at vct.main.modes.Robustness$.runOptions(Robustness.scala:112)
	at vct.main.Main$.runMode(Main.scala:109)
	at vct.main.Main$.$anonfun$runOptions$3(Main.scala:101)
	at scala.runtime.java8.JFunction0$mcI$sp.apply(JFunction0$mcI$sp.scala:17)
	at hre.middleware.Middleware$.using(Middleware.scala:78)
	at vct.main.Main$.$anonfun$runOptions$2(Main.scala:101)
	at scala.runtime.java8.JFunction0$mcI$sp.apply(JFunction0$mcI$sp.scala:17)
	at hre.io.Watch$.booleanWithWatch(Watch.scala:58)
	at vct.main.Main$.$anonfun$runOptions$1(Main.scala:101)
	at scala.runtime.java8.JFunction0$mcI$sp.apply(JFunction0$mcI$sp.scala:17)
	at hre.middleware.Middleware$.using(Middleware.scala:78)
	at vct.main.Main$.runOptions(Main.scala:96)
	at vct.main.Main$.main(Main.scala:51)
	at vct.main.Main.main(Main.scala)
[ERROR] !*!*!*!*!*!*!*!*!*!*!*!
[ERROR] ! VerCors has crashed !
[ERROR] !*!*!*!*!*!*!*!*!*!*!*!
[ERROR] Please report this as a bug here:
[ERROR] https://github.com/utwente-fmt/vercors/issues/new?labels=A-Bug&title=Crash+report%3A+The+addIfOne+rewrite+caused+the+AST+to+no+longer+typecheck%3A%0A%3D%3D%3D%3D%3D%3D%3D%3D%3D%3D%3D%3D%3D%3D%3D%3D%3D%3D%3D%3D%3D%3D%3D%3D%3D%3D%3D%3D%3D%3D%3D%3D%3D%3D%3D%3D%3D%3D%0A2&body=%23+Crash+Message%0A%60%60%60%0AThe+addIfOne+rewrite+caused+the+AST+to+no+longer+typecheck%3A%0A%3D%3D%3D%3D%3D%3D%3D%3D%3D%3D%3D%3D%3D%3D%3D%3D%3D%3D%3D%3D%3D%3D%3D%3D%3D%3D%3D%3D%3D%3D%3D%3D%3D%3D%3D%3D%3D%3D%0A23+++++int+temp%3B%0A+++24+++++temp+%3D+%28*pointer1%29.value%3B%0A+++++++++++++%5B-%0A+++25+++++if+%281%29+%7B%0A++++++++++++++-%5D%0A+++26+++++++++%28*pointer1%29.value+%3D+%28*pointer2%29.value%3B%0A+++27+++++%7D+else+%7B%0A--------------------------------------%0A%5B1%2F1%5D+Expected+the+type+of+this+expression+to+be+%60boolean%60%2C+but+got+int.%0A%3D%3D%3D%3D%3D%3D%3D%3D%3D%3D%3D%3D%3D%3D%3D%3D%3D%3D%3D%3D%3D%3D%3D%3D%3D%3D%3D%3D%3D%3D%3D%3D%3D%3D%3D%3D%3D%3D%0A%0A++at+vct.main.stages.Transformation.%24anonfun%24run%244%28Transformation.scala%3A305%29%0A++at+vct.main.stages.Transformation.%24anonfun%24run%244%24adapted%28Transformation.scala%3A280%29%0A++at+hre.progress.Progress%24.%24anonfun%24foreach%242%28Progress.scala%3A25%29%0A++at+scala.runtime.java8.JFunction0%24mcV%24sp.apply%28JFunction0%24mcV%24sp.scala%3A18%29%0A++at+hre.progress.task.AbstractTask.frame%28AbstractTask.scala%3A166%29%0A++at+hre.progress.Progress%24.%24anonfun%24foreach%241%28Progress.scala%3A25%29%0A++at+hre.progress.Progress%24.%24anonfun%24foreach%241%24adapted%28Progress.scala%3A24%29%0A++at+scala.collection.IterableOnceOps.foreach%28IterableOnce.scala%3A576%29%0A++at+scala.collection.IterableOnceOps.foreach%24%28IterableOnce.scala%3A574%29%0A++at+scala.collection.AbstractIterator.foreach%28Iterator.scala%3A1300%29%0A++at+hre.progress.Progress%24.foreach%28Progress.scala%3A24%29%0A++at+vct.main.stages.Transformation.%24anonfun%24run%242%28Transformation.scala%3A280%29%0A++...%0A++at+vct.main.Main%24.main%28Main.scala%3A51%29%0A++at+vct.main.Main.main%28Main.scala%29%0A%60%60%60%0A%0A%23+Version+Information%0A*+VerCors+version+%609999.9.9-SNAPSHOT%60%0A*+At+commit+b25cb029527376712a250b6c269d6510378e2b52+from+branch+%60robustness-post-resolution%60+%28changes%3Dtrue%29%0A%0A%23+Arguments%0A%60--robustness%60+%60examples%2Fconcepts%2Fbasic%2FEXAMPLES%2F2_swap.c%60%0A%0A%23+File+Inputs%0A%3Cdetails%3E%0A%3Csummary%3E2_swap.c%3C%2Fsummary%3E%0A%0A%60%60%60c%0Astruct+IntBox+%7B%0D%0A++++int+value%3B%0D%0A%7D%3B%0D%0A%0D%0A%2F*%40%0D%0A++requires+pointer1+%21%3D+NULL%3B%0D%0A++requires+pointer2+%21%3D+NULL%3B%0D%0A%0D%0A++context+pointer1+%21%3D+pointer2+%3D%3D%3E%0D%0A++++++Perm%28pointer1-%3Evalue%2C+write%29+**%0D%0A++++++Perm%28pointer2-%3Evalue%2C+write%29%3B%0D%0A%0D%0A++context+pointer1+%3D%3D+pointer2+%3D%3D%3E%0D%0A++++++Perm%28pointer1-%3Evalue%2C+write%29%3B%0D%0A%0D%0A++ensures+pointer1-%3Evalue+%3D%3D+%5Cold%28pointer2-%3Evalue%29%3B%0D%0A++ensures+pointer2-%3Evalue+%3D%3D+%5Cold%28pointer1-%3Evalue%29%3B%0D%0A%40*%2F%0D%0Astatic+void+swap%28struct+IntBox+*pointer1%2C+struct+IntBox+*pointer2%29%0D%0A%7B%0D%0A++++int+temp+%3D+pointer1-%3Evalue%3B%0D%0A++++pointer1-%3Evalue+%3D+pointer2-%3Evalue%3B%0D%0A++++pointer2-%3Evalue+%3D+temp%3B%0D%0A%7D%0A%60%60%60%0A%3C%2Fdetails%3E%0A%0A%0A%23+Full+Log%0A%3Cdetails%3E%0A%0A%60%60%60%0A02%3A19%3A03.980+%5BINFO%5D+Robustness+mode+started%0A02%3A19%3A03.994+%5BINFO%5D+Robustness+transform%3A+addIfOne%0A02%3A19%3A07.177+%5BERROR%5D+vct.main.stages.Transformation%24TransformationCheckError%3A+The+addIfOne+rewrite+caused+the+AST+to+no+longer+typecheck%3A%0A%3D%3D%3D%3D%3D%3D%3D%3D%3D%3D%3D%3D%3D%3D%3D%3D%3D%3D%3D%3D%3D%3D%3D%3D%3D%3D%3D%3D%3D%3D%3D%3D%3D%3D%3D%3D%3D%3D%0A23+++++int+temp%3B%0A+++24+++++temp+%3D+%28*pointer1%29.value%3B%0A+++++++++++++%5B-%0A+++25+++++if+%281%29+%7B%0A++++++++++++++-%5D%0A+++26+++++++++%28*pointer1%29.value+%3D+%28*pointer2%29.value%3B%0A+++27+++++%7D+else+%7B%0A--------------------------------------%0A%5B1%2F1%5D+Expected+the+type+of+this+expression+to+be+%60boolean%60%2C+but+got+int.%0A%3D%3D%3D%3D%3D%3D%3D%3D%3D%3D%3D%3D%3D%3D%3D%3D%3D%3D%3D%3D%3D%3D%3D%3D%3D%3D%3D%3D%3D%3D%3D%3D%3D%3D%3D%3D%3D%3D%0A%0A%09at+vct.main.stages.Transformation.%24anonfun%24run%244%28Transformation.scala%3A305%29%0A%09at+vct.main.stages.Transformation.%24anonfun%24run%244%24adapted%28Transformation.scala%3A280%29%0A%09at+hre.progress.Progress%24.%24anonfun%24foreach%242%28Progress.scala%3A25%29%0A%09at+scala.runtime.java8.JFunction0%24mcV%24sp.apply%28JFunction0%24mcV%24sp.scala%3A18%29%0A%09at+hre.progress.task.AbstractTask.frame%28AbstractTask.scala%3A166%29%0A%09at+hre.progress.Progress%24.%24anonfun%24foreach%241%28Progress.scala%3A25%29%0A%09at+hre.progress.Progress%24.%24anonfun%24foreach%241%24adapted%28Progress.scala%3A24%29%0A%09at+scala.collection.IterableOnceOps.foreach%28IterableOnce.scala%3A576%29%0A%09at+scala.collection.IterableOnceOps.foreach%24%28IterableOnce.scala%3A574%29%0A%09at+scala.collection.AbstractIterator.foreach%28Iterator.scala%3A1300%29%0A%09at+hre.progress.Progress%24.foreach%28Progress.scala%3A24%29%0A%09at+vct.main.stages.Transformation.%24anonfun%24run%242%28Transformation.scala%3A280%29%0A%09at+hre.debug.TimeTravel%24.safelyRepeatable%28TimeTravel.scala%3A32%29%0A%09at+vct.main.stages.Transformation.run%28Transformation.scala%3A274%29%0A%09at+vct.main.stages.Transformation.run%28Transformation.scala%3A247%29%0A%09at+hre.stages.Stages.%24anonfun%24run%243%28Stages.scala%3A104%29%0A%09at+hre.stages.Stages.%24anonfun%24run%243%24adapted%28Stages.scala%3A101%29%0A%09at+scala.collection.IterableOnceOps.foreach%28IterableOnce.scala%3A576%29%0A%09at+scala.collection.IterableOnceOps.foreach%24%28IterableOnce.scala%3A574%29%0A%09at+scala.collection.AbstractIterable.foreach%28Iterable.scala%3A933%29%0A%09at+scala.collection.IterableOps%24WithFilter.foreach%28Iterable.scala%3A903%29%0A%09at+hre.stages.Stages.%24anonfun%24run%241%28Stages.scala%3A101%29%0A%09at+hre.progress.task.NameSequenceTask.scope%28NameSequenceTask.scala%3A16%29%0A%09at+hre.progress.Progress%24.stages%28Progress.scala%3A47%29%0A%09at+hre.stages.Stages.run%28Stages.scala%3A98%29%0A%09at+hre.stages.Stages.run%24%28Stages.scala%3A95%29%0A%09at+hre.stages.StagesPair.run%28Stages.scala%3A145%29%0A%09at+vct.main.modes.Robustness%24.runOptions%28Robustness.scala%3A112%29%0A%09at+vct.main.Main%24.runMode%28Main.scala%3A109%29%0A%09at+vct.main.Main%24.%24anonfun%24runOptions%243%28Main.scala%3A101%29%0A%09at+scala.runtime.java8.JFunction0%24mcI%24sp.apply%28JFunction0%24mcI%24sp.scala%3A17%29%0A%09at+hre.middleware.Middleware%24.using%28Middleware.scala%3A78%29%0A%09at+vct.main.Main%24.%24anonfun%24runOptions%242%28Main.scala%3A101%29%0A%09at+scala.runtime.java8.JFunction0%24mcI%24sp.apply%28JFunction0%24mcI%24sp.scala%3A17%29%0A%09at+hre.io.Watch%24.booleanWithWatch%28Watch.scala%3A58%29%0A%09at+vct.main.Main%24.%24anonfun%24runOptions%241%28Main.scala%3A101%29%0A%09at+scala.runtime.java8.JFunction0%24mcI%24sp.apply%28JFunction0%24mcI%24sp.scala%3A17%29%0A%09at+hre.middleware.Middleware%24.using%28Middleware.scala%3A78%29%0A%09at+vct.main.Main%24.runOptions%28Main.scala%3A96%29%0A%09at+vct.main.Main%24.main%28Main.scala%3A51%29%0A%09at+vct.main.Main.main%28Main.scala%29%0A%0A02%3A19%3A07.177+%5BERROR%5D+%21*%21*%21*%21*%21*%21*%21*%21*%21*%21*%21*%21%0A02%3A19%3A07.177+%5BERROR%5D+%21+VerCors+has+crashed+%21%0A02%3A19%3A07.177+%5BERROR%5D+%21*%21*%21*%21*%21*%21*%21*%21*%21*%21*%21*%21%0A02%3A19%3A07.177+%5BERROR%5D+Please+report+this+as+a+bug+here%3A%0A%0A%60%60%60%0A%3C%2Fdetails%3E%0A
1 targets failed
vercors.main.run subprocess failed
