
========================================================================
TRANSFORM DEBUG LOG
========================================================================
log_file: ..\UPDATED_EXAMPLES\C\patterns\if0error\3_while_multip_transform.log
source_file: ..\UPDATED_EXAMPLES\C\3_while_multip.c
mode: implement_all_list
selected_transforms: ['if0error']

========================================================================
SEED SOURCE
========================================================================
(lines numbered 1..25)

  1 | /*@
  2 |   requires k >= 0 && m >= 0;
  3 |   ensures \result == k * m;
  4 | @*/
  5 | 
  6 | 
  7 | int mult_add(int k, int m)
  8 | {
  9 |     int sum = 0;
 10 |     int remaining = m;
 11 | 
 12 |     //@ loop_invariant 0 <= remaining && remaining <= m;
 13 |     //@ loop_invariant sum == (m - remaining) * k;
 14 |     //@ decreases remaining;
 15 | 
 16 |     while (0 < remaining)
 17 |     {
 18 |         sum = sum + k;
 19 |         remaining--;
 20 |     }
 21 | 
 22 |     return sum;
 23 | }
 24 | 
 25 | 

========================================================================
PARSED AST (before site scan)
========================================================================

------------------------------------------------------------------------
AST (parsed from seed)
------------------------------------------------------------------------
└── root: FileAST
    └── ext[0]: FuncDef decl='mult_add'
        ├── decl: Decl name='mult_add'
        │   └── type: FuncDecl
        │       ├── args: ParamList
        │       │   ├── params[0]: Decl name='k'
        │       │   │   └── type: TypeDecl
        │       │   │       └── type: IdentifierType
        │       │   └── params[1]: Decl name='m'
        │       │       └── type: TypeDecl
        │       │           └── type: IdentifierType
        │       └── type: TypeDecl
        │           └── type: IdentifierType
        └── body: Compound
            ├── block_items[0]: Decl name='sum'
            │   ├── type: TypeDecl
            │   │   └── type: IdentifierType
            │   └── init: Constant int='0'
            ├── block_items[1]: Decl name='remaining'
            │   ├── type: TypeDecl
            │   │   └── type: IdentifierType
            │   └── init: ID name='m'
            ├── block_items[2]: While
            │   ├── cond: BinaryOp op='<'
            │   │   ├── left: Constant int='0'
            │   │   └── right: ID name='remaining'
            │   └── stmt: Compound
            │       ├── block_items[0]: Assignment
            │       │   ├── lvalue: ID name='sum'
            │       │   └── rvalue: BinaryOp op='+'
            │       │       ├── left: ID name='sum'
            │       │       └── right: ID name='k'
            │       └── block_items[1]: UnaryOp op='p--'
            │           └── expr: ID name='remaining'
            └── block_items[3]: Return
                └── expr: ID name='sum'

========================================================================
SITE SCAN (suitability checks for every candidate)
========================================================================

------------------------------------------------------------------------
CHECK if0error
------------------------------------------------------------------------
  => APPLICABLE=True  reason: returned transform

------------------------------------------------------------------------
CHECK if0error
------------------------------------------------------------------------
  => APPLICABLE=True  reason: returned transform

------------------------------------------------------------------------
CHECK if0error
------------------------------------------------------------------------
  => APPLICABLE=True  reason: returned transform

------------------------------------------------------------------------
CHECK if0error
------------------------------------------------------------------------
  => APPLICABLE=True  reason: returned transform

------------------------------------------------------------------------
CHECK if0error
------------------------------------------------------------------------
  => APPLICABLE=True  reason: returned transform

------------------------------------------------------------------------
CHECK if0error
------------------------------------------------------------------------
  => APPLICABLE=True  reason: returned transform

------------------------------------------------------------------------
CHECK if0error
------------------------------------------------------------------------
  => APPLICABLE=True  reason: returned transform

------------------------------------------------------------------------
CHECK if0error
------------------------------------------------------------------------
  => APPLICABLE=True  reason: returned transform

========================================================================
SITE SCAN SUMMARY
========================================================================
transform: if0error
applicable_site_count: 8
  site[0] APPLICABLE -> output *_site0.*
  site[1] APPLICABLE -> output *_site1.*
  site[2] APPLICABLE -> output *_site2.*
  site[3] APPLICABLE -> output *_site3.*
  site[4] APPLICABLE -> output *_site4.*
  site[5] APPLICABLE -> output *_site5.*
  site[6] APPLICABLE -> output *_site6.*
  site[7] APPLICABLE -> output *_site7.*

========================================================================
APPLY SITES (re-parse; check spam suppressed)
========================================================================
APPLIED site[0] -> ..\UPDATED_EXAMPLES\C\patterns\if0error\3_while_multip_site0.c

========================================================================
TRANSFORMED SOURCE (site[0])
========================================================================
(lines numbered 1..22)

  1 | extern void __assert_fail(const char *, const char *, unsigned int, const char *);
  2 | int mult_add(int k, int m)
  3 | {
  4 |   if (0)
  5 |   {
  6 |     __assert_fail("0", "", 3, "reach_error");
  7 |   }
  8 |   else
  9 |   {
 10 |   }
 11 |   int sum = 0;
 12 |   int remaining = m;
 13 |   while (0 < remaining)
 14 |   {
 15 |     sum = sum + k;
 16 |     remaining--;
 17 |   }
 18 | 
 19 |   return sum;
 20 | }
 21 | 
 22 | 
APPLIED site[1] -> ..\UPDATED_EXAMPLES\C\patterns\if0error\3_while_multip_site1.c

========================================================================
TRANSFORMED SOURCE (site[1])
========================================================================
(lines numbered 1..22)

  1 | extern void __assert_fail(const char *, const char *, unsigned int, const char *);
  2 | int mult_add(int k, int m)
  3 | {
  4 |   int sum = 0;
  5 |   if (0)
  6 |   {
  7 |     __assert_fail("0", "", 3, "reach_error");
  8 |   }
  9 |   else
 10 |   {
 11 |   }
 12 |   int remaining = m;
 13 |   while (0 < remaining)
 14 |   {
 15 |     sum = sum + k;
 16 |     remaining--;
 17 |   }
 18 | 
 19 |   return sum;
 20 | }
 21 | 
 22 | 
APPLIED site[2] -> ..\UPDATED_EXAMPLES\C\patterns\if0error\3_while_multip_site2.c

========================================================================
TRANSFORMED SOURCE (site[2])
========================================================================
(lines numbered 1..22)

  1 | extern void __assert_fail(const char *, const char *, unsigned int, const char *);
  2 | int mult_add(int k, int m)
  3 | {
  4 |   int sum = 0;
  5 |   int remaining = m;
  6 |   if (0)
  7 |   {
  8 |     __assert_fail("0", "", 3, "reach_error");
  9 |   }
 10 |   else
 11 |   {
 12 |   }
 13 |   while (0 < remaining)
 14 |   {
 15 |     sum = sum + k;
 16 |     remaining--;
 17 |   }
 18 | 
 19 |   return sum;
 20 | }
 21 | 
 22 | 
APPLIED site[3] -> ..\UPDATED_EXAMPLES\C\patterns\if0error\3_while_multip_site3.c

========================================================================
TRANSFORMED SOURCE (site[3])
========================================================================
(lines numbered 1..22)

  1 | extern void __assert_fail(const char *, const char *, unsigned int, const char *);
  2 | int mult_add(int k, int m)
  3 | {
  4 |   int sum = 0;
  5 |   int remaining = m;
  6 |   while (0 < remaining)
  7 |   {
  8 |     if (0)
  9 |     {
 10 |       __assert_fail("0", "", 3, "reach_error");
 11 |     }
 12 |     else
 13 |     {
 14 |     }
 15 |     sum = sum + k;
 16 |     remaining--;
 17 |   }
 18 | 
 19 |   return sum;
 20 | }
 21 | 
 22 | 
APPLIED site[4] -> ..\UPDATED_EXAMPLES\C\patterns\if0error\3_while_multip_site4.c

========================================================================
TRANSFORMED SOURCE (site[4])
========================================================================
(lines numbered 1..22)

  1 | extern void __assert_fail(const char *, const char *, unsigned int, const char *);
  2 | int mult_add(int k, int m)
  3 | {
  4 |   int sum = 0;
  5 |   int remaining = m;
  6 |   while (0 < remaining)
  7 |   {
  8 |     sum = sum + k;
  9 |     if (0)
 10 |     {
 11 |       __assert_fail("0", "", 3, "reach_error");
 12 |     }
 13 |     else
 14 |     {
 15 |     }
 16 |     remaining--;
 17 |   }
 18 | 
 19 |   return sum;
 20 | }
 21 | 
 22 | 
APPLIED site[5] -> ..\UPDATED_EXAMPLES\C\patterns\if0error\3_while_multip_site5.c

========================================================================
TRANSFORMED SOURCE (site[5])
========================================================================
(lines numbered 1..22)

  1 | extern void __assert_fail(const char *, const char *, unsigned int, const char *);
  2 | int mult_add(int k, int m)
  3 | {
  4 |   int sum = 0;
  5 |   int remaining = m;
  6 |   while (0 < remaining)
  7 |   {
  8 |     sum = sum + k;
  9 |     remaining--;
 10 |     if (0)
 11 |     {
 12 |       __assert_fail("0", "", 3, "reach_error");
 13 |     }
 14 |     else
 15 |     {
 16 |     }
 17 |   }
 18 | 
 19 |   return sum;
 20 | }
 21 | 
 22 | 
APPLIED site[6] -> ..\UPDATED_EXAMPLES\C\patterns\if0error\3_while_multip_site6.c

========================================================================
TRANSFORMED SOURCE (site[6])
========================================================================
(lines numbered 1..22)

  1 | extern void __assert_fail(const char *, const char *, unsigned int, const char *);
  2 | int mult_add(int k, int m)
  3 | {
  4 |   int sum = 0;
  5 |   int remaining = m;
  6 |   while (0 < remaining)
  7 |   {
  8 |     sum = sum + k;
  9 |     remaining--;
 10 |   }
 11 | 
 12 |   if (0)
 13 |   {
 14 |     __assert_fail("0", "", 3, "reach_error");
 15 |   }
 16 |   else
 17 |   {
 18 |   }
 19 |   return sum;
 20 | }
 21 | 
 22 | 
APPLIED site[7] -> ..\UPDATED_EXAMPLES\C\patterns\if0error\3_while_multip_site7.c

========================================================================
TRANSFORMED SOURCE (site[7])
========================================================================
(lines numbered 1..22)

  1 | extern void __assert_fail(const char *, const char *, unsigned int, const char *);
  2 | int mult_add(int k, int m)
  3 | {
  4 |   int sum = 0;
  5 |   int remaining = m;
  6 |   while (0 < remaining)
  7 |   {
  8 |     sum = sum + k;
  9 |     remaining--;
 10 |   }
 11 | 
 12 |   return sum;
 13 |   if (0)
 14 |   {
 15 |     __assert_fail("0", "", 3, "reach_error");
 16 |   }
 17 |   else
 18 |   {
 19 |   }
 20 | }
 21 | 
 22 | 
