
========================================================================
TRANSFORM DEBUG LOG
========================================================================
log_file: ..\UPDATED_EXAMPLES\C\patterns\if0error\6_pure_transform.log
source_file: ..\UPDATED_EXAMPLES\C\6_pure.c
mode: implement_all_list
selected_transforms: ['if0error']

========================================================================
SEED SOURCE
========================================================================
(lines numbered 1..43)

  1 | /*@
  2 |   requires 0 <= n && n <= |xs|;
  3 |   decreases n;
  4 | 
  5 |   pure int prefixSum(seq<int> xs, int n) =
  6 |       n == 0
  7 |           ? 0
  8 |           : prefixSum(xs, n - 1) + xs[n - 1];
  9 | @*/
 10 | 
 11 | /*@
 12 |   given seq<int> xs;
 13 | 
 14 |   requires length >= 0;
 15 | 
 16 |   context_everywhere list != NULL;
 17 |   context_everywhere \pointer(list, length, read);
 18 |   context_everywhere |xs| == length;
 19 | 
 20 |   context_everywhere
 21 |       (\forall int x;
 22 |           0 <= x && x < length;
 23 |           xs[x] == list[x]);
 24 | 
 25 |   ensures \result == prefixSum(xs, length);
 26 | @*/
 27 | int sum_list(int *list, int length)
 28 | {
 29 |     int sum = 0;
 30 |     int i = 0;
 31 | 
 32 |     /*@
 33 |       loop_invariant 0 <= i && i <= length;
 34 |       loop_invariant sum == prefixSum(xs, i);
 35 |       decreases length - i;
 36 |     @*/
 37 |     for (; i < length; i++)
 38 |     {
 39 |         sum = sum + list[i];
 40 |     }
 41 | 
 42 |     return sum;
 43 | }

========================================================================
PARSED AST (before site scan)
========================================================================

------------------------------------------------------------------------
AST (parsed from seed)
------------------------------------------------------------------------
└── root: FileAST
    └── ext[0]: FuncDef decl='sum_list'
        ├── decl: Decl name='sum_list'
        │   └── type: FuncDecl
        │       ├── args: ParamList
        │       │   ├── params[0]: Decl name='list'
        │       │   │   └── type: PtrDecl
        │       │   │       └── type: TypeDecl
        │       │   │           └── type: IdentifierType
        │       │   └── params[1]: Decl name='length'
        │       │       └── type: TypeDecl
        │       │           └── type: IdentifierType
        │       └── type: TypeDecl
        │           └── type: IdentifierType
        └── body: Compound
            ├── block_items[0]: Decl name='sum'
            │   ├── type: TypeDecl
            │   │   └── type: IdentifierType
            │   └── init: Constant int='0'
            ├── block_items[1]: Decl name='i'
            │   ├── type: TypeDecl
            │   │   └── type: IdentifierType
            │   └── init: Constant int='0'
            ├── block_items[2]: For
            │   ├── cond: BinaryOp op='<'
            │   │   ├── left: ID name='i'
            │   │   └── right: ID name='length'
            │   ├── next: UnaryOp op='p++'
            │   │   └── expr: ID name='i'
            │   └── stmt: Compound
            │       └── block_items[0]: Assignment
            │           ├── lvalue: ID name='sum'
            │           └── rvalue: BinaryOp op='+'
            │               ├── left: ID name='sum'
            │               └── right: ArrayRef
            │                   ├── name: ID name='list'
            │                   └── subscript: ID name='i'
            └── block_items[3]: Return
                └── expr: ID name='sum'

========================================================================
SITE SCAN (suitability checks for every candidate)
========================================================================

------------------------------------------------------------------------
CHECK if0error
------------------------------------------------------------------------
  => APPLICABLE=True  reason: returned transform

------------------------------------------------------------------------
CHECK if0error
------------------------------------------------------------------------
  => APPLICABLE=True  reason: returned transform

------------------------------------------------------------------------
CHECK if0error
------------------------------------------------------------------------
  => APPLICABLE=True  reason: returned transform

------------------------------------------------------------------------
CHECK if0error
------------------------------------------------------------------------
  => APPLICABLE=True  reason: returned transform

------------------------------------------------------------------------
CHECK if0error
------------------------------------------------------------------------
  => APPLICABLE=True  reason: returned transform

------------------------------------------------------------------------
CHECK if0error
------------------------------------------------------------------------
  => APPLICABLE=True  reason: returned transform

------------------------------------------------------------------------
CHECK if0error
------------------------------------------------------------------------
  => APPLICABLE=True  reason: returned transform

========================================================================
SITE SCAN SUMMARY
========================================================================
transform: if0error
applicable_site_count: 7
  site[0] APPLICABLE -> output *_site0.*
  site[1] APPLICABLE -> output *_site1.*
  site[2] APPLICABLE -> output *_site2.*
  site[3] APPLICABLE -> output *_site3.*
  site[4] APPLICABLE -> output *_site4.*
  site[5] APPLICABLE -> output *_site5.*
  site[6] APPLICABLE -> output *_site6.*

========================================================================
APPLY SITES (re-parse; check spam suppressed)
========================================================================
APPLIED site[0] -> ..\UPDATED_EXAMPLES\C\patterns\if0error\6_pure_site0.c

========================================================================
TRANSFORMED SOURCE (site[0])
========================================================================
(lines numbered 1..21)

  1 | extern void __assert_fail(const char *, const char *, unsigned int, const char *);
  2 | int sum_list(int *list, int length)
  3 | {
  4 |   if (0)
  5 |   {
  6 |     __assert_fail("0", "", 3, "reach_error");
  7 |   }
  8 |   else
  9 |   {
 10 |   }
 11 |   int sum = 0;
 12 |   int i = 0;
 13 |   for (; i < length; i++)
 14 |   {
 15 |     sum = sum + list[i];
 16 |   }
 17 | 
 18 |   return sum;
 19 | }
 20 | 
 21 | 
APPLIED site[1] -> ..\UPDATED_EXAMPLES\C\patterns\if0error\6_pure_site1.c

========================================================================
TRANSFORMED SOURCE (site[1])
========================================================================
(lines numbered 1..21)

  1 | extern void __assert_fail(const char *, const char *, unsigned int, const char *);
  2 | int sum_list(int *list, int length)
  3 | {
  4 |   int sum = 0;
  5 |   if (0)
  6 |   {
  7 |     __assert_fail("0", "", 3, "reach_error");
  8 |   }
  9 |   else
 10 |   {
 11 |   }
 12 |   int i = 0;
 13 |   for (; i < length; i++)
 14 |   {
 15 |     sum = sum + list[i];
 16 |   }
 17 | 
 18 |   return sum;
 19 | }
 20 | 
 21 | 
APPLIED site[2] -> ..\UPDATED_EXAMPLES\C\patterns\if0error\6_pure_site2.c

========================================================================
TRANSFORMED SOURCE (site[2])
========================================================================
(lines numbered 1..21)

  1 | extern void __assert_fail(const char *, const char *, unsigned int, const char *);
  2 | int sum_list(int *list, int length)
  3 | {
  4 |   int sum = 0;
  5 |   int i = 0;
  6 |   if (0)
  7 |   {
  8 |     __assert_fail("0", "", 3, "reach_error");
  9 |   }
 10 |   else
 11 |   {
 12 |   }
 13 |   for (; i < length; i++)
 14 |   {
 15 |     sum = sum + list[i];
 16 |   }
 17 | 
 18 |   return sum;
 19 | }
 20 | 
 21 | 
APPLIED site[3] -> ..\UPDATED_EXAMPLES\C\patterns\if0error\6_pure_site3.c

========================================================================
TRANSFORMED SOURCE (site[3])
========================================================================
(lines numbered 1..21)

  1 | extern void __assert_fail(const char *, const char *, unsigned int, const char *);
  2 | int sum_list(int *list, int length)
  3 | {
  4 |   int sum = 0;
  5 |   int i = 0;
  6 |   for (; i < length; i++)
  7 |   {
  8 |     if (0)
  9 |     {
 10 |       __assert_fail("0", "", 3, "reach_error");
 11 |     }
 12 |     else
 13 |     {
 14 |     }
 15 |     sum = sum + list[i];
 16 |   }
 17 | 
 18 |   return sum;
 19 | }
 20 | 
 21 | 
APPLIED site[4] -> ..\UPDATED_EXAMPLES\C\patterns\if0error\6_pure_site4.c

========================================================================
TRANSFORMED SOURCE (site[4])
========================================================================
(lines numbered 1..21)

  1 | extern void __assert_fail(const char *, const char *, unsigned int, const char *);
  2 | int sum_list(int *list, int length)
  3 | {
  4 |   int sum = 0;
  5 |   int i = 0;
  6 |   for (; i < length; i++)
  7 |   {
  8 |     sum = sum + list[i];
  9 |     if (0)
 10 |     {
 11 |       __assert_fail("0", "", 3, "reach_error");
 12 |     }
 13 |     else
 14 |     {
 15 |     }
 16 |   }
 17 | 
 18 |   return sum;
 19 | }
 20 | 
 21 | 
APPLIED site[5] -> ..\UPDATED_EXAMPLES\C\patterns\if0error\6_pure_site5.c

========================================================================
TRANSFORMED SOURCE (site[5])
========================================================================
(lines numbered 1..21)

  1 | extern void __assert_fail(const char *, const char *, unsigned int, const char *);
  2 | int sum_list(int *list, int length)
  3 | {
  4 |   int sum = 0;
  5 |   int i = 0;
  6 |   for (; i < length; i++)
  7 |   {
  8 |     sum = sum + list[i];
  9 |   }
 10 | 
 11 |   if (0)
 12 |   {
 13 |     __assert_fail("0", "", 3, "reach_error");
 14 |   }
 15 |   else
 16 |   {
 17 |   }
 18 |   return sum;
 19 | }
 20 | 
 21 | 
APPLIED site[6] -> ..\UPDATED_EXAMPLES\C\patterns\if0error\6_pure_site6.c

========================================================================
TRANSFORMED SOURCE (site[6])
========================================================================
(lines numbered 1..21)

  1 | extern void __assert_fail(const char *, const char *, unsigned int, const char *);
  2 | int sum_list(int *list, int length)
  3 | {
  4 |   int sum = 0;
  5 |   int i = 0;
  6 |   for (; i < length; i++)
  7 |   {
  8 |     sum = sum + list[i];
  9 |   }
 10 | 
 11 |   return sum;
 12 |   if (0)
 13 |   {
 14 |     __assert_fail("0", "", 3, "reach_error");
 15 |   }
 16 |   else
 17 |   {
 18 |   }
 19 | }
 20 | 
 21 | 
