[INFO] Robustness mode started
[INFO] Robustness transforms: addIfZero
[INFO] Robustness repeat: 5
[AddIfZero] candidate count = 1
[AddIfZero] candidate 0 | function=absolute | role=BLOCK_ITEM[0] | path=absolute.body.block[0] | kind=IfStatement(arms=2) | if (A_1016994270 >= 0) { return A_1016994270; } else { return -A_1016994270; }
[ADD_IF_ZERO_SITE] application 1: default site 0 / 1
[AddIfZero] SELECTED INDEX = 0
[AddIfZero] SELECTED | function=absolute | role=BLOCK_ITEM[0] | path=absolute.body.block[0] | kind=IfStatement(arms=2) | if (A_1016994270 >= 0) { return A_1016994270; } else { return -A_1016994270; }
[AddIfZero] WRAP class=Branch | IfStatement(arms=2) | if (A_1016994270 >= 0) { return A_1016994270; } else { return -A_1016994270; }
[AddIfZero] candidate count = 4
[AddIfZero] candidate 0 | function=absolute | role=BLOCK_ITEM[0] | path=absolute.body.block[0] | kind=IfStatement(arms=2) | if (0) { /*@ assert false; @*/ } else { if (A_379623433 >= 0) { return A_3796...
[AddIfZero] candidate 1 | function=absolute | role=IF_TRUE | path=absolute.body.block[0].branch[0] | kind=CompoundStatement(locals=0, items=1) | { /*@ assert false; @*/ }
[AddIfZero] candidate 2 | function=absolute | role=IF_ELSE[1] | path=absolute.body.block[0].branch[1] | kind=CompoundStatement(locals=0, items=1) | { if (A_379623433 >= 0) { return A_379623433; } else { return -A_379623433; } }
[AddIfZero] candidate 3 | function=absolute | role=BLOCK_ITEM[0] | path=absolute.body.block[0].branch[1].block[0] | kind=IfStatement(arms=2) | if (A_379623433 >= 0) { return A_379623433; } else { return -A_379623433; }
[ADD_IF_ZERO_SITE] application 2: default site 0 / 4
[AddIfZero] SELECTED INDEX = 0
[AddIfZero] SELECTED | function=absolute | role=BLOCK_ITEM[0] | path=absolute.body.block[0] | kind=IfStatement(arms=2) | if (0) { /*@ assert false; @*/ } else { if (A_379623433 >= 0) { return A_3796...
[AddIfZero] WRAP class=Branch | IfStatement(arms=2) | if (0) { /*@ assert false; @*/ } else { if (A_379623433 >= 0) { return A_3796...
[AddIfZero] candidate count = 7
[AddIfZero] candidate 0 | function=absolute | role=BLOCK_ITEM[0] | path=absolute.body.block[0] | kind=IfStatement(arms=2) | if (0) { /*@ assert false; @*/ } else { if (0) { /*@ assert false; @*/ } else...
[AddIfZero] candidate 1 | function=absolute | role=IF_TRUE | path=absolute.body.block[0].branch[0] | kind=CompoundStatement(locals=0, items=1) | { /*@ assert false; @*/ }
[AddIfZero] candidate 2 | function=absolute | role=IF_ELSE[1] | path=absolute.body.block[0].branch[1] | kind=CompoundStatement(locals=0, items=1) | { if (0) { /*@ assert false; @*/ } else { if (A_256417920 >= 0) { return A_25...
[AddIfZero] candidate 3 | function=absolute | role=BLOCK_ITEM[0] | path=absolute.body.block[0].branch[1].block[0] | kind=IfStatement(arms=2) | if (0) { /*@ assert false; @*/ } else { if (A_256417920 >= 0) { return A_2564...
[AddIfZero] candidate 4 | function=absolute | role=IF_TRUE | path=absolute.body.block[0].branch[1].block[0].branch[0] | kind=CompoundStatement(locals=0, items=1) | { /*@ assert false; @*/ }
[AddIfZero] candidate 5 | function=absolute | role=IF_ELSE[1] | path=absolute.body.block[0].branch[1].block[0].branch[1] | kind=CompoundStatement(locals=0, items=1) | { if (A_256417920 >= 0) { return A_256417920; } else { return -A_256417920; } }
[AddIfZero] candidate 6 | function=absolute | role=BLOCK_ITEM[0] | path=absolute.body.block[0].branch[1].block[0].branch[1].block[0] | kind=IfStatement(arms=2) | if (A_256417920 >= 0) { return A_256417920; } else { return -A_256417920; }
[ADD_IF_ZERO_SITE] application 3: default site 0 / 7
[AddIfZero] SELECTED INDEX = 0
[AddIfZero] SELECTED | function=absolute | role=BLOCK_ITEM[0] | path=absolute.body.block[0] | kind=IfStatement(arms=2) | if (0) { /*@ assert false; @*/ } else { if (0) { /*@ assert false; @*/ } else...
[AddIfZero] WRAP class=Branch | IfStatement(arms=2) | if (0) { /*@ assert false; @*/ } else { if (0) { /*@ assert false; @*/ } else...
[AddIfZero] candidate count = 10
[AddIfZero] candidate 0 | function=absolute | role=BLOCK_ITEM[0] | path=absolute.body.block[0] | kind=IfStatement(arms=2) | if (0) { /*@ assert false; @*/ } else { if (0) { /*@ assert false; @*/ } else...
[AddIfZero] candidate 1 | function=absolute | role=IF_TRUE | path=absolute.body.block[0].branch[0] | kind=CompoundStatement(locals=0, items=1) | { /*@ assert false; @*/ }
[AddIfZero] candidate 2 | function=absolute | role=IF_ELSE[1] | path=absolute.body.block[0].branch[1] | kind=CompoundStatement(locals=0, items=1) | { if (0) { /*@ assert false; @*/ } else { if (0) { /*@ assert false; @*/ } el...
[AddIfZero] candidate 3 | function=absolute | role=BLOCK_ITEM[0] | path=absolute.body.block[0].branch[1].block[0] | kind=IfStatement(arms=2) | if (0) { /*@ assert false; @*/ } else { if (0) { /*@ assert false; @*/ } else...
[AddIfZero] candidate 4 | function=absolute | role=IF_TRUE | path=absolute.body.block[0].branch[1].block[0].branch[0] | kind=CompoundStatement(locals=0, items=1) | { /*@ assert false; @*/ }
[AddIfZero] candidate 5 | function=absolute | role=IF_ELSE[1] | path=absolute.body.block[0].branch[1].block[0].branch[1] | kind=CompoundStatement(locals=0, items=1) | { if (0) { /*@ assert false; @*/ } else { if (A_1206973460 >= 0) { return A_1...
[AddIfZero] candidate 6 | function=absolute | role=BLOCK_ITEM[0] | path=absolute.body.block[0].branch[1].block[0].branch[1].block[0] | kind=IfStatement(arms=2) | if (0) { /*@ assert false; @*/ } else { if (A_1206973460 >= 0) { return A_120...
[AddIfZero] candidate 7 | function=absolute | role=IF_TRUE | path=absolute.body.block[0].branch[1].block[0].branch[1].block[0].branch[0] | kind=CompoundStatement(locals=0, items=1) | { /*@ assert false; @*/ }
[AddIfZero] candidate 8 | function=absolute | role=IF_ELSE[1] | path=absolute.body.block[0].branch[1].block[0].branch[1].block[0].branch[1] | kind=CompoundStatement(locals=0, items=1) | { if (A_1206973460 >= 0) { return A_1206973460; } else { return -A_1206973460...
[AddIfZero] candidate 9 | function=absolute | role=BLOCK_ITEM[0] | path=absolute.body.block[0].branch[1].block[0].branch[1].block[0].branch[1].block[0] | kind=IfStatement(arms=2) | if (A_1206973460 >= 0) { return A_1206973460; } else { return -A_1206973460; }
[ADD_IF_ZERO_SITE] application 4: default site 0 / 10
[AddIfZero] SELECTED INDEX = 0
[AddIfZero] SELECTED | function=absolute | role=BLOCK_ITEM[0] | path=absolute.body.block[0] | kind=IfStatement(arms=2) | if (0) { /*@ assert false; @*/ } else { if (0) { /*@ assert false; @*/ } else...
[AddIfZero] WRAP class=Branch | IfStatement(arms=2) | if (0) { /*@ assert false; @*/ } else { if (0) { /*@ assert false; @*/ } else...
[AddIfZero] candidate count = 13
[AddIfZero] candidate 0 | function=absolute | role=BLOCK_ITEM[0] | path=absolute.body.block[0] | kind=IfStatement(arms=2) | if (0) { /*@ assert false; @*/ } else { if (0) { /*@ assert false; @*/ } else...
[AddIfZero] candidate 1 | function=absolute | role=IF_TRUE | path=absolute.body.block[0].branch[0] | kind=CompoundStatement(locals=0, items=1) | { /*@ assert false; @*/ }
[AddIfZero] candidate 2 | function=absolute | role=IF_ELSE[1] | path=absolute.body.block[0].branch[1] | kind=CompoundStatement(locals=0, items=1) | { if (0) { /*@ assert false; @*/ } else { if (0) { /*@ assert false; @*/ } el...
[AddIfZero] candidate 3 | function=absolute | role=BLOCK_ITEM[0] | path=absolute.body.block[0].branch[1].block[0] | kind=IfStatement(arms=2) | if (0) { /*@ assert false; @*/ } else { if (0) { /*@ assert false; @*/ } else...
[AddIfZero] candidate 4 | function=absolute | role=IF_TRUE | path=absolute.body.block[0].branch[1].block[0].branch[0] | kind=CompoundStatement(locals=0, items=1) | { /*@ assert false; @*/ }
[AddIfZero] candidate 5 | function=absolute | role=IF_ELSE[1] | path=absolute.body.block[0].branch[1].block[0].branch[1] | kind=CompoundStatement(locals=0, items=1) | { if (0) { /*@ assert false; @*/ } else { if (0) { /*@ assert false; @*/ } el...
[AddIfZero] candidate 6 | function=absolute | role=BLOCK_ITEM[0] | path=absolute.body.block[0].branch[1].block[0].branch[1].block[0] | kind=IfStatement(arms=2) | if (0) { /*@ assert false; @*/ } else { if (0) { /*@ assert false; @*/ } else...
[AddIfZero] candidate 7 | function=absolute | role=IF_TRUE | path=absolute.body.block[0].branch[1].block[0].branch[1].block[0].branch[0] | kind=CompoundStatement(locals=0, items=1) | { /*@ assert false; @*/ }
[AddIfZero] candidate 8 | function=absolute | role=IF_ELSE[1] | path=absolute.body.block[0].branch[1].block[0].branch[1].block[0].branch[1] | kind=CompoundStatement(locals=0, items=1) | { if (0) { /*@ assert false; @*/ } else { if (A_899557330 >= 0) { return A_89...
[AddIfZero] candidate 9 | function=absolute | role=BLOCK_ITEM[0] | path=absolute.body.block[0].branch[1].block[0].branch[1].block[0].branch[1].block[0] | kind=IfStatement(arms=2) | if (0) { /*@ assert false; @*/ } else { if (A_899557330 >= 0) { return A_8995...
[AddIfZero] candidate 10 | function=absolute | role=IF_TRUE | path=absolute.body.block[0].branch[1].block[0].branch[1].block[0].branch[1].block[0].branch[0] | kind=CompoundStatement(locals=0, items=1) | { /*@ assert false; @*/ }
[AddIfZero] candidate 11 | function=absolute | role=IF_ELSE[1] | path=absolute.body.block[0].branch[1].block[0].branch[1].block[0].branch[1].block[0].branch[1] | kind=CompoundStatement(locals=0, items=1) | { if (A_899557330 >= 0) { return A_899557330; } else { return -A_899557330; } }
[AddIfZero] candidate 12 | function=absolute | role=BLOCK_ITEM[0] | path=absolute.body.block[0].branch[1].block[0].branch[1].block[0].branch[1].block[0].branch[1].block[0] | kind=IfStatement(arms=2) | if (A_899557330 >= 0) { return A_899557330; } else { return -A_899557330; }
[ADD_IF_ZERO_SITE] application 5: default site 0 / 13
[AddIfZero] SELECTED INDEX = 0
[AddIfZero] SELECTED | function=absolute | role=BLOCK_ITEM[0] | path=absolute.body.block[0] | kind=IfStatement(arms=2) | if (0) { /*@ assert false; @*/ } else { if (0) { /*@ assert false; @*/ } else...
[AddIfZero] WRAP class=Branch | IfStatement(arms=2) | if (0) { /*@ assert false; @*/ } else { if (0) { /*@ assert false; @*/ } else...
[INFO] Writing unknown.c to robustness-transformed.c
[INFO] Robustness transformation completed
[INFO] Output written to robustness-transformed.c
