
========================================================================
TRANSFORM DEBUG LOG
========================================================================
log_file: C:\Users\filiz.yildiz1\Projects\UT\UPDATED_EXAMPLES\C\out_sites\1_absolute\add_if1\1_absolute_transform.log
source_file: C:\Users\filiz.yildiz1\Projects\UT\UPDATED_EXAMPLES\C\1_absolute.c
mode: implement_all_list
selected_transforms: ['add_if1']

========================================================================
SEED SOURCE
========================================================================
(lines numbered 1..9)

  1 | //@ ensures \result == (a >= 0 ? a : -a);
  2 | 
  3 | int absolute(int a) {
  4 |     if (a >= 0) {
  5 |         return a;
  6 |     } else {
  7 |         return -a;
  8 |     }
  9 | }

========================================================================
PARSED AST (before site scan)
========================================================================

------------------------------------------------------------------------
AST (parsed from seed)
------------------------------------------------------------------------
└── root: FileAST
    └── ext[0]: FuncDef decl='absolute'
        ├── decl: Decl name='absolute'
        │   └── type: FuncDecl
        │       ├── args: ParamList
        │       │   └── params[0]: Decl name='a'
        │       │       └── type: TypeDecl
        │       │           └── type: IdentifierType
        │       └── type: TypeDecl
        │           └── type: IdentifierType
        └── body: Compound
            └── block_items[0]: If
                ├── cond: BinaryOp op='>='
                │   ├── left: ID name='a'
                │   └── right: Constant int='0'
                ├── iftrue: Compound
                │   └── block_items[0]: Return
                │       └── expr: ID name='a'
                └── iffalse: Compound
                    └── block_items[0]: Return
                        └── expr: UnaryOp op='-'
                            └── expr: ID name='a'

========================================================================
SITE SCAN (suitability checks for every candidate)
========================================================================

========================================================================
SITE SCAN SUMMARY
========================================================================
transform: add_if1
applicable_site_count: 5
  site[0] APPLICABLE -> output *_site0.*
  site[1] APPLICABLE -> output *_site1.*
  site[2] APPLICABLE -> output *_site2.*
  site[3] APPLICABLE -> output *_site3.*
  site[4] APPLICABLE -> output *_site4.*

========================================================================
APPLY SITES (re-parse; check spam suppressed)
========================================================================
APPLIED site[0] -> C:\Users\filiz.yildiz1\Projects\UT\UPDATED_EXAMPLES\C\out_sites\1_absolute\add_if1\1_absolute_site0.c

========================================================================
TRANSFORMED SOURCE (site[0])
========================================================================
(lines numbered 1..19)

  1 | int absolute(int a)
  2 | {
  3 |   if (1)
  4 |   {
  5 |     if (a >= 0)
  6 |     {
  7 |       return a;
  8 |     }
  9 |     else
 10 |     {
 11 |       return -a;
 12 |     }
 13 |   }
 14 |   else
 15 |   {
 16 |   }
 17 | }
 18 | 
 19 | 
APPLIED site[1] -> C:\Users\filiz.yildiz1\Projects\UT\UPDATED_EXAMPLES\C\out_sites\1_absolute\add_if1\1_absolute_site1.c

========================================================================
TRANSFORMED SOURCE (site[1])
========================================================================
(lines numbered 1..19)

  1 | int absolute(int a)
  2 | {
  3 |   if (a >= 0)
  4 |   {
  5 |     if (1)
  6 |     {
  7 |       return a;
  8 |     }
  9 |     else
 10 |     {
 11 |     }
 12 |   }
 13 |   else
 14 |   {
 15 |     return -a;
 16 |   }
 17 | }
 18 | 
 19 | 
APPLIED site[2] -> C:\Users\filiz.yildiz1\Projects\UT\UPDATED_EXAMPLES\C\out_sites\1_absolute\add_if1\1_absolute_site2.c

========================================================================
TRANSFORMED SOURCE (site[2])
========================================================================
(lines numbered 1..19)

  1 | int absolute(int a)
  2 | {
  3 |   if (a >= 0)
  4 |   {
  5 |     return a;
  6 |   }
  7 |   else
  8 |   {
  9 |     if (1)
 10 |     {
 11 |       return -a;
 12 |     }
 13 |     else
 14 |     {
 15 |     }
 16 |   }
 17 | }
 18 | 
 19 | 
APPLIED site[3] -> C:\Users\filiz.yildiz1\Projects\UT\UPDATED_EXAMPLES\C\out_sites\1_absolute\add_if1\1_absolute_site3.c

========================================================================
TRANSFORMED SOURCE (site[3])
========================================================================
(lines numbered 1..19)

  1 | int absolute(int a)
  2 | {
  3 |   if (a >= 0)
  4 |   {
  5 |     if (1)
  6 |     {
  7 |       return a;
  8 |     }
  9 |     else
 10 |     {
 11 |     }
 12 |   }
 13 |   else
 14 |   {
 15 |     return -a;
 16 |   }
 17 | }
 18 | 
 19 | 
APPLIED site[4] -> C:\Users\filiz.yildiz1\Projects\UT\UPDATED_EXAMPLES\C\out_sites\1_absolute\add_if1\1_absolute_site4.c

========================================================================
TRANSFORMED SOURCE (site[4])
========================================================================
(lines numbered 1..19)

  1 | int absolute(int a)
  2 | {
  3 |   if (a >= 0)
  4 |   {
  5 |     return a;
  6 |   }
  7 |   else
  8 |   {
  9 |     if (1)
 10 |     {
 11 |       return -a;
 12 |     }
 13 |     else
 14 |     {
 15 |     }
 16 |   }
 17 | }
 18 | 
 19 | 
