
========================================================================
TRANSFORM DEBUG LOG
========================================================================
log_file: ..\UPDATED_EXAMPLES\C\patterns\add_if1\2_swap_transform.log
source_file: ..\UPDATED_EXAMPLES\C\2_swap.c
mode: implement_all_list
selected_transforms: ['add_if1']

========================================================================
SEED SOURCE
========================================================================
(lines numbered 1..24)

  1 | struct IntBox {
  2 |     int value;
  3 | };
  4 | 
  5 | /*@
  6 |   requires pointer1 != NULL;
  7 |   requires pointer2 != NULL;
  8 | 
  9 |   context pointer1 != pointer2 ==>
 10 |       Perm(pointer1->value, write) **
 11 |       Perm(pointer2->value, write);
 12 | 
 13 |   context pointer1 == pointer2 ==>
 14 |       Perm(pointer1->value, write);
 15 | 
 16 |   ensures pointer1->value == \old(pointer2->value);
 17 |   ensures pointer2->value == \old(pointer1->value);
 18 | @*/
 19 | static void swap(struct IntBox *pointer1, struct IntBox *pointer2)
 20 | {
 21 |     int temp = pointer1->value;
 22 |     pointer1->value = pointer2->value;
 23 |     pointer2->value = temp;
 24 | }

========================================================================
PARSED AST (before site scan)
========================================================================

------------------------------------------------------------------------
AST (parsed from seed)
------------------------------------------------------------------------
└── root: FileAST
    ├── ext[0]: Decl name=None
    │   └── type: Struct
    │       └── decls[0]: Decl name='value'
    │           └── type: TypeDecl
    │               └── type: IdentifierType
    └── ext[1]: FuncDef decl='swap'
        ├── decl: Decl name='swap'
        │   └── type: FuncDecl
        │       ├── args: ParamList
        │       │   ├── params[0]: Decl name='pointer1'
        │       │   │   └── type: PtrDecl
        │       │   │       └── type: TypeDecl
        │       │   │           └── type: Struct
        │       │   └── params[1]: Decl name='pointer2'
        │       │       └── type: PtrDecl
        │       │           └── type: TypeDecl
        │       │               └── type: Struct
        │       └── type: TypeDecl
        │           └── type: IdentifierType
        └── body: Compound
            ├── block_items[0]: Decl name='temp'
            │   ├── type: TypeDecl
            │   │   └── type: IdentifierType
            │   └── init: StructRef
            │       ├── name: ID name='pointer1'
            │       └── field: ID name='value'
            ├── block_items[1]: Assignment
            │   ├── lvalue: StructRef
            │   │   ├── name: ID name='pointer1'
            │   │   └── field: ID name='value'
            │   └── rvalue: StructRef
            │       ├── name: ID name='pointer2'
            │       └── field: ID name='value'
            └── block_items[2]: Assignment
                ├── lvalue: StructRef
                │   ├── name: ID name='pointer2'
                │   └── field: ID name='value'
                └── rvalue: ID name='temp'

========================================================================
SITE SCAN (suitability checks for every candidate)
========================================================================

========================================================================
SITE SCAN SUMMARY
========================================================================
transform: add_if1
applicable_site_count: 2
  site[0] APPLICABLE -> output *_site0.*
  site[1] APPLICABLE -> output *_site1.*

========================================================================
APPLY SITES (re-parse; check spam suppressed)
========================================================================
APPLIED site[0] -> ..\UPDATED_EXAMPLES\C\patterns\add_if1\2_swap_site0.c

========================================================================
TRANSFORMED SOURCE (site[0])
========================================================================
(lines numbered 1..18)

  1 | struct IntBox
  2 | {
  3 |   int value;
  4 | };
  5 | static void swap(struct IntBox *pointer1, struct IntBox *pointer2)
  6 | {
  7 |   int temp = pointer1->value;
  8 |   if (1)
  9 |   {
 10 |     pointer1->value = pointer2->value;
 11 |   }
 12 |   else
 13 |   {
 14 |   }
 15 |   pointer2->value = temp;
 16 | }
 17 | 
 18 | 
APPLIED site[1] -> ..\UPDATED_EXAMPLES\C\patterns\add_if1\2_swap_site1.c

========================================================================
TRANSFORMED SOURCE (site[1])
========================================================================
(lines numbered 1..18)

  1 | struct IntBox
  2 | {
  3 |   int value;
  4 | };
  5 | static void swap(struct IntBox *pointer1, struct IntBox *pointer2)
  6 | {
  7 |   int temp = pointer1->value;
  8 |   pointer1->value = pointer2->value;
  9 |   if (1)
 10 |   {
 11 |     pointer2->value = temp;
 12 |   }
 13 |   else
 14 |   {
 15 |   }
 16 | }
 17 | 
 18 | 
