
========================================================================
TRANSFORM DEBUG LOG
========================================================================
log_file: ..\UPDATED_EXAMPLES\C\patterns\add_if1\3_while_multip_transform.log
source_file: ..\UPDATED_EXAMPLES\C\3_while_multip.c
mode: implement_all_list
selected_transforms: ['add_if1']

========================================================================
SEED SOURCE
========================================================================
(lines numbered 1..25)

  1 | /*@
  2 |   requires k >= 0 && m >= 0;
  3 |   ensures \result == k * m;
  4 | @*/
  5 | 
  6 | 
  7 | int mult_add(int k, int m)
  8 | {
  9 |     int sum = 0;
 10 |     int remaining = m;
 11 | 
 12 |     //@ loop_invariant 0 <= remaining && remaining <= m;
 13 |     //@ loop_invariant sum == (m - remaining) * k;
 14 |     //@ decreases remaining;
 15 | 
 16 |     while (0 < remaining)
 17 |     {
 18 |         sum = sum + k;
 19 |         remaining--;
 20 |     }
 21 | 
 22 |     return sum;
 23 | }
 24 | 
 25 | 

========================================================================
PARSED AST (before site scan)
========================================================================

------------------------------------------------------------------------
AST (parsed from seed)
------------------------------------------------------------------------
└── root: FileAST
    └── ext[0]: FuncDef decl='mult_add'
        ├── decl: Decl name='mult_add'
        │   └── type: FuncDecl
        │       ├── args: ParamList
        │       │   ├── params[0]: Decl name='k'
        │       │   │   └── type: TypeDecl
        │       │   │       └── type: IdentifierType
        │       │   └── params[1]: Decl name='m'
        │       │       └── type: TypeDecl
        │       │           └── type: IdentifierType
        │       └── type: TypeDecl
        │           └── type: IdentifierType
        └── body: Compound
            ├── block_items[0]: Decl name='sum'
            │   ├── type: TypeDecl
            │   │   └── type: IdentifierType
            │   └── init: Constant int='0'
            ├── block_items[1]: Decl name='remaining'
            │   ├── type: TypeDecl
            │   │   └── type: IdentifierType
            │   └── init: ID name='m'
            ├── block_items[2]: While
            │   ├── cond: BinaryOp op='<'
            │   │   ├── left: Constant int='0'
            │   │   └── right: ID name='remaining'
            │   └── stmt: Compound
            │       ├── block_items[0]: Assignment
            │       │   ├── lvalue: ID name='sum'
            │       │   └── rvalue: BinaryOp op='+'
            │       │       ├── left: ID name='sum'
            │       │       └── right: ID name='k'
            │       └── block_items[1]: UnaryOp op='p--'
            │           └── expr: ID name='remaining'
            └── block_items[3]: Return
                └── expr: ID name='sum'

========================================================================
SITE SCAN (suitability checks for every candidate)
========================================================================

========================================================================
SITE SCAN SUMMARY
========================================================================
transform: add_if1
applicable_site_count: 5
  site[0] APPLICABLE -> output *_site0.*
  site[1] APPLICABLE -> output *_site1.*
  site[2] APPLICABLE -> output *_site2.*
  site[3] APPLICABLE -> output *_site3.*
  site[4] APPLICABLE -> output *_site4.*

========================================================================
APPLY SITES (re-parse; check spam suppressed)
========================================================================
APPLIED site[0] -> ..\UPDATED_EXAMPLES\C\patterns\add_if1\3_while_multip_site0.c

========================================================================
TRANSFORMED SOURCE (site[0])
========================================================================
(lines numbered 1..20)

  1 | int mult_add(int k, int m)
  2 | {
  3 |   int sum = 0;
  4 |   int remaining = m;
  5 |   if (1)
  6 |   {
  7 |     while (0 < remaining)
  8 |     {
  9 |       sum = sum + k;
 10 |       remaining--;
 11 |     }
 12 | 
 13 |   }
 14 |   else
 15 |   {
 16 |   }
 17 |   return sum;
 18 | }
 19 | 
 20 | 
APPLIED site[1] -> ..\UPDATED_EXAMPLES\C\patterns\add_if1\3_while_multip_site1.c

========================================================================
TRANSFORMED SOURCE (site[1])
========================================================================
(lines numbered 1..18)

  1 | int mult_add(int k, int m)
  2 | {
  3 |   int sum = 0;
  4 |   int remaining = m;
  5 |   while (0 < remaining)
  6 |     if (1)
  7 |   {
  8 |     sum = sum + k;
  9 |     remaining--;
 10 |   }
 11 |   else
 12 |   {
 13 |   }
 14 | 
 15 |   return sum;
 16 | }
 17 | 
 18 | 
APPLIED site[2] -> ..\UPDATED_EXAMPLES\C\patterns\add_if1\3_while_multip_site2.c

========================================================================
TRANSFORMED SOURCE (site[2])
========================================================================
(lines numbered 1..20)

  1 | int mult_add(int k, int m)
  2 | {
  3 |   int sum = 0;
  4 |   int remaining = m;
  5 |   while (0 < remaining)
  6 |   {
  7 |     if (1)
  8 |     {
  9 |       sum = sum + k;
 10 |     }
 11 |     else
 12 |     {
 13 |     }
 14 |     remaining--;
 15 |   }
 16 | 
 17 |   return sum;
 18 | }
 19 | 
 20 | 
APPLIED site[3] -> ..\UPDATED_EXAMPLES\C\patterns\add_if1\3_while_multip_site3.c

========================================================================
TRANSFORMED SOURCE (site[3])
========================================================================
(lines numbered 1..20)

  1 | int mult_add(int k, int m)
  2 | {
  3 |   int sum = 0;
  4 |   int remaining = m;
  5 |   while (0 < remaining)
  6 |   {
  7 |     sum = sum + k;
  8 |     if (1)
  9 |     {
 10 |       remaining--;
 11 |     }
 12 |     else
 13 |     {
 14 |     }
 15 |   }
 16 | 
 17 |   return sum;
 18 | }
 19 | 
 20 | 
APPLIED site[4] -> ..\UPDATED_EXAMPLES\C\patterns\add_if1\3_while_multip_site4.c

========================================================================
TRANSFORMED SOURCE (site[4])
========================================================================
(lines numbered 1..20)

  1 | int mult_add(int k, int m)
  2 | {
  3 |   int sum = 0;
  4 |   int remaining = m;
  5 |   while (0 < remaining)
  6 |   {
  7 |     sum = sum + k;
  8 |     remaining--;
  9 |   }
 10 | 
 11 |   if (1)
 12 |   {
 13 |     return sum;
 14 |   }
 15 |   else
 16 |   {
 17 |   }
 18 | }
 19 | 
 20 | 
