[INFO] Robustness mode started
[INFO] Robustness transforms: addIfZero
[INFO] Robustness repeat: 5
[AddIfZero] candidate count = 5
[AddIfZero] candidate 0 | function=is_biggest | role=BLOCK_ITEM[2] | path=is_biggest.body.block[2] | kind=LoopScope(init=Eval, cond=AmbiguousLess, update=Eval, body=Scope) | { /*@ loop_invariant 1 <= I_884262954; loop_invariant I_884262954 <= Length_1...
[AddIfZero] candidate 1 | function=is_biggest | role=LOOP_BODY | path=is_biggest.body.block[2].loop.body | kind=CompoundStatement(locals=0, items=1) | { if (Arr_598892781[I_884262954] > Biggest_114667872) { Biggest_114667872 = A...
[AddIfZero] candidate 2 | function=is_biggest | role=BLOCK_ITEM[0] | path=is_biggest.body.block[2].loop.body.block[0] | kind=IfStatement(arms=1) | if (Arr_598892781[I_884262954] > Biggest_114667872) { Biggest_114667872 = Arr...
[AddIfZero] candidate 3 | function=is_biggest | role=IF_TRUE | path=is_biggest.body.block[2].loop.body.block[0].branch[0] | kind=CompoundStatement(locals=0, items=1) | { Biggest_114667872 = Arr_598892781[I_884262954]; }
[AddIfZero] candidate 4 | function=is_biggest | role=BLOCK_ITEM[0] | path=is_biggest.body.block[2].loop.body.block[0].branch[0].block[0] | kind=ExpressionStatement(expr=PreAssignExpression) | Biggest_114667872 = Arr_598892781[I_884262954];
[ADD_IF_ZERO_SITE] application 1: default site 0 / 5
[AddIfZero] SELECTED INDEX = 0
[AddIfZero] SELECTED | function=is_biggest | role=BLOCK_ITEM[2] | path=is_biggest.body.block[2] | kind=LoopScope(init=Eval, cond=AmbiguousLess, update=Eval, body=Scope) | { /*@ loop_invariant 1 <= I_884262954; loop_invariant I_884262954 <= Length_1...
[AddIfZero] WRAP class=Scope | LoopScope(init=Eval, cond=AmbiguousLess, update=Eval, body=Scope) | { /*@ loop_invariant 1 <= I_884262954; loop_invariant I_884262954 <= Length_1...
[AddIfZero] candidate count = 9
[AddIfZero] candidate 0 | function=is_biggest | role=BLOCK_ITEM[1] | path=is_biggest.body.block[1] | kind=AssignmentStatement | Biggest_1908533007 = Arr_342425950[0];
[AddIfZero] candidate 1 | function=is_biggest | role=BLOCK_ITEM[3] | path=is_biggest.body.block[3] | kind=IfStatement(arms=2) | if (0) { /*@ assert false; @*/ } else { /*@ loop_invariant 1 <= I_1160596402;...
[AddIfZero] candidate 2 | function=is_biggest | role=IF_TRUE | path=is_biggest.body.block[3].branch[0] | kind=CompoundStatement(locals=0, items=1) | { /*@ assert false; @*/ }
[AddIfZero] candidate 3 | function=is_biggest | role=IF_ELSE[1] | path=is_biggest.body.block[3].branch[1] | kind=CompoundStatement(locals=0, items=1) | { /*@ loop_invariant 1 <= I_1160596402; loop_invariant I_1160596402 <= Length...
[AddIfZero] candidate 4 | function=is_biggest | role=BLOCK_ITEM[0] | path=is_biggest.body.block[3].branch[1].block[0] | kind=LoopScope(init=Eval, cond=AmbiguousLess, update=Eval, body=Scope) | { /*@ loop_invariant 1 <= I_1160596402; loop_invariant I_1160596402 <= Length...
[AddIfZero] candidate 5 | function=is_biggest | role=LOOP_BODY | path=is_biggest.body.block[3].branch[1].block[0].loop.body | kind=CompoundStatement(locals=0, items=1) | { if (Arr_342425950[I_1160596402] > Biggest_1908533007) { Biggest_1908533007 ...
[AddIfZero] candidate 6 | function=is_biggest | role=BLOCK_ITEM[0] | path=is_biggest.body.block[3].branch[1].block[0].loop.body.block[0] | kind=IfStatement(arms=1) | if (Arr_342425950[I_1160596402] > Biggest_1908533007) { Biggest_1908533007 = ...
[AddIfZero] candidate 7 | function=is_biggest | role=IF_TRUE | path=is_biggest.body.block[3].branch[1].block[0].loop.body.block[0].branch[0] | kind=CompoundStatement(locals=0, items=1) | { Biggest_1908533007 = Arr_342425950[I_1160596402]; }
[AddIfZero] candidate 8 | function=is_biggest | role=BLOCK_ITEM[0] | path=is_biggest.body.block[3].branch[1].block[0].loop.body.block[0].branch[0].block[0] | kind=ExpressionStatement(expr=PreAssignExpression) | Biggest_1908533007 = Arr_342425950[I_1160596402];
[ADD_IF_ZERO_SITE] application 2: default site 0 / 9
[AddIfZero] SELECTED INDEX = 0
[AddIfZero] SELECTED | function=is_biggest | role=BLOCK_ITEM[1] | path=is_biggest.body.block[1] | kind=AssignmentStatement | Biggest_1908533007 = Arr_342425950[0];
[AddIfZero] WRAP class=AssignInitial | AssignmentStatement | Biggest_1908533007 = Arr_342425950[0];
[AddIfZero] candidate count = 12
[AddIfZero] candidate 0 | function=is_biggest | role=BLOCK_ITEM[1] | path=is_biggest.body.block[1] | kind=IfStatement(arms=2) | if (0) { /*@ assert false; @*/ } else { Biggest_1490951586 = Arr_1922353662[0...
[AddIfZero] candidate 1 | function=is_biggest | role=IF_TRUE | path=is_biggest.body.block[1].branch[0] | kind=CompoundStatement(locals=0, items=1) | { /*@ assert false; @*/ }
[AddIfZero] candidate 2 | function=is_biggest | role=IF_ELSE[1] | path=is_biggest.body.block[1].branch[1] | kind=CompoundStatement(locals=0, items=1) | { Biggest_1490951586 = Arr_1922353662[0]; }
[AddIfZero] candidate 3 | function=is_biggest | role=BLOCK_ITEM[0] | path=is_biggest.body.block[1].branch[1].block[0] | kind=AssignmentStatement | Biggest_1490951586 = Arr_1922353662[0];
[AddIfZero] candidate 4 | function=is_biggest | role=BLOCK_ITEM[3] | path=is_biggest.body.block[3] | kind=IfStatement(arms=2) | if (0) { /*@ assert false; @*/ } else { /*@ loop_invariant 1 <= I_1709586930;...
[AddIfZero] candidate 5 | function=is_biggest | role=IF_TRUE | path=is_biggest.body.block[3].branch[0] | kind=CompoundStatement(locals=0, items=1) | { /*@ assert false; @*/ }
[AddIfZero] candidate 6 | function=is_biggest | role=IF_ELSE[1] | path=is_biggest.body.block[3].branch[1] | kind=CompoundStatement(locals=0, items=1) | { /*@ loop_invariant 1 <= I_1709586930; loop_invariant I_1709586930 <= Length...
[AddIfZero] candidate 7 | function=is_biggest | role=BLOCK_ITEM[0] | path=is_biggest.body.block[3].branch[1].block[0] | kind=LoopScope(init=Eval, cond=AmbiguousLess, update=Eval, body=Scope) | { /*@ loop_invariant 1 <= I_1709586930; loop_invariant I_1709586930 <= Length...
[AddIfZero] candidate 8 | function=is_biggest | role=LOOP_BODY | path=is_biggest.body.block[3].branch[1].block[0].loop.body | kind=CompoundStatement(locals=0, items=1) | { if (Arr_1922353662[I_1709586930] > Biggest_1490951586) { Biggest_1490951586...
[AddIfZero] candidate 9 | function=is_biggest | role=BLOCK_ITEM[0] | path=is_biggest.body.block[3].branch[1].block[0].loop.body.block[0] | kind=IfStatement(arms=1) | if (Arr_1922353662[I_1709586930] > Biggest_1490951586) { Biggest_1490951586 =...
[AddIfZero] candidate 10 | function=is_biggest | role=IF_TRUE | path=is_biggest.body.block[3].branch[1].block[0].loop.body.block[0].branch[0] | kind=CompoundStatement(locals=0, items=1) | { Biggest_1490951586 = Arr_1922353662[I_1709586930]; }
[AddIfZero] candidate 11 | function=is_biggest | role=BLOCK_ITEM[0] | path=is_biggest.body.block[3].branch[1].block[0].loop.body.block[0].branch[0].block[0] | kind=ExpressionStatement(expr=PreAssignExpression) | Biggest_1490951586 = Arr_1922353662[I_1709586930];
[ADD_IF_ZERO_SITE] application 3: default site 0 / 12
[AddIfZero] SELECTED INDEX = 0
[AddIfZero] SELECTED | function=is_biggest | role=BLOCK_ITEM[1] | path=is_biggest.body.block[1] | kind=IfStatement(arms=2) | if (0) { /*@ assert false; @*/ } else { Biggest_1490951586 = Arr_1922353662[0...
[AddIfZero] WRAP class=Branch | IfStatement(arms=2) | if (0) { /*@ assert false; @*/ } else { Biggest_1490951586 = Arr_1922353662[0...
[AddIfZero] candidate count = 15
[AddIfZero] candidate 0 | function=is_biggest | role=BLOCK_ITEM[1] | path=is_biggest.body.block[1] | kind=IfStatement(arms=2) | if (0) { /*@ assert false; @*/ } else { if (0) { /*@ assert false; @*/ } else...
[AddIfZero] candidate 1 | function=is_biggest | role=IF_TRUE | path=is_biggest.body.block[1].branch[0] | kind=CompoundStatement(locals=0, items=1) | { /*@ assert false; @*/ }
[AddIfZero] candidate 2 | function=is_biggest | role=IF_ELSE[1] | path=is_biggest.body.block[1].branch[1] | kind=CompoundStatement(locals=0, items=1) | { if (0) { /*@ assert false; @*/ } else { Biggest_749256016 = Arr_1205558159[...
[AddIfZero] candidate 3 | function=is_biggest | role=BLOCK_ITEM[0] | path=is_biggest.body.block[1].branch[1].block[0] | kind=IfStatement(arms=2) | if (0) { /*@ assert false; @*/ } else { Biggest_749256016 = Arr_1205558159[0]; }
[AddIfZero] candidate 4 | function=is_biggest | role=IF_TRUE | path=is_biggest.body.block[1].branch[1].block[0].branch[0] | kind=CompoundStatement(locals=0, items=1) | { /*@ assert false; @*/ }
[AddIfZero] candidate 5 | function=is_biggest | role=IF_ELSE[1] | path=is_biggest.body.block[1].branch[1].block[0].branch[1] | kind=CompoundStatement(locals=0, items=1) | { Biggest_749256016 = Arr_1205558159[0]; }
[AddIfZero] candidate 6 | function=is_biggest | role=BLOCK_ITEM[0] | path=is_biggest.body.block[1].branch[1].block[0].branch[1].block[0] | kind=AssignmentStatement | Biggest_749256016 = Arr_1205558159[0];
[AddIfZero] candidate 7 | function=is_biggest | role=BLOCK_ITEM[3] | path=is_biggest.body.block[3] | kind=IfStatement(arms=2) | if (0) { /*@ assert false; @*/ } else { /*@ loop_invariant 1 <= I_742474488; ...
[AddIfZero] candidate 8 | function=is_biggest | role=IF_TRUE | path=is_biggest.body.block[3].branch[0] | kind=CompoundStatement(locals=0, items=1) | { /*@ assert false; @*/ }
[AddIfZero] candidate 9 | function=is_biggest | role=IF_ELSE[1] | path=is_biggest.body.block[3].branch[1] | kind=CompoundStatement(locals=0, items=1) | { /*@ loop_invariant 1 <= I_742474488; loop_invariant I_742474488 <= Length_2...
[AddIfZero] candidate 10 | function=is_biggest | role=BLOCK_ITEM[0] | path=is_biggest.body.block[3].branch[1].block[0] | kind=LoopScope(init=Eval, cond=AmbiguousLess, update=Eval, body=Scope) | { /*@ loop_invariant 1 <= I_742474488; loop_invariant I_742474488 <= Length_2...
[AddIfZero] candidate 11 | function=is_biggest | role=LOOP_BODY | path=is_biggest.body.block[3].branch[1].block[0].loop.body | kind=CompoundStatement(locals=0, items=1) | { if (Arr_1205558159[I_742474488] > Biggest_749256016) { Biggest_749256016 = ...
[AddIfZero] candidate 12 | function=is_biggest | role=BLOCK_ITEM[0] | path=is_biggest.body.block[3].branch[1].block[0].loop.body.block[0] | kind=IfStatement(arms=1) | if (Arr_1205558159[I_742474488] > Biggest_749256016) { Biggest_749256016 = Ar...
[AddIfZero] candidate 13 | function=is_biggest | role=IF_TRUE | path=is_biggest.body.block[3].branch[1].block[0].loop.body.block[0].branch[0] | kind=CompoundStatement(locals=0, items=1) | { Biggest_749256016 = Arr_1205558159[I_742474488]; }
[AddIfZero] candidate 14 | function=is_biggest | role=BLOCK_ITEM[0] | path=is_biggest.body.block[3].branch[1].block[0].loop.body.block[0].branch[0].block[0] | kind=ExpressionStatement(expr=PreAssignExpression) | Biggest_749256016 = Arr_1205558159[I_742474488];
[ADD_IF_ZERO_SITE] application 4: default site 0 / 15
[AddIfZero] SELECTED INDEX = 0
[AddIfZero] SELECTED | function=is_biggest | role=BLOCK_ITEM[1] | path=is_biggest.body.block[1] | kind=IfStatement(arms=2) | if (0) { /*@ assert false; @*/ } else { if (0) { /*@ assert false; @*/ } else...
[AddIfZero] WRAP class=Branch | IfStatement(arms=2) | if (0) { /*@ assert false; @*/ } else { if (0) { /*@ assert false; @*/ } else...
[AddIfZero] candidate count = 18
[AddIfZero] candidate 0 | function=is_biggest | role=BLOCK_ITEM[1] | path=is_biggest.body.block[1] | kind=IfStatement(arms=2) | if (0) { /*@ assert false; @*/ } else { if (0) { /*@ assert false; @*/ } else...
[AddIfZero] candidate 1 | function=is_biggest | role=IF_TRUE | path=is_biggest.body.block[1].branch[0] | kind=CompoundStatement(locals=0, items=1) | { /*@ assert false; @*/ }
[AddIfZero] candidate 2 | function=is_biggest | role=IF_ELSE[1] | path=is_biggest.body.block[1].branch[1] | kind=CompoundStatement(locals=0, items=1) | { if (0) { /*@ assert false; @*/ } else { if (0) { /*@ assert false; @*/ } el...
[AddIfZero] candidate 3 | function=is_biggest | role=BLOCK_ITEM[0] | path=is_biggest.body.block[1].branch[1].block[0] | kind=IfStatement(arms=2) | if (0) { /*@ assert false; @*/ } else { if (0) { /*@ assert false; @*/ } else...
[AddIfZero] candidate 4 | function=is_biggest | role=IF_TRUE | path=is_biggest.body.block[1].branch[1].block[0].branch[0] | kind=CompoundStatement(locals=0, items=1) | { /*@ assert false; @*/ }
[AddIfZero] candidate 5 | function=is_biggest | role=IF_ELSE[1] | path=is_biggest.body.block[1].branch[1].block[0].branch[1] | kind=CompoundStatement(locals=0, items=1) | { if (0) { /*@ assert false; @*/ } else { Biggest_1445587204 = Arr_494474405[...
[AddIfZero] candidate 6 | function=is_biggest | role=BLOCK_ITEM[0] | path=is_biggest.body.block[1].branch[1].block[0].branch[1].block[0] | kind=IfStatement(arms=2) | if (0) { /*@ assert false; @*/ } else { Biggest_1445587204 = Arr_494474405[0]; }
[AddIfZero] candidate 7 | function=is_biggest | role=IF_TRUE | path=is_biggest.body.block[1].branch[1].block[0].branch[1].block[0].branch[0] | kind=CompoundStatement(locals=0, items=1) | { /*@ assert false; @*/ }
[AddIfZero] candidate 8 | function=is_biggest | role=IF_ELSE[1] | path=is_biggest.body.block[1].branch[1].block[0].branch[1].block[0].branch[1] | kind=CompoundStatement(locals=0, items=1) | { Biggest_1445587204 = Arr_494474405[0]; }
[AddIfZero] candidate 9 | function=is_biggest | role=BLOCK_ITEM[0] | path=is_biggest.body.block[1].branch[1].block[0].branch[1].block[0].branch[1].block[0] | kind=AssignmentStatement | Biggest_1445587204 = Arr_494474405[0];
[AddIfZero] candidate 10 | function=is_biggest | role=BLOCK_ITEM[3] | path=is_biggest.body.block[3] | kind=IfStatement(arms=2) | if (0) { /*@ assert false; @*/ } else { /*@ loop_invariant 1 <= I_1090332103;...
[AddIfZero] candidate 11 | function=is_biggest | role=IF_TRUE | path=is_biggest.body.block[3].branch[0] | kind=CompoundStatement(locals=0, items=1) | { /*@ assert false; @*/ }
[AddIfZero] candidate 12 | function=is_biggest | role=IF_ELSE[1] | path=is_biggest.body.block[3].branch[1] | kind=CompoundStatement(locals=0, items=1) | { /*@ loop_invariant 1 <= I_1090332103; loop_invariant I_1090332103 <= Length...
[AddIfZero] candidate 13 | function=is_biggest | role=BLOCK_ITEM[0] | path=is_biggest.body.block[3].branch[1].block[0] | kind=LoopScope(init=Eval, cond=AmbiguousLess, update=Eval, body=Scope) | { /*@ loop_invariant 1 <= I_1090332103; loop_invariant I_1090332103 <= Length...
[AddIfZero] candidate 14 | function=is_biggest | role=LOOP_BODY | path=is_biggest.body.block[3].branch[1].block[0].loop.body | kind=CompoundStatement(locals=0, items=1) | { if (Arr_494474405[I_1090332103] > Biggest_1445587204) { Biggest_1445587204 ...
[AddIfZero] candidate 15 | function=is_biggest | role=BLOCK_ITEM[0] | path=is_biggest.body.block[3].branch[1].block[0].loop.body.block[0] | kind=IfStatement(arms=1) | if (Arr_494474405[I_1090332103] > Biggest_1445587204) { Biggest_1445587204 = ...
[AddIfZero] candidate 16 | function=is_biggest | role=IF_TRUE | path=is_biggest.body.block[3].branch[1].block[0].loop.body.block[0].branch[0] | kind=CompoundStatement(locals=0, items=1) | { Biggest_1445587204 = Arr_494474405[I_1090332103]; }
[AddIfZero] candidate 17 | function=is_biggest | role=BLOCK_ITEM[0] | path=is_biggest.body.block[3].branch[1].block[0].loop.body.block[0].branch[0].block[0] | kind=ExpressionStatement(expr=PreAssignExpression) | Biggest_1445587204 = Arr_494474405[I_1090332103];
[ADD_IF_ZERO_SITE] application 5: default site 0 / 18
[AddIfZero] SELECTED INDEX = 0
[AddIfZero] SELECTED | function=is_biggest | role=BLOCK_ITEM[1] | path=is_biggest.body.block[1] | kind=IfStatement(arms=2) | if (0) { /*@ assert false; @*/ } else { if (0) { /*@ assert false; @*/ } else...
[AddIfZero] WRAP class=Branch | IfStatement(arms=2) | if (0) { /*@ assert false; @*/ } else { if (0) { /*@ assert false; @*/ } else...
[INFO] Writing unknown.c to robustness-transformed.c
[INFO] Robustness transformation completed
[INFO] Output written to robustness-transformed.c
