[INFO] Robustness mode started
[INFO] Robustness transforms: addIfZero
[INFO] Robustness repeat: 5
[AddIfZero] candidate count = 3
[AddIfZero] candidate 0 | function=sum_list | role=BLOCK_ITEM[2] | path=sum_list.body.block[2] | kind=LoopScope(init=Block, cond=AmbiguousLess, update=Eval, body=Scope) | { /*@ decreases Length_1025277563 - I_1368857906; loop_invariant 0 <= I_13688...
[AddIfZero] candidate 1 | function=sum_list | role=LOOP_BODY | path=sum_list.body.block[2].loop.body | kind=CompoundStatement(locals=0, items=1) | { Sum_2073462343 = Sum_2073462343 + List_317149559[I_1368857906]; }
[AddIfZero] candidate 2 | function=sum_list | role=BLOCK_ITEM[0] | path=sum_list.body.block[2].loop.body.block[0] | kind=ExpressionStatement(expr=PreAssignExpression) | Sum_2073462343 = Sum_2073462343 + List_317149559[I_1368857906];
[ADD_IF_ZERO_SITE] application 1: default site 0 / 3
[AddIfZero] SELECTED INDEX = 0
[AddIfZero] SELECTED | function=sum_list | role=BLOCK_ITEM[2] | path=sum_list.body.block[2] | kind=LoopScope(init=Block, cond=AmbiguousLess, update=Eval, body=Scope) | { /*@ decreases Length_1025277563 - I_1368857906; loop_invariant 0 <= I_13688...
[AddIfZero] WRAP class=Scope | LoopScope(init=Block, cond=AmbiguousLess, update=Eval, body=Scope) | { /*@ decreases Length_1025277563 - I_1368857906; loop_invariant 0 <= I_13688...
[AddIfZero] candidate count = 8
[AddIfZero] candidate 0 | function=sum_list | role=BLOCK_ITEM[1] | path=sum_list.body.block[1] | kind=AssignmentStatement | Sum_51079645 = 0;
[AddIfZero] candidate 1 | function=sum_list | role=BLOCK_ITEM[3] | path=sum_list.body.block[3] | kind=AssignmentStatement | I_472141361 = 0;
[AddIfZero] candidate 2 | function=sum_list | role=BLOCK_ITEM[4] | path=sum_list.body.block[4] | kind=IfStatement(arms=2) | if (0) { /*@ assert false; @*/ } else { /*@ decreases Length_1654583020 - I_4...
[AddIfZero] candidate 3 | function=sum_list | role=IF_TRUE | path=sum_list.body.block[4].branch[0] | kind=CompoundStatement(locals=0, items=1) | { /*@ assert false; @*/ }
[AddIfZero] candidate 4 | function=sum_list | role=IF_ELSE[1] | path=sum_list.body.block[4].branch[1] | kind=CompoundStatement(locals=0, items=1) | { /*@ decreases Length_1654583020 - I_472141361; loop_invariant 0 <= I_472141...
[AddIfZero] candidate 5 | function=sum_list | role=BLOCK_ITEM[0] | path=sum_list.body.block[4].branch[1].block[0] | kind=LoopScope(init=Block, cond=AmbiguousLess, update=Eval, body=Scope) | { /*@ decreases Length_1654583020 - I_472141361; loop_invariant 0 <= I_472141...
[AddIfZero] candidate 6 | function=sum_list | role=LOOP_BODY | path=sum_list.body.block[4].branch[1].block[0].loop.body | kind=CompoundStatement(locals=0, items=1) | { Sum_51079645 = Sum_51079645 + List_1405755439[I_472141361]; }
[AddIfZero] candidate 7 | function=sum_list | role=BLOCK_ITEM[0] | path=sum_list.body.block[4].branch[1].block[0].loop.body.block[0] | kind=ExpressionStatement(expr=PreAssignExpression) | Sum_51079645 = Sum_51079645 + List_1405755439[I_472141361];
[ADD_IF_ZERO_SITE] application 2: default site 0 / 8
[AddIfZero] SELECTED INDEX = 0
[AddIfZero] SELECTED | function=sum_list | role=BLOCK_ITEM[1] | path=sum_list.body.block[1] | kind=AssignmentStatement | Sum_51079645 = 0;
[AddIfZero] WRAP class=AssignInitial | AssignmentStatement | Sum_51079645 = 0;
[AddIfZero] candidate count = 11
[AddIfZero] candidate 0 | function=sum_list | role=BLOCK_ITEM[1] | path=sum_list.body.block[1] | kind=IfStatement(arms=2) | if (0) { /*@ assert false; @*/ } else { Sum_2035231711 = 0; }
[AddIfZero] candidate 1 | function=sum_list | role=IF_TRUE | path=sum_list.body.block[1].branch[0] | kind=CompoundStatement(locals=0, items=1) | { /*@ assert false; @*/ }
[AddIfZero] candidate 2 | function=sum_list | role=IF_ELSE[1] | path=sum_list.body.block[1].branch[1] | kind=CompoundStatement(locals=0, items=1) | { Sum_2035231711 = 0; }
[AddIfZero] candidate 3 | function=sum_list | role=BLOCK_ITEM[0] | path=sum_list.body.block[1].branch[1].block[0] | kind=AssignmentStatement | Sum_2035231711 = 0;
[AddIfZero] candidate 4 | function=sum_list | role=BLOCK_ITEM[3] | path=sum_list.body.block[3] | kind=AssignmentStatement | I_221046595 = 0;
[AddIfZero] candidate 5 | function=sum_list | role=BLOCK_ITEM[4] | path=sum_list.body.block[4] | kind=IfStatement(arms=2) | if (0) { /*@ assert false; @*/ } else { /*@ decreases Length_757201507 - I_22...
[AddIfZero] candidate 6 | function=sum_list | role=IF_TRUE | path=sum_list.body.block[4].branch[0] | kind=CompoundStatement(locals=0, items=1) | { /*@ assert false; @*/ }
[AddIfZero] candidate 7 | function=sum_list | role=IF_ELSE[1] | path=sum_list.body.block[4].branch[1] | kind=CompoundStatement(locals=0, items=1) | { /*@ decreases Length_757201507 - I_221046595; loop_invariant 0 <= I_2210465...
[AddIfZero] candidate 8 | function=sum_list | role=BLOCK_ITEM[0] | path=sum_list.body.block[4].branch[1].block[0] | kind=LoopScope(init=Block, cond=AmbiguousLess, update=Eval, body=Scope) | { /*@ decreases Length_757201507 - I_221046595; loop_invariant 0 <= I_2210465...
[AddIfZero] candidate 9 | function=sum_list | role=LOOP_BODY | path=sum_list.body.block[4].branch[1].block[0].loop.body | kind=CompoundStatement(locals=0, items=1) | { Sum_2035231711 = Sum_2035231711 + List_204934069[I_221046595]; }
[AddIfZero] candidate 10 | function=sum_list | role=BLOCK_ITEM[0] | path=sum_list.body.block[4].branch[1].block[0].loop.body.block[0] | kind=ExpressionStatement(expr=PreAssignExpression) | Sum_2035231711 = Sum_2035231711 + List_204934069[I_221046595];
[ADD_IF_ZERO_SITE] application 3: default site 0 / 11
[AddIfZero] SELECTED INDEX = 0
[AddIfZero] SELECTED | function=sum_list | role=BLOCK_ITEM[1] | path=sum_list.body.block[1] | kind=IfStatement(arms=2) | if (0) { /*@ assert false; @*/ } else { Sum_2035231711 = 0; }
[AddIfZero] WRAP class=Branch | IfStatement(arms=2) | if (0) { /*@ assert false; @*/ } else { Sum_2035231711 = 0; }
[AddIfZero] candidate count = 14
[AddIfZero] candidate 0 | function=sum_list | role=BLOCK_ITEM[1] | path=sum_list.body.block[1] | kind=IfStatement(arms=2) | if (0) { /*@ assert false; @*/ } else { if (0) { /*@ assert false; @*/ } else...
[AddIfZero] candidate 1 | function=sum_list | role=IF_TRUE | path=sum_list.body.block[1].branch[0] | kind=CompoundStatement(locals=0, items=1) | { /*@ assert false; @*/ }
[AddIfZero] candidate 2 | function=sum_list | role=IF_ELSE[1] | path=sum_list.body.block[1].branch[1] | kind=CompoundStatement(locals=0, items=1) | { if (0) { /*@ assert false; @*/ } else { Sum_1794085350 = 0; } }
[AddIfZero] candidate 3 | function=sum_list | role=BLOCK_ITEM[0] | path=sum_list.body.block[1].branch[1].block[0] | kind=IfStatement(arms=2) | if (0) { /*@ assert false; @*/ } else { Sum_1794085350 = 0; }
[AddIfZero] candidate 4 | function=sum_list | role=IF_TRUE | path=sum_list.body.block[1].branch[1].block[0].branch[0] | kind=CompoundStatement(locals=0, items=1) | { /*@ assert false; @*/ }
[AddIfZero] candidate 5 | function=sum_list | role=IF_ELSE[1] | path=sum_list.body.block[1].branch[1].block[0].branch[1] | kind=CompoundStatement(locals=0, items=1) | { Sum_1794085350 = 0; }
[AddIfZero] candidate 6 | function=sum_list | role=BLOCK_ITEM[0] | path=sum_list.body.block[1].branch[1].block[0].branch[1].block[0] | kind=AssignmentStatement | Sum_1794085350 = 0;
[AddIfZero] candidate 7 | function=sum_list | role=BLOCK_ITEM[3] | path=sum_list.body.block[3] | kind=AssignmentStatement | I_1915163610 = 0;
[AddIfZero] candidate 8 | function=sum_list | role=BLOCK_ITEM[4] | path=sum_list.body.block[4] | kind=IfStatement(arms=2) | if (0) { /*@ assert false; @*/ } else { /*@ decreases Length_447059758 - I_19...
[AddIfZero] candidate 9 | function=sum_list | role=IF_TRUE | path=sum_list.body.block[4].branch[0] | kind=CompoundStatement(locals=0, items=1) | { /*@ assert false; @*/ }
[AddIfZero] candidate 10 | function=sum_list | role=IF_ELSE[1] | path=sum_list.body.block[4].branch[1] | kind=CompoundStatement(locals=0, items=1) | { /*@ decreases Length_447059758 - I_1915163610; loop_invariant 0 <= I_191516...
[AddIfZero] candidate 11 | function=sum_list | role=BLOCK_ITEM[0] | path=sum_list.body.block[4].branch[1].block[0] | kind=LoopScope(init=Block, cond=AmbiguousLess, update=Eval, body=Scope) | { /*@ decreases Length_447059758 - I_1915163610; loop_invariant 0 <= I_191516...
[AddIfZero] candidate 12 | function=sum_list | role=LOOP_BODY | path=sum_list.body.block[4].branch[1].block[0].loop.body | kind=CompoundStatement(locals=0, items=1) | { Sum_1794085350 = Sum_1794085350 + List_311004791[I_1915163610]; }
[AddIfZero] candidate 13 | function=sum_list | role=BLOCK_ITEM[0] | path=sum_list.body.block[4].branch[1].block[0].loop.body.block[0] | kind=ExpressionStatement(expr=PreAssignExpression) | Sum_1794085350 = Sum_1794085350 + List_311004791[I_1915163610];
[ADD_IF_ZERO_SITE] application 4: default site 0 / 14
[AddIfZero] SELECTED INDEX = 0
[AddIfZero] SELECTED | function=sum_list | role=BLOCK_ITEM[1] | path=sum_list.body.block[1] | kind=IfStatement(arms=2) | if (0) { /*@ assert false; @*/ } else { if (0) { /*@ assert false; @*/ } else...
[AddIfZero] WRAP class=Branch | IfStatement(arms=2) | if (0) { /*@ assert false; @*/ } else { if (0) { /*@ assert false; @*/ } else...
[AddIfZero] candidate count = 17
[AddIfZero] candidate 0 | function=sum_list | role=BLOCK_ITEM[1] | path=sum_list.body.block[1] | kind=IfStatement(arms=2) | if (0) { /*@ assert false; @*/ } else { if (0) { /*@ assert false; @*/ } else...
[AddIfZero] candidate 1 | function=sum_list | role=IF_TRUE | path=sum_list.body.block[1].branch[0] | kind=CompoundStatement(locals=0, items=1) | { /*@ assert false; @*/ }
[AddIfZero] candidate 2 | function=sum_list | role=IF_ELSE[1] | path=sum_list.body.block[1].branch[1] | kind=CompoundStatement(locals=0, items=1) | { if (0) { /*@ assert false; @*/ } else { if (0) { /*@ assert false; @*/ } el...
[AddIfZero] candidate 3 | function=sum_list | role=BLOCK_ITEM[0] | path=sum_list.body.block[1].branch[1].block[0] | kind=IfStatement(arms=2) | if (0) { /*@ assert false; @*/ } else { if (0) { /*@ assert false; @*/ } else...
[AddIfZero] candidate 4 | function=sum_list | role=IF_TRUE | path=sum_list.body.block[1].branch[1].block[0].branch[0] | kind=CompoundStatement(locals=0, items=1) | { /*@ assert false; @*/ }
[AddIfZero] candidate 5 | function=sum_list | role=IF_ELSE[1] | path=sum_list.body.block[1].branch[1].block[0].branch[1] | kind=CompoundStatement(locals=0, items=1) | { if (0) { /*@ assert false; @*/ } else { Sum_1037453850 = 0; } }
[AddIfZero] candidate 6 | function=sum_list | role=BLOCK_ITEM[0] | path=sum_list.body.block[1].branch[1].block[0].branch[1].block[0] | kind=IfStatement(arms=2) | if (0) { /*@ assert false; @*/ } else { Sum_1037453850 = 0; }
[AddIfZero] candidate 7 | function=sum_list | role=IF_TRUE | path=sum_list.body.block[1].branch[1].block[0].branch[1].block[0].branch[0] | kind=CompoundStatement(locals=0, items=1) | { /*@ assert false; @*/ }
[AddIfZero] candidate 8 | function=sum_list | role=IF_ELSE[1] | path=sum_list.body.block[1].branch[1].block[0].branch[1].block[0].branch[1] | kind=CompoundStatement(locals=0, items=1) | { Sum_1037453850 = 0; }
[AddIfZero] candidate 9 | function=sum_list | role=BLOCK_ITEM[0] | path=sum_list.body.block[1].branch[1].block[0].branch[1].block[0].branch[1].block[0] | kind=AssignmentStatement | Sum_1037453850 = 0;
[AddIfZero] candidate 10 | function=sum_list | role=BLOCK_ITEM[3] | path=sum_list.body.block[3] | kind=AssignmentStatement | I_2087735440 = 0;
[AddIfZero] candidate 11 | function=sum_list | role=BLOCK_ITEM[4] | path=sum_list.body.block[4] | kind=IfStatement(arms=2) | if (0) { /*@ assert false; @*/ } else { /*@ decreases Length_1519586307 - I_2...
[AddIfZero] candidate 12 | function=sum_list | role=IF_TRUE | path=sum_list.body.block[4].branch[0] | kind=CompoundStatement(locals=0, items=1) | { /*@ assert false; @*/ }
[AddIfZero] candidate 13 | function=sum_list | role=IF_ELSE[1] | path=sum_list.body.block[4].branch[1] | kind=CompoundStatement(locals=0, items=1) | { /*@ decreases Length_1519586307 - I_2087735440; loop_invariant 0 <= I_20877...
[AddIfZero] candidate 14 | function=sum_list | role=BLOCK_ITEM[0] | path=sum_list.body.block[4].branch[1].block[0] | kind=LoopScope(init=Block, cond=AmbiguousLess, update=Eval, body=Scope) | { /*@ decreases Length_1519586307 - I_2087735440; loop_invariant 0 <= I_20877...
[AddIfZero] candidate 15 | function=sum_list | role=LOOP_BODY | path=sum_list.body.block[4].branch[1].block[0].loop.body | kind=CompoundStatement(locals=0, items=1) | { Sum_1037453850 = Sum_1037453850 + List_369521183[I_2087735440]; }
[AddIfZero] candidate 16 | function=sum_list | role=BLOCK_ITEM[0] | path=sum_list.body.block[4].branch[1].block[0].loop.body.block[0] | kind=ExpressionStatement(expr=PreAssignExpression) | Sum_1037453850 = Sum_1037453850 + List_369521183[I_2087735440];
[ADD_IF_ZERO_SITE] application 5: default site 0 / 17
[AddIfZero] SELECTED INDEX = 0
[AddIfZero] SELECTED | function=sum_list | role=BLOCK_ITEM[1] | path=sum_list.body.block[1] | kind=IfStatement(arms=2) | if (0) { /*@ assert false; @*/ } else { if (0) { /*@ assert false; @*/ } else...
[AddIfZero] WRAP class=Branch | IfStatement(arms=2) | if (0) { /*@ assert false; @*/ } else { if (0) { /*@ assert false; @*/ } else...
[INFO] Writing unknown.c to robustness-transformed.c
[INFO] Robustness transformation completed
[INFO] Output written to robustness-transformed.c
