[INFO] Robustness mode started
[INFO] Robustness mode: spin (random kind + random site)
[INFO] Robustness spin seed: 42
[INFO] Robustness spin pool: addIfZero,addIfOne,robustnessForLoopToWhileLoop
[INFO] Robustness transforms: addIfZero,addIfOne,robustnessForLoopToWhileLoop
[INFO] Robustness repeat: 5
[RobustnessSpin] round 1: for-to-while: 0 / 2
[ForToWhile] candidate count = 2
[ForToWhile] candidate 0 | function=bubble_sort | path=bubble_sort.body.scope.block[1].scope | kind=ForLoop(init=Block(items=1), cond=AmbiguousLess, update=ExpressionStatement(expr=PostAssignExpression), body=Scope(locals=0, items=1))
[ForToWhile] candidate 1 | function=bubble_sort | path=bubble_sort.body.scope.block[1].scope.body.scope.block[0].scope | kind=ForLoop(init=Block(items=1), cond=AmbiguousLess, update=ExpressionStatement(expr=PostAssignExpression), body=Scope(locals=0, items=1))
[FOR_TO_WHILE_SITE] application 1: spin site 0 / 2
[ForToWhile] SELECTED INDEX = 0
[ForToWhile] SELECTED | function=bubble_sort | path=bubble_sort.body.scope.block[1].scope | kind=ForLoop(init=Block(items=1), cond=AmbiguousLess, update=ExpressionStatement(expr=PostAssignExpression), body=Scope(locals=0, items=1))
[RobustnessSpin] round 2: add-if-zero: 10 / 14
[AddIfZero] candidate count = 14
[AddIfZero] candidate 0 | function=bubble_sort | role=BLOCK_ITEM[1] | path=bubble_sort.body.block[1] | kind=AssignmentStatement | N_520468029 = Length_425414479;
[AddIfZero] candidate 1 | function=bubble_sort | role=BLOCK_ITEM[2] | path=bubble_sort.body.block[2] | kind=CompoundStatement(locals=0, items=3) | { int I_173403393; I_173403393 = 0; /*@ loop_invariant 0 <= I_173403393; loop...
[AddIfZero] candidate 2 | function=bubble_sort | role=BLOCK_ITEM[1] | path=bubble_sort.body.block[2].block[1] | kind=AssignmentStatement | I_173403393 = 0;
[AddIfZero] candidate 3 | function=bubble_sort | role=BLOCK_ITEM[2] | path=bubble_sort.body.block[2].block[2] | kind=LoopStatement(init=Block, cond=AmbiguousLess, update=Block, body=Block) | /*@ loop_invariant 0 <= I_173403393; loop_invariant I_173403393 <= N_52046802...
[AddIfZero] candidate 4 | function=bubble_sort | role=LOOP_BODY | path=bubble_sort.body.block[2].block[2].body | kind=Block | { /*@ loop_invariant 0 <= J_400532498; loop_invariant J_400532498 <= N_520468...
[AddIfZero] candidate 5 | function=bubble_sort | role=BLOCK_ITEM[0] | path=bubble_sort.body.block[2].block[2].body.block[0] | kind=CompoundStatement(locals=0, items=1) | { /*@ loop_invariant 0 <= J_400532498; loop_invariant J_400532498 <= N_520468...
[AddIfZero] candidate 6 | function=bubble_sort | role=BLOCK_ITEM[0] | path=bubble_sort.body.block[2].block[2].body.block[0].block[0] | kind=LoopScope(init=Block, cond=AmbiguousLess, update=Eval, body=Scope) | { /*@ loop_invariant 0 <= J_400532498; loop_invariant J_400532498 <= N_520468...
[AddIfZero] candidate 7 | function=bubble_sort | role=LOOP_BODY | path=bubble_sort.body.block[2].block[2].body.block[0].block[0].loop.body | kind=CompoundStatement(locals=0, items=1) | { if (Arr_914953508[J_400532498] > Arr_914953508[J_400532498 + 1]) { int Temp...
[AddIfZero] candidate 8 | function=bubble_sort | role=BLOCK_ITEM[0] | path=bubble_sort.body.block[2].block[2].body.block[0].block[0].loop.body.block[0] | kind=IfStatement(arms=1) | if (Arr_914953508[J_400532498] > Arr_914953508[J_400532498 + 1]) { int Temp_1...
[AddIfZero] candidate 9 | function=bubble_sort | role=IF_TRUE | path=bubble_sort.body.block[2].block[2].body.block[0].block[0].loop.body.block[0].branch[0] | kind=CompoundStatement(locals=0, items=4) | { int Temp_1068970734; Temp_1068970734 = Arr_914953508[J_400532498]; Arr_9149...
[AddIfZero] candidate 10 | function=bubble_sort | role=BLOCK_ITEM[1] | path=bubble_sort.body.block[2].block[2].body.block[0].block[0].loop.body.block[0].branch[0].block[1] | kind=AssignmentStatement | Temp_1068970734 = Arr_914953508[J_400532498];
[AddIfZero] candidate 11 | function=bubble_sort | role=BLOCK_ITEM[2] | path=bubble_sort.body.block[2].block[2].body.block[0].block[0].loop.body.block[0].branch[0].block[2] | kind=ExpressionStatement(expr=PreAssignExpression) | Arr_914953508[J_400532498] = Arr_914953508[J_400532498 + 1];
[AddIfZero] candidate 12 | function=bubble_sort | role=BLOCK_ITEM[3] | path=bubble_sort.body.block[2].block[2].body.block[0].block[0].loop.body.block[0].branch[0].block[3] | kind=ExpressionStatement(expr=PreAssignExpression) | Arr_914953508[J_400532498 + 1] = Temp_1068970734;
[AddIfZero] candidate 13 | function=bubble_sort | role=BLOCK_ITEM[1] | path=bubble_sort.body.block[2].block[2].body.block[1] | kind=ExpressionStatement(expr=PostAssignExpression) | I_173403393 = I_173403393 + 1;
[ADD_IF_ZERO_SITE] application 1: spin site 10 / 14
[AddIfZero] SELECTED INDEX = 10
[AddIfZero] SELECTED | function=bubble_sort | role=BLOCK_ITEM[1] | path=bubble_sort.body.block[2].block[2].body.block[0].block[0].loop.body.block[0].branch[0].block[1] | kind=AssignmentStatement | Temp_1068970734 = Arr_914953508[J_400532498];
[AddIfZero] WRAP class=AssignInitial | AssignmentStatement | Temp_1068970734 = Arr_914953508[J_400532498];
[RobustnessSpin] round 3: add-if-zero: 9 / 17
[AddIfZero] candidate count = 17
[AddIfZero] candidate 0 | function=bubble_sort | role=BLOCK_ITEM[1] | path=bubble_sort.body.block[1] | kind=AssignmentStatement | N_188223892 = Length_688454688;
[AddIfZero] candidate 1 | function=bubble_sort | role=BLOCK_ITEM[2] | path=bubble_sort.body.block[2] | kind=CompoundStatement(locals=0, items=3) | { int I_294252921; I_294252921 = 0; /*@ loop_invariant 0 <= I_294252921; loop...
[AddIfZero] candidate 2 | function=bubble_sort | role=BLOCK_ITEM[1] | path=bubble_sort.body.block[2].block[1] | kind=AssignmentStatement | I_294252921 = 0;
[AddIfZero] candidate 3 | function=bubble_sort | role=BLOCK_ITEM[2] | path=bubble_sort.body.block[2].block[2] | kind=LoopStatement(init=Block, cond=AmbiguousLess, update=Block, body=Block) | /*@ loop_invariant 0 <= I_294252921; loop_invariant I_294252921 <= N_18822389...
[AddIfZero] candidate 4 | function=bubble_sort | role=LOOP_BODY | path=bubble_sort.body.block[2].block[2].body | kind=Block | { /*@ loop_invariant 0 <= J_1419218456; loop_invariant J_1419218456 <= N_1882...
[AddIfZero] candidate 5 | function=bubble_sort | role=BLOCK_ITEM[0] | path=bubble_sort.body.block[2].block[2].body.block[0] | kind=CompoundStatement(locals=0, items=1) | { /*@ loop_invariant 0 <= J_1419218456; loop_invariant J_1419218456 <= N_1882...
[AddIfZero] candidate 6 | function=bubble_sort | role=BLOCK_ITEM[0] | path=bubble_sort.body.block[2].block[2].body.block[0].block[0] | kind=LoopScope(init=Block, cond=AmbiguousLess, update=Eval, body=Scope) | { /*@ loop_invariant 0 <= J_1419218456; loop_invariant J_1419218456 <= N_1882...
[AddIfZero] candidate 7 | function=bubble_sort | role=LOOP_BODY | path=bubble_sort.body.block[2].block[2].body.block[0].block[0].loop.body | kind=CompoundStatement(locals=0, items=1) | { if (Arr_526942639[J_1419218456] > Arr_526942639[J_1419218456 + 1]) { int Te...
[AddIfZero] candidate 8 | function=bubble_sort | role=BLOCK_ITEM[0] | path=bubble_sort.body.block[2].block[2].body.block[0].block[0].loop.body.block[0] | kind=IfStatement(arms=1) | if (Arr_526942639[J_1419218456] > Arr_526942639[J_1419218456 + 1]) { int Temp...
[AddIfZero] candidate 9 | function=bubble_sort | role=IF_TRUE | path=bubble_sort.body.block[2].block[2].body.block[0].block[0].loop.body.block[0].branch[0] | kind=CompoundStatement(locals=0, items=4) | { int Temp_1911527326; if (0) { /*@ assert false; @*/ } else { Temp_191152732...
[AddIfZero] candidate 10 | function=bubble_sort | role=BLOCK_ITEM[1] | path=bubble_sort.body.block[2].block[2].body.block[0].block[0].loop.body.block[0].branch[0].block[1] | kind=IfStatement(arms=2) | if (0) { /*@ assert false; @*/ } else { Temp_1911527326 = Arr_526942639[J_141...
[AddIfZero] candidate 11 | function=bubble_sort | role=IF_TRUE | path=bubble_sort.body.block[2].block[2].body.block[0].block[0].loop.body.block[0].branch[0].block[1].branch[0] | kind=CompoundStatement(locals=0, items=1) | { /*@ assert false; @*/ }
[AddIfZero] candidate 12 | function=bubble_sort | role=IF_ELSE[1] | path=bubble_sort.body.block[2].block[2].body.block[0].block[0].loop.body.block[0].branch[0].block[1].branch[1] | kind=CompoundStatement(locals=0, items=1) | { Temp_1911527326 = Arr_526942639[J_1419218456]; }
[AddIfZero] candidate 13 | function=bubble_sort | role=BLOCK_ITEM[0] | path=bubble_sort.body.block[2].block[2].body.block[0].block[0].loop.body.block[0].branch[0].block[1].branch[1].block[0] | kind=AssignmentStatement | Temp_1911527326 = Arr_526942639[J_1419218456];
[AddIfZero] candidate 14 | function=bubble_sort | role=BLOCK_ITEM[2] | path=bubble_sort.body.block[2].block[2].body.block[0].block[0].loop.body.block[0].branch[0].block[2] | kind=ExpressionStatement(expr=PreAssignExpression) | Arr_526942639[J_1419218456] = Arr_526942639[J_1419218456 + 1];
[AddIfZero] candidate 15 | function=bubble_sort | role=BLOCK_ITEM[3] | path=bubble_sort.body.block[2].block[2].body.block[0].block[0].loop.body.block[0].branch[0].block[3] | kind=ExpressionStatement(expr=PreAssignExpression) | Arr_526942639[J_1419218456 + 1] = Temp_1911527326;
[AddIfZero] candidate 16 | function=bubble_sort | role=BLOCK_ITEM[1] | path=bubble_sort.body.block[2].block[2].body.block[1] | kind=ExpressionStatement(expr=PostAssignExpression) | I_294252921 = I_294252921 + 1;
[ADD_IF_ZERO_SITE] application 2: spin site 9 / 17
[AddIfZero] SELECTED INDEX = 9
[AddIfZero] SELECTED | function=bubble_sort | role=IF_TRUE | path=bubble_sort.body.block[2].block[2].body.block[0].block[0].loop.body.block[0].branch[0] | kind=CompoundStatement(locals=0, items=4) | { int Temp_1911527326; if (0) { /*@ assert false; @*/ } else { Temp_191152732...
[AddIfZero] WRAP class=Scope | CompoundStatement(locals=0, items=4) | { int Temp_1911527326; if (0) { /*@ assert false; @*/ } else { Temp_191152732...
[RobustnessSpin] round 4: for-to-while: 0 / 1
[ForToWhile] candidate count = 1
[ForToWhile] candidate 0 | function=bubble_sort | path=bubble_sort.body.scope.block[2].scope.block[2].body.block[0].scope.block[0].scope | kind=ForLoop(init=Block(items=2), cond=AmbiguousLess, update=ExpressionStatement(expr=PostAssignExpression), body=Scope(locals=0, items=1))
[FOR_TO_WHILE_SITE] application 2: spin site 0 / 1
[ForToWhile] SELECTED INDEX = 0
[ForToWhile] SELECTED | function=bubble_sort | path=bubble_sort.body.scope.block[2].scope.block[2].body.block[0].scope.block[0].scope | kind=ForLoop(init=Block(items=2), cond=AmbiguousLess, update=ExpressionStatement(expr=PostAssignExpression), body=Scope(locals=0, items=1))
[RobustnessSpin] round 5: add-if-one: 5 / 24
[AddIfOne] candidate count = 24
[AddIfOne] candidate 0 | function=bubble_sort | role=BLOCK_ITEM[1] | path=bubble_sort.body.block[1] | kind=AssignmentStatement | N_671926592 = Length_1783072384;
[AddIfOne] candidate 1 | function=bubble_sort | role=BLOCK_ITEM[2] | path=bubble_sort.body.block[2] | kind=CompoundStatement(locals=0, items=3) | { int I_2129442376; I_2129442376 = 0; /*@ loop_invariant 0 <= I_2129442376; l...
[AddIfOne] candidate 2 | function=bubble_sort | role=BLOCK_ITEM[1] | path=bubble_sort.body.block[2].block[1] | kind=AssignmentStatement | I_2129442376 = 0;
[AddIfOne] candidate 3 | function=bubble_sort | role=BLOCK_ITEM[2] | path=bubble_sort.body.block[2].block[2] | kind=LoopStatement(init=Block, cond=AmbiguousLess, update=Block, body=Block) | /*@ loop_invariant 0 <= I_2129442376; loop_invariant I_2129442376 <= N_671926...
[AddIfOne] candidate 4 | function=bubble_sort | role=LOOP_BODY | path=bubble_sort.body.block[2].block[2].body | kind=Block | { int J_1381602371; J_1381602371 = 0; /*@ loop_invariant 0 <= J_1381602371; l...
[AddIfOne] candidate 5 | function=bubble_sort | role=BLOCK_ITEM[0] | path=bubble_sort.body.block[2].block[2].body.block[0] | kind=CompoundStatement(locals=0, items=1) | { int J_1381602371; J_1381602371 = 0; /*@ loop_invariant 0 <= J_1381602371; l...
[AddIfOne] candidate 6 | function=bubble_sort | role=BLOCK_ITEM[0] | path=bubble_sort.body.block[2].block[2].body.block[0].block[0] | kind=CompoundStatement(locals=0, items=3) | { int J_1381602371; J_1381602371 = 0; /*@ loop_invariant 0 <= J_1381602371; l...
[AddIfOne] candidate 7 | function=bubble_sort | role=BLOCK_ITEM[1] | path=bubble_sort.body.block[2].block[2].body.block[0].block[0].block[1] | kind=AssignmentStatement | J_1381602371 = 0;
[AddIfOne] candidate 8 | function=bubble_sort | role=BLOCK_ITEM[2] | path=bubble_sort.body.block[2].block[2].body.block[0].block[0].block[2] | kind=LoopStatement(init=Block, cond=AmbiguousLess, update=Block, body=Block) | /*@ loop_invariant 0 <= J_1381602371; loop_invariant J_1381602371 <= N_671926...
[AddIfOne] candidate 9 | function=bubble_sort | role=LOOP_BODY | path=bubble_sort.body.block[2].block[2].body.block[0].block[0].block[2].body | kind=Block | { if (Arr_475070849[J_1381602371] > Arr_475070849[J_1381602371 + 1]) { if (0)...
[AddIfOne] candidate 10 | function=bubble_sort | role=BLOCK_ITEM[0] | path=bubble_sort.body.block[2].block[2].body.block[0].block[0].block[2].body.block[0] | kind=CompoundStatement(locals=0, items=1) | { if (Arr_475070849[J_1381602371] > Arr_475070849[J_1381602371 + 1]) { if (0)...
[AddIfOne] candidate 11 | function=bubble_sort | role=BLOCK_ITEM[0] | path=bubble_sort.body.block[2].block[2].body.block[0].block[0].block[2].body.block[0].block[0] | kind=IfStatement(arms=1) | if (Arr_475070849[J_1381602371] > Arr_475070849[J_1381602371 + 1]) { if (0) {...
[AddIfOne] candidate 12 | function=bubble_sort | role=IF_TRUE | path=bubble_sort.body.block[2].block[2].body.block[0].block[0].block[2].body.block[0].block[0].branch[0] | kind=CompoundStatement(locals=0, items=1) | { if (0) { /*@ assert false; @*/ } else { int Temp_1249175309; if (0) { /*@ a...
[AddIfOne] candidate 13 | function=bubble_sort | role=BLOCK_ITEM[0] | path=bubble_sort.body.block[2].block[2].body.block[0].block[0].block[2].body.block[0].block[0].branch[0].block[0] | kind=IfStatement(arms=2) | if (0) { /*@ assert false; @*/ } else { int Temp_1249175309; if (0) { /*@ ass...
[AddIfOne] candidate 14 | function=bubble_sort | role=IF_TRUE | path=bubble_sort.body.block[2].block[2].body.block[0].block[0].block[2].body.block[0].block[0].branch[0].block[0].branch[0] | kind=CompoundStatement(locals=0, items=1) | { /*@ assert false; @*/ }
[AddIfOne] candidate 15 | function=bubble_sort | role=IF_ELSE[1] | path=bubble_sort.body.block[2].block[2].body.block[0].block[0].block[2].body.block[0].block[0].branch[0].block[0].branch[1] | kind=CompoundStatement(locals=0, items=4) | { int Temp_1249175309; if (0) { /*@ assert false; @*/ } else { Temp_124917530...
[AddIfOne] candidate 16 | function=bubble_sort | role=BLOCK_ITEM[1] | path=bubble_sort.body.block[2].block[2].body.block[0].block[0].block[2].body.block[0].block[0].branch[0].block[0].branch[1].block[1] | kind=IfStatement(arms=2) | if (0) { /*@ assert false; @*/ } else { Temp_1249175309 = Arr_475070849[J_138...
[AddIfOne] candidate 17 | function=bubble_sort | role=IF_TRUE | path=bubble_sort.body.block[2].block[2].body.block[0].block[0].block[2].body.block[0].block[0].branch[0].block[0].branch[1].block[1].branch[0] | kind=CompoundStatement(locals=0, items=1) | { /*@ assert false; @*/ }
[AddIfOne] candidate 18 | function=bubble_sort | role=IF_ELSE[1] | path=bubble_sort.body.block[2].block[2].body.block[0].block[0].block[2].body.block[0].block[0].branch[0].block[0].branch[1].block[1].branch[1] | kind=CompoundStatement(locals=0, items=1) | { Temp_1249175309 = Arr_475070849[J_1381602371]; }
[AddIfOne] candidate 19 | function=bubble_sort | role=BLOCK_ITEM[0] | path=bubble_sort.body.block[2].block[2].body.block[0].block[0].block[2].body.block[0].block[0].branch[0].block[0].branch[1].block[1].branch[1].block[0] | kind=AssignmentStatement | Temp_1249175309 = Arr_475070849[J_1381602371];
[AddIfOne] candidate 20 | function=bubble_sort | role=BLOCK_ITEM[2] | path=bubble_sort.body.block[2].block[2].body.block[0].block[0].block[2].body.block[0].block[0].branch[0].block[0].branch[1].block[2] | kind=ExpressionStatement(expr=PreAssignExpression) | Arr_475070849[J_1381602371] = Arr_475070849[J_1381602371 + 1];
[AddIfOne] candidate 21 | function=bubble_sort | role=BLOCK_ITEM[3] | path=bubble_sort.body.block[2].block[2].body.block[0].block[0].block[2].body.block[0].block[0].branch[0].block[0].branch[1].block[3] | kind=ExpressionStatement(expr=PreAssignExpression) | Arr_475070849[J_1381602371 + 1] = Temp_1249175309;
[AddIfOne] candidate 22 | function=bubble_sort | role=BLOCK_ITEM[1] | path=bubble_sort.body.block[2].block[2].body.block[0].block[0].block[2].body.block[1] | kind=ExpressionStatement(expr=PostAssignExpression) | J_1381602371 = J_1381602371 + 1;
[AddIfOne] candidate 23 | function=bubble_sort | role=BLOCK_ITEM[1] | path=bubble_sort.body.block[2].block[2].body.block[1] | kind=ExpressionStatement(expr=PostAssignExpression) | I_2129442376 = I_2129442376 + 1;
[ADD_IF_ONE_SITE] application 1: spin site 5 / 24
[AddIfOne] SELECTED INDEX = 5
[AddIfOne] SELECTED | function=bubble_sort | role=BLOCK_ITEM[0] | path=bubble_sort.body.block[2].block[2].body.block[0] | kind=CompoundStatement(locals=0, items=1) | { int J_1381602371; J_1381602371 = 0; /*@ loop_invariant 0 <= J_1381602371; l...
[AddIfOne] WRAP class=Scope | CompoundStatement(locals=0, items=1) | { int J_1381602371; J_1381602371 = 0; /*@ loop_invariant 0 <= J_1381602371; l...
[INFO] Writing unknown.c to robustness-transformed.c
Robustness spin trace:
for-to-while: 0
add-if-zero: 10
add-if-zero: 9
for-to-while: 0
add-if-one: 5
[INFO] Robustness transformation completed
[INFO] Output written to robustness-transformed.c
