[INFO] Robustness mode started
[INFO] Robustness transforms: addIfZero
[INFO] Robustness repeat: 5
[AddIfZero] candidate count = 2
[AddIfZero] candidate 0 | function=swap | role=BLOCK_ITEM[1] | path=swap.body.block[1] | kind=ExpressionStatement(expr=PreAssignExpression) | (*Pointer1_1391440696).Value_816956885 = (*Pointer2_292841327).Value_816956885;
[AddIfZero] candidate 1 | function=swap | role=BLOCK_ITEM[2] | path=swap.body.block[2] | kind=ExpressionStatement(expr=PreAssignExpression) | (*Pointer2_292841327).Value_816956885 = Temp_1323206792;
[ADD_IF_ZERO_SITE] application 1: default site 0 / 2
[AddIfZero] SELECTED INDEX = 0
[AddIfZero] SELECTED | function=swap | role=BLOCK_ITEM[1] | path=swap.body.block[1] | kind=ExpressionStatement(expr=PreAssignExpression) | (*Pointer1_1391440696).Value_816956885 = (*Pointer2_292841327).Value_816956885;
[AddIfZero] WRAP class=Eval | ExpressionStatement(expr=PreAssignExpression) | (*Pointer1_1391440696).Value_816956885 = (*Pointer2_292841327).Value_816956885;
[AddIfZero] candidate count = 6
[AddIfZero] candidate 0 | function=swap | role=BLOCK_ITEM[1] | path=swap.body.block[1] | kind=AssignmentStatement | Temp_1798272295 = (*Pointer1_1963532908).Value_1285344791;
[AddIfZero] candidate 1 | function=swap | role=BLOCK_ITEM[2] | path=swap.body.block[2] | kind=IfStatement(arms=2) | if (0) { /*@ assert false; @*/ } else { (*Pointer1_1963532908).Value_12853447...
[AddIfZero] candidate 2 | function=swap | role=IF_TRUE | path=swap.body.block[2].branch[0] | kind=CompoundStatement(locals=0, items=1) | { /*@ assert false; @*/ }
[AddIfZero] candidate 3 | function=swap | role=IF_ELSE[1] | path=swap.body.block[2].branch[1] | kind=CompoundStatement(locals=0, items=1) | { (*Pointer1_1963532908).Value_1285344791 = (*Pointer2_460998960).Value_12853...
[AddIfZero] candidate 4 | function=swap | role=BLOCK_ITEM[0] | path=swap.body.block[2].branch[1].block[0] | kind=ExpressionStatement(expr=PreAssignExpression) | (*Pointer1_1963532908).Value_1285344791 = (*Pointer2_460998960).Value_1285344...
[AddIfZero] candidate 5 | function=swap | role=BLOCK_ITEM[3] | path=swap.body.block[3] | kind=ExpressionStatement(expr=PreAssignExpression) | (*Pointer2_460998960).Value_1285344791 = Temp_1798272295;
[ADD_IF_ZERO_SITE] application 2: default site 0 / 6
[AddIfZero] SELECTED INDEX = 0
[AddIfZero] SELECTED | function=swap | role=BLOCK_ITEM[1] | path=swap.body.block[1] | kind=AssignmentStatement | Temp_1798272295 = (*Pointer1_1963532908).Value_1285344791;
[AddIfZero] WRAP class=AssignInitial | AssignmentStatement | Temp_1798272295 = (*Pointer1_1963532908).Value_1285344791;
[AddIfZero] candidate count = 9
[AddIfZero] candidate 0 | function=swap | role=BLOCK_ITEM[1] | path=swap.body.block[1] | kind=IfStatement(arms=2) | if (0) { /*@ assert false; @*/ } else { Temp_613231852 = (*Pointer1_156812865...
[AddIfZero] candidate 1 | function=swap | role=IF_TRUE | path=swap.body.block[1].branch[0] | kind=CompoundStatement(locals=0, items=1) | { /*@ assert false; @*/ }
[AddIfZero] candidate 2 | function=swap | role=IF_ELSE[1] | path=swap.body.block[1].branch[1] | kind=CompoundStatement(locals=0, items=1) | { Temp_613231852 = (*Pointer1_1568128654).Value_1436571084; }
[AddIfZero] candidate 3 | function=swap | role=BLOCK_ITEM[0] | path=swap.body.block[1].branch[1].block[0] | kind=AssignmentStatement | Temp_613231852 = (*Pointer1_1568128654).Value_1436571084;
[AddIfZero] candidate 4 | function=swap | role=BLOCK_ITEM[2] | path=swap.body.block[2] | kind=IfStatement(arms=2) | if (0) { /*@ assert false; @*/ } else { (*Pointer1_1568128654).Value_14365710...
[AddIfZero] candidate 5 | function=swap | role=IF_TRUE | path=swap.body.block[2].branch[0] | kind=CompoundStatement(locals=0, items=1) | { /*@ assert false; @*/ }
[AddIfZero] candidate 6 | function=swap | role=IF_ELSE[1] | path=swap.body.block[2].branch[1] | kind=CompoundStatement(locals=0, items=1) | { (*Pointer1_1568128654).Value_1436571084 = (*Pointer2_447863101).Value_14365...
[AddIfZero] candidate 7 | function=swap | role=BLOCK_ITEM[0] | path=swap.body.block[2].branch[1].block[0] | kind=ExpressionStatement(expr=PreAssignExpression) | (*Pointer1_1568128654).Value_1436571084 = (*Pointer2_447863101).Value_1436571...
[AddIfZero] candidate 8 | function=swap | role=BLOCK_ITEM[3] | path=swap.body.block[3] | kind=ExpressionStatement(expr=PreAssignExpression) | (*Pointer2_447863101).Value_1436571084 = Temp_613231852;
[ADD_IF_ZERO_SITE] application 3: default site 0 / 9
[AddIfZero] SELECTED INDEX = 0
[AddIfZero] SELECTED | function=swap | role=BLOCK_ITEM[1] | path=swap.body.block[1] | kind=IfStatement(arms=2) | if (0) { /*@ assert false; @*/ } else { Temp_613231852 = (*Pointer1_156812865...
[AddIfZero] WRAP class=Branch | IfStatement(arms=2) | if (0) { /*@ assert false; @*/ } else { Temp_613231852 = (*Pointer1_156812865...
[AddIfZero] candidate count = 12
[AddIfZero] candidate 0 | function=swap | role=BLOCK_ITEM[1] | path=swap.body.block[1] | kind=IfStatement(arms=2) | if (0) { /*@ assert false; @*/ } else { if (0) { /*@ assert false; @*/ } else...
[AddIfZero] candidate 1 | function=swap | role=IF_TRUE | path=swap.body.block[1].branch[0] | kind=CompoundStatement(locals=0, items=1) | { /*@ assert false; @*/ }
[AddIfZero] candidate 2 | function=swap | role=IF_ELSE[1] | path=swap.body.block[1].branch[1] | kind=CompoundStatement(locals=0, items=1) | { if (0) { /*@ assert false; @*/ } else { Temp_1205133962 = (*Pointer1_393242...
[AddIfZero] candidate 3 | function=swap | role=BLOCK_ITEM[0] | path=swap.body.block[1].branch[1].block[0] | kind=IfStatement(arms=2) | if (0) { /*@ assert false; @*/ } else { Temp_1205133962 = (*Pointer1_39324284...
[AddIfZero] candidate 4 | function=swap | role=IF_TRUE | path=swap.body.block[1].branch[1].block[0].branch[0] | kind=CompoundStatement(locals=0, items=1) | { /*@ assert false; @*/ }
[AddIfZero] candidate 5 | function=swap | role=IF_ELSE[1] | path=swap.body.block[1].branch[1].block[0].branch[1] | kind=CompoundStatement(locals=0, items=1) | { Temp_1205133962 = (*Pointer1_393242843).Value_1626547103; }
[AddIfZero] candidate 6 | function=swap | role=BLOCK_ITEM[0] | path=swap.body.block[1].branch[1].block[0].branch[1].block[0] | kind=AssignmentStatement | Temp_1205133962 = (*Pointer1_393242843).Value_1626547103;
[AddIfZero] candidate 7 | function=swap | role=BLOCK_ITEM[2] | path=swap.body.block[2] | kind=IfStatement(arms=2) | if (0) { /*@ assert false; @*/ } else { (*Pointer1_393242843).Value_162654710...
[AddIfZero] candidate 8 | function=swap | role=IF_TRUE | path=swap.body.block[2].branch[0] | kind=CompoundStatement(locals=0, items=1) | { /*@ assert false; @*/ }
[AddIfZero] candidate 9 | function=swap | role=IF_ELSE[1] | path=swap.body.block[2].branch[1] | kind=CompoundStatement(locals=0, items=1) | { (*Pointer1_393242843).Value_1626547103 = (*Pointer2_1796226487).Value_16265...
[AddIfZero] candidate 10 | function=swap | role=BLOCK_ITEM[0] | path=swap.body.block[2].branch[1].block[0] | kind=ExpressionStatement(expr=PreAssignExpression) | (*Pointer1_393242843).Value_1626547103 = (*Pointer2_1796226487).Value_1626547...
[AddIfZero] candidate 11 | function=swap | role=BLOCK_ITEM[3] | path=swap.body.block[3] | kind=ExpressionStatement(expr=PreAssignExpression) | (*Pointer2_1796226487).Value_1626547103 = Temp_1205133962;
[ADD_IF_ZERO_SITE] application 4: default site 0 / 12
[AddIfZero] SELECTED INDEX = 0
[AddIfZero] SELECTED | function=swap | role=BLOCK_ITEM[1] | path=swap.body.block[1] | kind=IfStatement(arms=2) | if (0) { /*@ assert false; @*/ } else { if (0) { /*@ assert false; @*/ } else...
[AddIfZero] WRAP class=Branch | IfStatement(arms=2) | if (0) { /*@ assert false; @*/ } else { if (0) { /*@ assert false; @*/ } else...
[AddIfZero] candidate count = 15
[AddIfZero] candidate 0 | function=swap | role=BLOCK_ITEM[1] | path=swap.body.block[1] | kind=IfStatement(arms=2) | if (0) { /*@ assert false; @*/ } else { if (0) { /*@ assert false; @*/ } else...
[AddIfZero] candidate 1 | function=swap | role=IF_TRUE | path=swap.body.block[1].branch[0] | kind=CompoundStatement(locals=0, items=1) | { /*@ assert false; @*/ }
[AddIfZero] candidate 2 | function=swap | role=IF_ELSE[1] | path=swap.body.block[1].branch[1] | kind=CompoundStatement(locals=0, items=1) | { if (0) { /*@ assert false; @*/ } else { if (0) { /*@ assert false; @*/ } el...
[AddIfZero] candidate 3 | function=swap | role=BLOCK_ITEM[0] | path=swap.body.block[1].branch[1].block[0] | kind=IfStatement(arms=2) | if (0) { /*@ assert false; @*/ } else { if (0) { /*@ assert false; @*/ } else...
[AddIfZero] candidate 4 | function=swap | role=IF_TRUE | path=swap.body.block[1].branch[1].block[0].branch[0] | kind=CompoundStatement(locals=0, items=1) | { /*@ assert false; @*/ }
[AddIfZero] candidate 5 | function=swap | role=IF_ELSE[1] | path=swap.body.block[1].branch[1].block[0].branch[1] | kind=CompoundStatement(locals=0, items=1) | { if (0) { /*@ assert false; @*/ } else { Temp_956321359 = (*Pointer1_1594663...
[AddIfZero] candidate 6 | function=swap | role=BLOCK_ITEM[0] | path=swap.body.block[1].branch[1].block[0].branch[1].block[0] | kind=IfStatement(arms=2) | if (0) { /*@ assert false; @*/ } else { Temp_956321359 = (*Pointer1_159466301...
[AddIfZero] candidate 7 | function=swap | role=IF_TRUE | path=swap.body.block[1].branch[1].block[0].branch[1].block[0].branch[0] | kind=CompoundStatement(locals=0, items=1) | { /*@ assert false; @*/ }
[AddIfZero] candidate 8 | function=swap | role=IF_ELSE[1] | path=swap.body.block[1].branch[1].block[0].branch[1].block[0].branch[1] | kind=CompoundStatement(locals=0, items=1) | { Temp_956321359 = (*Pointer1_1594663017).Value_1785343965; }
[AddIfZero] candidate 9 | function=swap | role=BLOCK_ITEM[0] | path=swap.body.block[1].branch[1].block[0].branch[1].block[0].branch[1].block[0] | kind=AssignmentStatement | Temp_956321359 = (*Pointer1_1594663017).Value_1785343965;
[AddIfZero] candidate 10 | function=swap | role=BLOCK_ITEM[2] | path=swap.body.block[2] | kind=IfStatement(arms=2) | if (0) { /*@ assert false; @*/ } else { (*Pointer1_1594663017).Value_17853439...
[AddIfZero] candidate 11 | function=swap | role=IF_TRUE | path=swap.body.block[2].branch[0] | kind=CompoundStatement(locals=0, items=1) | { /*@ assert false; @*/ }
[AddIfZero] candidate 12 | function=swap | role=IF_ELSE[1] | path=swap.body.block[2].branch[1] | kind=CompoundStatement(locals=0, items=1) | { (*Pointer1_1594663017).Value_1785343965 = (*Pointer2_1429207620).Value_1785...
[AddIfZero] candidate 13 | function=swap | role=BLOCK_ITEM[0] | path=swap.body.block[2].branch[1].block[0] | kind=ExpressionStatement(expr=PreAssignExpression) | (*Pointer1_1594663017).Value_1785343965 = (*Pointer2_1429207620).Value_178534...
[AddIfZero] candidate 14 | function=swap | role=BLOCK_ITEM[3] | path=swap.body.block[3] | kind=ExpressionStatement(expr=PreAssignExpression) | (*Pointer2_1429207620).Value_1785343965 = Temp_956321359;
[ADD_IF_ZERO_SITE] application 5: default site 0 / 15
[AddIfZero] SELECTED INDEX = 0
[AddIfZero] SELECTED | function=swap | role=BLOCK_ITEM[1] | path=swap.body.block[1] | kind=IfStatement(arms=2) | if (0) { /*@ assert false; @*/ } else { if (0) { /*@ assert false; @*/ } else...
[AddIfZero] WRAP class=Branch | IfStatement(arms=2) | if (0) { /*@ assert false; @*/ } else { if (0) { /*@ assert false; @*/ } else...
[INFO] Writing unknown.c to robustness-transformed.c
[INFO] Robustness transformation completed
[INFO] Output written to robustness-transformed.c
