[INFO] Robustness mode started
[AddIfZero] candidate count = 4
[AddIfZero] candidate 0 | function=swap | path=swap.body.scope.slot[0] | kind=InsertionSlot(index=0, previous=<start>, next=Block)
[AddIfZero] candidate 1 | function=swap | path=swap.body.scope.slot[1] | kind=InsertionSlot(index=1, previous=Block, next=ExpressionStatement(expr=PreAssignExpression))
[AddIfZero] candidate 2 | function=swap | path=swap.body.scope.slot[2] | kind=InsertionSlot(index=2, previous=ExpressionStatement(expr=PreAssignExpression), next=ExpressionStatement(expr=PreAssignExpression))
[AddIfZero] candidate 3 | function=swap | path=swap.body.scope.slot[3] | kind=InsertionSlot(index=3, previous=ExpressionStatement(expr=PreAssignExpression), next=<end>)
[AddIfZero] SELECTED INDEX = 0
[AddIfZero] SELECTED | function=swap | path=swap.body.scope.slot[0] | kind=InsertionSlot(index=0, previous=<start>, next=Block)
[AddIfZero] candidate count = 4
[AddIfZero] candidate 0 | function=swap | path=swap.body.scope.slot[0] | kind=InsertionSlot(index=0, previous=<start>, next=Block)
[AddIfZero] candidate 1 | function=swap | path=swap.body.scope.slot[1] | kind=InsertionSlot(index=1, previous=Block, next=ExpressionStatement(expr=PreAssignExpression))
[AddIfZero] candidate 2 | function=swap | path=swap.body.scope.slot[2] | kind=InsertionSlot(index=2, previous=ExpressionStatement(expr=PreAssignExpression), next=ExpressionStatement(expr=PreAssignExpression))
[AddIfZero] candidate 3 | function=swap | path=swap.body.scope.slot[3] | kind=InsertionSlot(index=3, previous=ExpressionStatement(expr=PreAssignExpression), next=<end>)
[AddIfZero] SELECTED INDEX = 0
[AddIfZero] SELECTED | function=swap | path=swap.body.scope.slot[0] | kind=InsertionSlot(index=0, previous=<start>, next=Block)
[ERROR] An error occurred in pass filterRobustnessOutput
hre.debug.TimeTravel$CauseWithBadEffect: This trace causes an error later on: 
======================================
At diagnostic:
--------------------------------------
A reference to the successor of this declaration was made, but it has no successor.
======================================

	at hre.debug.TimeTravel$.cause(TimeTravel.scala:49)
	at vct.col.util.FrozenScopes.$anonfun$succ$1(FrozenScopes.scala:32)
	at vct.result.VerificationError$.withContext(VerificationError.scala:64)
	at vct.col.util.FrozenScopes.succ(FrozenScopes.scala:32)
	at vct.col.ast.AllScopes.succ(AllScopes.scala:182)
	at vct.col.ast.AbstractRewriter.succ(AbstractRewriter.scala:13)
	at vct.col.ast.AbstractRewriter.succ$(AbstractRewriter.scala:13)
	at vct.col.rewrite.NonLatchingRewriter.succ(NonLatchingRewriter.scala:8)
	at vct.col.ast.ops.rewrite.FunctionInvocationRewrite.$anonfun$rewrite$1(FunctionInvocationRewrite.scala:6)
	at scala.Option.getOrElse(Option.scala:201)
	at vct.col.ast.ops.rewrite.FunctionInvocationRewrite.rewrite(FunctionInvocationRewrite.scala:6)
	at vct.col.ast.ops.rewrite.FunctionInvocationRewrite.rewrite$(FunctionInvocationRewrite.scala:4)
	at vct.col.ast.FunctionInvocation.rewrite(Node.scala:1733)
	at vct.col.ast.ops.rewrite.FunctionInvocationRewrite.rewriteDefault(FunctionInvocationRewrite.scala:3)
	at vct.col.ast.ops.rewrite.FunctionInvocationRewrite.rewriteDefault$(FunctionInvocationRewrite.scala:3)
	at vct.col.ast.FunctionInvocation.rewriteDefault(Node.scala:1733)
	at vct.col.ast.FunctionInvocation.rewriteDefault(Node.scala:1733)
	at vct.col.ast.rewrite.BaseNonLatchingRewriter.dispatch(BaseNonLatchingRewriter.scala:20)
	at vct.col.ast.rewrite.BaseNonLatchingRewriter.dispatch$(BaseNonLatchingRewriter.scala:20)
	at vct.col.rewrite.NonLatchingRewriter.dispatch(NonLatchingRewriter.scala:8)
	at vct.col.ast.ops.rewrite.ByValueClassRewrite.rewrite(ByValueClassRewrite.scala:12)
	at vct.col.ast.ops.rewrite.ByValueClassRewrite.rewrite$(ByValueClassRewrite.scala:4)
	at vct.col.ast.ByValueClass.rewrite(Node.scala:759)
	at vct.col.ast.ops.rewrite.ByValueClassRewrite.rewriteDefault(ByValueClassRewrite.scala:3)
	at vct.col.ast.ops.rewrite.ByValueClassRewrite.rewriteDefault$(ByValueClassRewrite.scala:3)
	at vct.col.ast.ByValueClass.rewriteDefault(Node.scala:759)
	at vct.col.ast.ByValueClass.rewriteDefault(Node.scala:759)
	at vct.col.rewrite.NonLatchingRewriter.dispatch(NonLatchingRewriter.scala:16)
	at vct.col.util.Scopes.$anonfun$dispatch$3(Scopes.scala:137)
	at vct.col.util.Scopes.$anonfun$dispatch$3$adapted(Scopes.scala:136)
	at scala.collection.immutable.List.foreach(List.scala:333)
	at vct.col.util.Scopes.$anonfun$dispatch$2(Scopes.scala:136)
	at scala.runtime.java8.JFunction0$mcV$sp.apply(JFunction0$mcV$sp.scala:18)
	at hre.util.ScopedStack.having(ScopedStack.scala:35)
	at vct.col.util.Scopes.collect(Scopes.scala:92)
	at vct.col.util.Scopes.dispatch(Scopes.scala:136)
	at vct.col.rewrite.FilterRobustnessOutput.$anonfun$dispatch$1(FilterRobustnessOutput.scala:27)
	at vct.col.ast.ops.rewrite.ProgramRewrite.$anonfun$rewrite$7(ProgramRewrite.scala:12)
	at hre.util.ScopedStack.having(ScopedStack.scala:35)
	at vct.col.util.Scopes.scope(Scopes.scala:84)
	at vct.col.ast.ops.rewrite.ProgramRewrite.$anonfun$rewrite$6(ProgramRewrite.scala:11)
	at hre.util.ScopedStack.having(ScopedStack.scala:35)
	at vct.col.util.Scopes.scope(Scopes.scala:84)
	at vct.col.ast.ops.rewrite.ProgramRewrite.$anonfun$rewrite$5(ProgramRewrite.scala:10)
	at hre.util.ScopedStack.having(ScopedStack.scala:35)
	at vct.col.util.Scopes.scope(Scopes.scala:84)
	at vct.col.ast.ops.rewrite.ProgramRewrite.$anonfun$rewrite$4(ProgramRewrite.scala:9)
	at hre.util.ScopedStack.having(ScopedStack.scala:35)
	at vct.col.util.Scopes.scope(Scopes.scala:84)
	at vct.col.ast.ops.rewrite.ProgramRewrite.$anonfun$rewrite$3(ProgramRewrite.scala:8)
	at hre.util.ScopedStack.having(ScopedStack.scala:35)
	at vct.col.util.Scopes.scope(Scopes.scala:84)
	at vct.col.ast.ops.rewrite.ProgramRewrite.$anonfun$rewrite$2(ProgramRewrite.scala:7)
	at hre.util.ScopedStack.having(ScopedStack.scala:35)
	at vct.col.util.Scopes.scope(Scopes.scala:84)
	at vct.col.ast.ops.rewrite.ProgramRewrite.$anonfun$rewrite$1(ProgramRewrite.scala:6)
	at hre.util.ScopedStack.having(ScopedStack.scala:35)
	at vct.col.util.Scopes.scope(Scopes.scala:84)
	at vct.col.ast.ops.rewrite.ProgramRewrite.rewrite(ProgramRewrite.scala:5)
	at vct.col.ast.ops.rewrite.ProgramRewrite.rewrite$(ProgramRewrite.scala:4)
	at vct.col.ast.Program.rewrite(Node.scala:111)
	at vct.col.rewrite.FilterRobustnessOutput.dispatch(FilterRobustnessOutput.scala:26)
	at vct.col.ast.ops.rewrite.VerificationContextRewrite.rewrite(VerificationContextRewrite.scala:6)
	at vct.col.ast.ops.rewrite.VerificationContextRewrite.rewrite$(VerificationContextRewrite.scala:4)
	at vct.col.ast.VerificationContext.rewrite(Node.scala:100)
	at vct.col.ast.ops.rewrite.VerificationContextRewrite.rewriteDefault(VerificationContextRewrite.scala:3)
	at vct.col.ast.ops.rewrite.VerificationContextRewrite.rewriteDefault$(VerificationContextRewrite.scala:3)
	at vct.col.ast.VerificationContext.rewriteDefault(Node.scala:100)
	at vct.col.ast.rewrite.BaseNonLatchingRewriter.dispatch(BaseNonLatchingRewriter.scala:4)
	at vct.col.ast.rewrite.BaseNonLatchingRewriter.dispatch$(BaseNonLatchingRewriter.scala:4)
	at vct.col.rewrite.NonLatchingRewriter.dispatch(NonLatchingRewriter.scala:8)
	at vct.col.ast.ops.rewrite.VerificationRewrite.$anonfun$rewrite$1(VerificationRewrite.scala:6)
	at scala.collection.immutable.List.map(List.scala:246)
	at scala.collection.immutable.List.map(List.scala:79)
	at vct.col.ast.ops.rewrite.VerificationRewrite.rewrite(VerificationRewrite.scala:6)
	at vct.col.ast.ops.rewrite.VerificationRewrite.rewrite$(VerificationRewrite.scala:4)
	at vct.col.ast.Verification.rewrite(Node.scala:94)
	at vct.col.ast.ops.rewrite.VerificationRewrite.rewriteDefault(VerificationRewrite.scala:3)
	at vct.col.ast.ops.rewrite.VerificationRewrite.rewriteDefault$(VerificationRewrite.scala:3)
	at vct.col.ast.Verification.rewriteDefault(Node.scala:94)
	at vct.col.ast.rewrite.BaseNonLatchingRewriter.dispatch(BaseNonLatchingRewriter.scala:3)
	at vct.col.ast.rewrite.BaseNonLatchingRewriter.dispatch$(BaseNonLatchingRewriter.scala:3)
	at vct.col.rewrite.NonLatchingRewriter.dispatch(NonLatchingRewriter.scala:8)
	at vct.main.stages.Transformation.liftedTree1$1(Transformation.scala:288)
	at vct.main.stages.Transformation.$anonfun$run$4(Transformation.scala:288)
	at vct.main.stages.Transformation.$anonfun$run$4$adapted(Transformation.scala:280)
	at hre.progress.Progress$.$anonfun$foreach$2(Progress.scala:25)
	at scala.runtime.java8.JFunction0$mcV$sp.apply(JFunction0$mcV$sp.scala:18)
	at hre.progress.task.AbstractTask.frame(AbstractTask.scala:166)
	at hre.progress.Progress$.$anonfun$foreach$1(Progress.scala:25)
	at hre.progress.Progress$.$anonfun$foreach$1$adapted(Progress.scala:24)
	at scala.collection.IterableOnceOps.foreach(IterableOnce.scala:576)
	at scala.collection.IterableOnceOps.foreach$(IterableOnce.scala:574)
	at scala.collection.AbstractIterator.foreach(Iterator.scala:1300)
	at hre.progress.Progress$.foreach(Progress.scala:24)
	at vct.main.stages.Transformation.$anonfun$run$2(Transformation.scala:280)
	at hre.util.ScopedStack.having(ScopedStack.scala:35)
	at hre.debug.TimeTravel$.safelyRepeatable(TimeTravel.scala:37)
	at vct.main.stages.Transformation.run(Transformation.scala:274)
	at vct.main.stages.Transformation.run(Transformation.scala:247)
	at hre.stages.Stages.$anonfun$run$3(Stages.scala:104)
	at hre.stages.Stages.$anonfun$run$3$adapted(Stages.scala:101)
	at scala.collection.IterableOnceOps.foreach(IterableOnce.scala:576)
	at scala.collection.IterableOnceOps.foreach$(IterableOnce.scala:574)
	at scala.collection.AbstractIterable.foreach(Iterable.scala:933)
	at scala.collection.IterableOps$WithFilter.foreach(Iterable.scala:903)
	at hre.stages.Stages.$anonfun$run$1(Stages.scala:101)
	at hre.progress.task.NameSequenceTask.scope(NameSequenceTask.scala:16)
	at hre.progress.Progress$.stages(Progress.scala:47)
	at hre.stages.Stages.run(Stages.scala:98)
	at hre.stages.Stages.run$(Stages.scala:95)
	at hre.stages.StagesPair.run(Stages.scala:145)
	at vct.main.modes.Robustness$.runOptions(Robustness.scala:40)
	at vct.main.Main$.runMode(Main.scala:109)
	at vct.main.Main$.$anonfun$runOptions$3(Main.scala:101)
	at scala.runtime.java8.JFunction0$mcI$sp.apply(JFunction0$mcI$sp.scala:17)
	at hre.middleware.Middleware$.using(Middleware.scala:78)
	at vct.main.Main$.$anonfun$runOptions$2(Main.scala:101)
	at scala.runtime.java8.JFunction0$mcI$sp.apply(JFunction0$mcI$sp.scala:17)
	at hre.io.Watch$.booleanWithWatch(Watch.scala:58)
	at vct.main.Main$.$anonfun$runOptions$1(Main.scala:101)
	at scala.runtime.java8.JFunction0$mcI$sp.apply(JFunction0$mcI$sp.scala:17)
	at hre.middleware.Middleware$.using(Middleware.scala:78)
	at vct.main.Main$.runOptions(Main.scala:96)
	at vct.main.Main$.main(Main.scala:51)
	at vct.main.Main.main(Main.scala)
[ERROR] !*!*!*!*!*!*!*!*!*!*!*!
[ERROR] ! VerCors has crashed !
[ERROR] !*!*!*!*!*!*!*!*!*!*!*!
[ERROR] Please report this as a bug here:
[ERROR] https://github.com/utwente-fmt/vercors/issues/new?labels=A-Bug&title=Crash+report%3A+This+trace+causes+an+error+later+on%3A+%0A%3D%3D%3D%3D%3D%3D%3D%3D%3D%3D%3D%3D%3D%3D%3D%3D%3D%3D%3D%3D%3D%3D%3D%3D%3D%3D%3D%3D%3D%3D%3D%3D%3D%3D%3D%3D%3D%3D%0AAt+diagnostic%3A%0A--------&body=%23+Crash+Message%0A%60%60%60%0AThis+trace+causes+an+error+later+on%3A+%0A%3D%3D%3D%3D%3D%3D%3D%3D%3D%3D%3D%3D%3D%3D%3D%3D%3D%3D%3D%3D%3D%3D%3D%3D%3D%3D%3D%3D%3D%3D%3D%3D%3D%3D%3D%3D%3D%3D%0AAt+diagnostic%3A%0A--------------------------------------%0AA+reference+to+the+successor+of+this+declaration+was+made%2C+but+it+has+no+successor.%0A%3D%3D%3D%3D%3D%3D%3D%3D%3D%3D%3D%3D%3D%3D%3D%3D%3D%3D%3D%3D%3D%3D%3D%3D%3D%3D%3D%3D%3D%3D%3D%3D%3D%3D%3D%3D%3D%3D%0A%0A++at+hre.debug.TimeTravel%24.cause%28TimeTravel.scala%3A49%29%0A++at+vct.col.util.FrozenScopes.%24anonfun%24succ%241%28FrozenScopes.scala%3A32%29%0A++at+vct.result.VerificationError%24.withContext%28VerificationError.scala%3A64%29%0A++at+vct.col.util.FrozenScopes.succ%28FrozenScopes.scala%3A32%29%0A++at+vct.col.ast.AllScopes.succ%28AllScopes.scala%3A182%29%0A++at+vct.col.ast.AbstractRewriter.succ%28AbstractRewriter.scala%3A13%29%0A++at+vct.col.ast.AbstractRewriter.succ%24%28AbstractRewriter.scala%3A13%29%0A++at+vct.col.rewrite.NonLatchingRewriter.succ%28NonLatchingRewriter.scala%3A8%29%0A++at+vct.col.ast.ops.rewrite.FunctionInvocationRewrite.%24anonfun%24rewrite%241%28FunctionInvocationRewrite.scala%3A6%29%0A++at+scala.Option.getOrElse%28Option.scala%3A201%29%0A++at+vct.col.ast.ops.rewrite.FunctionInvocationRewrite.rewrite%28FunctionInvocationRewrite.scala%3A6%29%0A++at+vct.col.ast.ops.rewrite.FunctionInvocationRewrite.rewrite%24%28FunctionInvocationRewrite.scala%3A4%29%0A++...%0A++at+vct.main.Main%24.main%28Main.scala%3A51%29%0A++at+vct.main.Main.main%28Main.scala%29%0A%60%60%60%0A%0A%23+Version+Information%0A*+VerCors+version+%609999.9.9-SNAPSHOT%60%0A*+At+commit+b25cb029527376712a250b6c269d6510378e2b52+from+branch+%60robustness-post-resolution%60+%28changes%3Dtrue%29%0A%0A%23+Arguments%0A%60--robustness%60+%60examples%2Fconcepts%2Fbasic%2FEXAMPLES%2F2_swap.c%60%0A%0A%23+File+Inputs%0A%3Cdetails%3E%0A%3Csummary%3E2_swap.c%3C%2Fsummary%3E%0A%0A%60%60%60c%0Astruct+IntBox+%7B%0D%0A++++int+value%3B%0D%0A%7D%3B%0D%0A%0D%0A%2F*%40%0D%0A++requires+pointer1+%21%3D+NULL%3B%0D%0A++requires+pointer2+%21%3D+NULL%3B%0D%0A%0D%0A++context+pointer1+%21%3D+pointer2+%3D%3D%3E%0D%0A++++++Perm%28pointer1-%3Evalue%2C+write%29+**%0D%0A++++++Perm%28pointer2-%3Evalue%2C+write%29%3B%0D%0A%0D%0A++context+pointer1+%3D%3D+pointer2+%3D%3D%3E%0D%0A++++++Perm%28pointer1-%3Evalue%2C+write%29%3B%0D%0A%0D%0A++ensures+pointer1-%3Evalue+%3D%3D+%5Cold%28pointer2-%3Evalue%29%3B%0D%0A++ensures+pointer2-%3Evalue+%3D%3D+%5Cold%28pointer1-%3Evalue%29%3B%0D%0A%40*%2F%0D%0Astatic+void+swap%28struct+IntBox+*pointer1%2C+struct+IntBox+*pointer2%29%0D%0A%7B%0D%0A++++int+temp+%3D+pointer1-%3Evalue%3B%0D%0A++++pointer1-%3Evalue+%3D+pointer2-%3Evalue%3B%0D%0A++++pointer2-%3Evalue+%3D+temp%3B%0D%0A%7D%0A%60%60%60%0A%3C%2Fdetails%3E%0A%0A%0A%23+Full+Log%0A%3Cdetails%3E%0A%0A%60%60%60%0A02%3A11%3A27.783+%5BINFO%5D+Robustness+mode+started%0A02%3A11%3A31.792+%5BERROR%5D+An+error+occurred+in+pass+filterRobustnessOutput%0A02%3A11%3A31.811+%5BERROR%5D+hre.debug.TimeTravel%24CauseWithBadEffect%3A+This+trace+causes+an+error+later+on%3A+%0A%3D%3D%3D%3D%3D%3D%3D%3D%3D%3D%3D%3D%3D%3D%3D%3D%3D%3D%3D%3D%3D%3D%3D%3D%3D%3D%3D%3D%3D%3D%3D%3D%3D%3D%3D%3D%3D%3D%0AAt+diagnostic%3A%0A--------------------------------------%0AA+reference+to+the+successor+of+this+declaration+was+made%2C+but+it+has+no+successor.%0A%3D%3D%3D%3D%3D%3D%3D%3D%3D%3D%3D%3D%3D%3D%3D%3D%3D%3D%3D%3D%3D%3D%3D%3D%3D%3D%3D%3D%3D%3D%3D%3D%3D%3D%3D%3D%3D%3D%0A%0A%09at+hre.debug.TimeTravel%24.cause%28TimeTravel.scala%3A49%29%0A%09at+vct.col.util.FrozenScopes.%24anonfun%24succ%241%28FrozenScopes.scala%3A32%29%0A%09at+vct.result.VerificationError%24.withContext%28VerificationError.scala%3A64%29%0A%09at+vct.col.util.FrozenScopes.succ%28FrozenScopes.scala%3A32%29%0A%09at+vct.col.ast.AllScopes.succ%28AllScopes.scala%3A182%29%0A%09at+vct.col.ast.AbstractRewriter.succ%28AbstractRewriter.scala%3A13%29%0A%09at+vct.col.ast.AbstractRewriter.succ%24%28AbstractRewriter.scala%3A13%29%0A%09at+vct.col.rewrite.NonLatchingRewriter.succ%28NonLatchingRewriter.scala%3A8%29%0A%09at+vct.col.ast.ops.rewrite.FunctionInvocationRewrite.%24anonfun%24rewrite%241%28FunctionInvocationRewrite.scala%3A6%29%0A%09at+scala.Option.getOrElse%28Option.scala%3A201%29%0A%09at+vct.col.ast.ops.rewrite.FunctionInvocationRewrite.rewrite%28FunctionInvocationRewrite.scala%3A6%29%0A%09at+vct.col.ast.ops.rewrite.FunctionInvocationRewrite.rewrite%24%28FunctionInvocationRewrite.scala%3A4%29%0A%09at+vct.col.ast.FunctionInvocation.rewrite%28Node.scala%3A1733%29%0A%09at+vct.col.ast.ops.rewrite.FunctionInvocationRewrite.rewriteDefault%28FunctionInvocationRewrite.scala%3A3%29%0A%09at+vct.col.ast.ops.rewrite.FunctionInvocationRewrite.rewriteDefault%24%28FunctionInvocationRewrite.scala%3A3%29%0A%09at+vct.col.ast.FunctionInvocation.rewriteDefault%28Node.scala%3A1733%29%0A%09at+vct.col.ast.FunctionInvocation.rewriteDefault%28Node.scala%3A1733%29%0A%09at+vct.col.ast.rewrite.BaseNonLatchingRewriter.dispatch%28BaseNonLatchingRewriter.scala%3A20%29%0A%09at+vct.col.ast.rewrite.BaseNonLatchingRewriter.dispatch%24%28BaseNonLatchingRewriter.scala%3A20%29%0A%09at+vct.col.rewrite.NonLatchingRewriter.dispatch%28NonLatchingRewriter.scala%3A8%29%0A%09at+vct.col.ast.ops.rewrite.ByValueClassRewrite.rewrite%28ByValueClassRewrite.scala%3A12%29%0A%09at+vct.col.ast.ops.rewrite.ByValueClassRewrite.rewrite%24%28ByValueClassRewrite.scala%3A4%29%0A%09at+vct.col.ast.ByValueClass.rewrite%28Node.scala%3A759%29%0A%09at+vct.col.ast.ops.rewrite.ByValueClassRewrite.rewriteDefault%28ByValueClassRewrite.scala%3A3%29%0A%09at+vct.col.ast.ops.rewrite.ByValueClassRewrite.rewriteDefault%24%28ByValueClassRewrite.scala%3A3%29%0A%09at+vct.col.ast.ByValueClass.rewriteDefault%28Node.scala%3A759%29%0A%09at+vct.col.ast.ByValueClass.rewriteDefault%28Node.scala%3A759%29%0A%09at+vct.col.rewrite.NonLatchingRewriter.dispatch%28NonLatchingRewriter.scala%3A16%29%0A%09at+vct.col.util.Scopes.%24anonfun%24dispatch%243%28Scopes.scala%3A137%29%0A%09at+vct.col.util.Scopes.%24anonfun%24dispatch%243%24adapted%28Scopes.scala%3A136%29%0A%09at+scala.collection.immutable.List.foreach%28List.scala%3A333%29%0A%09at+vct.col.util.Scopes.%24anonfun%24dispatch%242%28Scopes.scala%3A136%29%0A%09at+scala.runtime.java8.JFunction0%24mcV%24sp.apply%28JFunction0%24mcV%24sp.scala%3A18%29%0A%09at+hre.util.ScopedStack.having%28ScopedStack.scala%3A35%29%0A%09at+vct.col.util.Scopes.collect%28Scopes.scala%3A92%29%0A%09at+vct.col.util.Scopes.dispatch%28Scopes.scala%3A136%29%0A%09at+vct.col.rewrite.FilterRobustnessOutput.%24anonfun%24dispatch%241%28FilterRobustnessOutput.scala%3A27%29%0A%09at+vct.col.ast.ops.rewrite.ProgramRewrite.%24anonfun%24rewrite%247%28ProgramRewrite.scala%3A12%29%0A%09at+hre.util.ScopedStack.having%28ScopedStack.scala%3A35%29%0A%09at+vct.col.util.Scopes.scope%28Scopes.scala%3A84%29%0A%09at+vct.col.ast.ops.rewrite.ProgramRewrite.%24anonfun%24rewrite%246%28ProgramRewrite.scala%3A11%29%0A%09at+hre.util.ScopedStack.having%28ScopedStack.scala%3A35%29%0A%09at+vct.col.util.Scopes.scope%28Scopes.scala%3A84%29%0A%09at+vct.col.ast.ops.rewrite.ProgramRewrite.%24anonfun%24rewrite%245%28ProgramRewrite.scala%3A10%29%0A%09at+hre.util.ScopedStack.having%28ScopedStack.scala%3A35%29%0A%09at+vct.col.util.Scopes.scope%28Scopes.scala%3A84%29%0A%09at+vct.col.ast.ops.rewrite.ProgramRewrite.%24anonfun%24rewrite%244%28ProgramRewrite.scala%3A9%29%0A%09at+hre.util.ScopedStack.having%28ScopedStack.scala%3A35%29%0A%09at+vct.col.util.Scopes.scope%28Scopes.scala%3A84%29%0A%09at+vct.col.ast.ops.rewrite.ProgramRewrite.%24anonfun%24rewrite%243%28ProgramRewrite.scala%3A8%29%0A%09at+hre.util.ScopedStack.having%28ScopedStack.scala%3A35%29%0A
1 targets failed
vercors.main.run subprocess failed
