[INFO] Robustness mode started
[INFO] Robustness transforms: addIfZero
[INFO] Robustness repeat: 5
[AddIfZero] candidate count = 4
[AddIfZero] candidate 0 | function=mult_add | role=BLOCK_ITEM[2] | path=mult_add.body.block[2] | kind=LoopScope(init=Block, cond=AmbiguousLess, update=Block, body=Scope) | { /*@ decreases Remaining_1237927927; loop_invariant 0 <= Remaining_123792792...
[AddIfZero] candidate 1 | function=mult_add | role=LOOP_BODY | path=mult_add.body.block[2].loop.body | kind=CompoundStatement(locals=0, items=2) | { Sum_1534243130 = Sum_1534243130 + K_1676036256; Remaining_1237927927 = Rema...
[AddIfZero] candidate 2 | function=mult_add | role=BLOCK_ITEM[0] | path=mult_add.body.block[2].loop.body.block[0] | kind=ExpressionStatement(expr=PreAssignExpression) | Sum_1534243130 = Sum_1534243130 + K_1676036256;
[AddIfZero] candidate 3 | function=mult_add | role=BLOCK_ITEM[1] | path=mult_add.body.block[2].loop.body.block[1] | kind=ExpressionStatement(expr=PostAssignExpression) | Remaining_1237927927 = Remaining_1237927927 - 1;
[ADD_IF_ZERO_SITE] application 1: default site 0 / 4
[AddIfZero] SELECTED INDEX = 0
[AddIfZero] SELECTED | function=mult_add | role=BLOCK_ITEM[2] | path=mult_add.body.block[2] | kind=LoopScope(init=Block, cond=AmbiguousLess, update=Block, body=Scope) | { /*@ decreases Remaining_1237927927; loop_invariant 0 <= Remaining_123792792...
[AddIfZero] WRAP class=Scope | LoopScope(init=Block, cond=AmbiguousLess, update=Block, body=Scope) | { /*@ decreases Remaining_1237927927; loop_invariant 0 <= Remaining_123792792...
[AddIfZero] candidate count = 9
[AddIfZero] candidate 0 | function=mult_add | role=BLOCK_ITEM[1] | path=mult_add.body.block[1] | kind=AssignmentStatement | Sum_284267224 = 0;
[AddIfZero] candidate 1 | function=mult_add | role=BLOCK_ITEM[3] | path=mult_add.body.block[3] | kind=AssignmentStatement | Remaining_252510665 = M_1010361023;
[AddIfZero] candidate 2 | function=mult_add | role=BLOCK_ITEM[4] | path=mult_add.body.block[4] | kind=IfStatement(arms=2) | if (0) { /*@ assert false; @*/ } else { /*@ decreases Remaining_252510665; lo...
[AddIfZero] candidate 3 | function=mult_add | role=IF_TRUE | path=mult_add.body.block[4].branch[0] | kind=CompoundStatement(locals=0, items=1) | { /*@ assert false; @*/ }
[AddIfZero] candidate 4 | function=mult_add | role=IF_ELSE[1] | path=mult_add.body.block[4].branch[1] | kind=CompoundStatement(locals=0, items=1) | { /*@ decreases Remaining_252510665; loop_invariant 0 <= Remaining_252510665;...
[AddIfZero] candidate 5 | function=mult_add | role=BLOCK_ITEM[0] | path=mult_add.body.block[4].branch[1].block[0] | kind=LoopScope(init=Block, cond=AmbiguousLess, update=Block, body=Scope) | { /*@ decreases Remaining_252510665; loop_invariant 0 <= Remaining_252510665;...
[AddIfZero] candidate 6 | function=mult_add | role=LOOP_BODY | path=mult_add.body.block[4].branch[1].block[0].loop.body | kind=CompoundStatement(locals=0, items=2) | { Sum_284267224 = Sum_284267224 + K_1888750776; Remaining_252510665 = Remaini...
[AddIfZero] candidate 7 | function=mult_add | role=BLOCK_ITEM[0] | path=mult_add.body.block[4].branch[1].block[0].loop.body.block[0] | kind=ExpressionStatement(expr=PreAssignExpression) | Sum_284267224 = Sum_284267224 + K_1888750776;
[AddIfZero] candidate 8 | function=mult_add | role=BLOCK_ITEM[1] | path=mult_add.body.block[4].branch[1].block[0].loop.body.block[1] | kind=ExpressionStatement(expr=PostAssignExpression) | Remaining_252510665 = Remaining_252510665 - 1;
[ADD_IF_ZERO_SITE] application 2: default site 0 / 9
[AddIfZero] SELECTED INDEX = 0
[AddIfZero] SELECTED | function=mult_add | role=BLOCK_ITEM[1] | path=mult_add.body.block[1] | kind=AssignmentStatement | Sum_284267224 = 0;
[AddIfZero] WRAP class=AssignInitial | AssignmentStatement | Sum_284267224 = 0;
[AddIfZero] candidate count = 12
[AddIfZero] candidate 0 | function=mult_add | role=BLOCK_ITEM[1] | path=mult_add.body.block[1] | kind=IfStatement(arms=2) | if (0) { /*@ assert false; @*/ } else { Sum_1040847151 = 0; }
[AddIfZero] candidate 1 | function=mult_add | role=IF_TRUE | path=mult_add.body.block[1].branch[0] | kind=CompoundStatement(locals=0, items=1) | { /*@ assert false; @*/ }
[AddIfZero] candidate 2 | function=mult_add | role=IF_ELSE[1] | path=mult_add.body.block[1].branch[1] | kind=CompoundStatement(locals=0, items=1) | { Sum_1040847151 = 0; }
[AddIfZero] candidate 3 | function=mult_add | role=BLOCK_ITEM[0] | path=mult_add.body.block[1].branch[1].block[0] | kind=AssignmentStatement | Sum_1040847151 = 0;
[AddIfZero] candidate 4 | function=mult_add | role=BLOCK_ITEM[3] | path=mult_add.body.block[3] | kind=AssignmentStatement | Remaining_180256054 = M_2107764550;
[AddIfZero] candidate 5 | function=mult_add | role=BLOCK_ITEM[4] | path=mult_add.body.block[4] | kind=IfStatement(arms=2) | if (0) { /*@ assert false; @*/ } else { /*@ decreases Remaining_180256054; lo...
[AddIfZero] candidate 6 | function=mult_add | role=IF_TRUE | path=mult_add.body.block[4].branch[0] | kind=CompoundStatement(locals=0, items=1) | { /*@ assert false; @*/ }
[AddIfZero] candidate 7 | function=mult_add | role=IF_ELSE[1] | path=mult_add.body.block[4].branch[1] | kind=CompoundStatement(locals=0, items=1) | { /*@ decreases Remaining_180256054; loop_invariant 0 <= Remaining_180256054;...
[AddIfZero] candidate 8 | function=mult_add | role=BLOCK_ITEM[0] | path=mult_add.body.block[4].branch[1].block[0] | kind=LoopScope(init=Block, cond=AmbiguousLess, update=Block, body=Scope) | { /*@ decreases Remaining_180256054; loop_invariant 0 <= Remaining_180256054;...
[AddIfZero] candidate 9 | function=mult_add | role=LOOP_BODY | path=mult_add.body.block[4].branch[1].block[0].loop.body | kind=CompoundStatement(locals=0, items=2) | { Sum_1040847151 = Sum_1040847151 + K_1947192530; Remaining_180256054 = Remai...
[AddIfZero] candidate 10 | function=mult_add | role=BLOCK_ITEM[0] | path=mult_add.body.block[4].branch[1].block[0].loop.body.block[0] | kind=ExpressionStatement(expr=PreAssignExpression) | Sum_1040847151 = Sum_1040847151 + K_1947192530;
[AddIfZero] candidate 11 | function=mult_add | role=BLOCK_ITEM[1] | path=mult_add.body.block[4].branch[1].block[0].loop.body.block[1] | kind=ExpressionStatement(expr=PostAssignExpression) | Remaining_180256054 = Remaining_180256054 - 1;
[ADD_IF_ZERO_SITE] application 3: default site 0 / 12
[AddIfZero] SELECTED INDEX = 0
[AddIfZero] SELECTED | function=mult_add | role=BLOCK_ITEM[1] | path=mult_add.body.block[1] | kind=IfStatement(arms=2) | if (0) { /*@ assert false; @*/ } else { Sum_1040847151 = 0; }
[AddIfZero] WRAP class=Branch | IfStatement(arms=2) | if (0) { /*@ assert false; @*/ } else { Sum_1040847151 = 0; }
[AddIfZero] candidate count = 15
[AddIfZero] candidate 0 | function=mult_add | role=BLOCK_ITEM[1] | path=mult_add.body.block[1] | kind=IfStatement(arms=2) | if (0) { /*@ assert false; @*/ } else { if (0) { /*@ assert false; @*/ } else...
[AddIfZero] candidate 1 | function=mult_add | role=IF_TRUE | path=mult_add.body.block[1].branch[0] | kind=CompoundStatement(locals=0, items=1) | { /*@ assert false; @*/ }
[AddIfZero] candidate 2 | function=mult_add | role=IF_ELSE[1] | path=mult_add.body.block[1].branch[1] | kind=CompoundStatement(locals=0, items=1) | { if (0) { /*@ assert false; @*/ } else { Sum_712726821 = 0; } }
[AddIfZero] candidate 3 | function=mult_add | role=BLOCK_ITEM[0] | path=mult_add.body.block[1].branch[1].block[0] | kind=IfStatement(arms=2) | if (0) { /*@ assert false; @*/ } else { Sum_712726821 = 0; }
[AddIfZero] candidate 4 | function=mult_add | role=IF_TRUE | path=mult_add.body.block[1].branch[1].block[0].branch[0] | kind=CompoundStatement(locals=0, items=1) | { /*@ assert false; @*/ }
[AddIfZero] candidate 5 | function=mult_add | role=IF_ELSE[1] | path=mult_add.body.block[1].branch[1].block[0].branch[1] | kind=CompoundStatement(locals=0, items=1) | { Sum_712726821 = 0; }
[AddIfZero] candidate 6 | function=mult_add | role=BLOCK_ITEM[0] | path=mult_add.body.block[1].branch[1].block[0].branch[1].block[0] | kind=AssignmentStatement | Sum_712726821 = 0;
[AddIfZero] candidate 7 | function=mult_add | role=BLOCK_ITEM[3] | path=mult_add.body.block[3] | kind=AssignmentStatement | Remaining_94745492 = M_1822122802;
[AddIfZero] candidate 8 | function=mult_add | role=BLOCK_ITEM[4] | path=mult_add.body.block[4] | kind=IfStatement(arms=2) | if (0) { /*@ assert false; @*/ } else { /*@ decreases Remaining_94745492; loo...
[AddIfZero] candidate 9 | function=mult_add | role=IF_TRUE | path=mult_add.body.block[4].branch[0] | kind=CompoundStatement(locals=0, items=1) | { /*@ assert false; @*/ }
[AddIfZero] candidate 10 | function=mult_add | role=IF_ELSE[1] | path=mult_add.body.block[4].branch[1] | kind=CompoundStatement(locals=0, items=1) | { /*@ decreases Remaining_94745492; loop_invariant 0 <= Remaining_94745492; l...
[AddIfZero] candidate 11 | function=mult_add | role=BLOCK_ITEM[0] | path=mult_add.body.block[4].branch[1].block[0] | kind=LoopScope(init=Block, cond=AmbiguousLess, update=Block, body=Scope) | { /*@ decreases Remaining_94745492; loop_invariant 0 <= Remaining_94745492; l...
[AddIfZero] candidate 12 | function=mult_add | role=LOOP_BODY | path=mult_add.body.block[4].branch[1].block[0].loop.body | kind=CompoundStatement(locals=0, items=2) | { Sum_712726821 = Sum_712726821 + K_944455655; Remaining_94745492 = Remaining...
[AddIfZero] candidate 13 | function=mult_add | role=BLOCK_ITEM[0] | path=mult_add.body.block[4].branch[1].block[0].loop.body.block[0] | kind=ExpressionStatement(expr=PreAssignExpression) | Sum_712726821 = Sum_712726821 + K_944455655;
[AddIfZero] candidate 14 | function=mult_add | role=BLOCK_ITEM[1] | path=mult_add.body.block[4].branch[1].block[0].loop.body.block[1] | kind=ExpressionStatement(expr=PostAssignExpression) | Remaining_94745492 = Remaining_94745492 - 1;
[ADD_IF_ZERO_SITE] application 4: default site 0 / 15
[AddIfZero] SELECTED INDEX = 0
[AddIfZero] SELECTED | function=mult_add | role=BLOCK_ITEM[1] | path=mult_add.body.block[1] | kind=IfStatement(arms=2) | if (0) { /*@ assert false; @*/ } else { if (0) { /*@ assert false; @*/ } else...
[AddIfZero] WRAP class=Branch | IfStatement(arms=2) | if (0) { /*@ assert false; @*/ } else { if (0) { /*@ assert false; @*/ } else...
[AddIfZero] candidate count = 18
[AddIfZero] candidate 0 | function=mult_add | role=BLOCK_ITEM[1] | path=mult_add.body.block[1] | kind=IfStatement(arms=2) | if (0) { /*@ assert false; @*/ } else { if (0) { /*@ assert false; @*/ } else...
[AddIfZero] candidate 1 | function=mult_add | role=IF_TRUE | path=mult_add.body.block[1].branch[0] | kind=CompoundStatement(locals=0, items=1) | { /*@ assert false; @*/ }
[AddIfZero] candidate 2 | function=mult_add | role=IF_ELSE[1] | path=mult_add.body.block[1].branch[1] | kind=CompoundStatement(locals=0, items=1) | { if (0) { /*@ assert false; @*/ } else { if (0) { /*@ assert false; @*/ } el...
[AddIfZero] candidate 3 | function=mult_add | role=BLOCK_ITEM[0] | path=mult_add.body.block[1].branch[1].block[0] | kind=IfStatement(arms=2) | if (0) { /*@ assert false; @*/ } else { if (0) { /*@ assert false; @*/ } else...
[AddIfZero] candidate 4 | function=mult_add | role=IF_TRUE | path=mult_add.body.block[1].branch[1].block[0].branch[0] | kind=CompoundStatement(locals=0, items=1) | { /*@ assert false; @*/ }
[AddIfZero] candidate 5 | function=mult_add | role=IF_ELSE[1] | path=mult_add.body.block[1].branch[1].block[0].branch[1] | kind=CompoundStatement(locals=0, items=1) | { if (0) { /*@ assert false; @*/ } else { Sum_770463685 = 0; } }
[AddIfZero] candidate 6 | function=mult_add | role=BLOCK_ITEM[0] | path=mult_add.body.block[1].branch[1].block[0].branch[1].block[0] | kind=IfStatement(arms=2) | if (0) { /*@ assert false; @*/ } else { Sum_770463685 = 0; }
[AddIfZero] candidate 7 | function=mult_add | role=IF_TRUE | path=mult_add.body.block[1].branch[1].block[0].branch[1].block[0].branch[0] | kind=CompoundStatement(locals=0, items=1) | { /*@ assert false; @*/ }
[AddIfZero] candidate 8 | function=mult_add | role=IF_ELSE[1] | path=mult_add.body.block[1].branch[1].block[0].branch[1].block[0].branch[1] | kind=CompoundStatement(locals=0, items=1) | { Sum_770463685 = 0; }
[AddIfZero] candidate 9 | function=mult_add | role=BLOCK_ITEM[0] | path=mult_add.body.block[1].branch[1].block[0].branch[1].block[0].branch[1].block[0] | kind=AssignmentStatement | Sum_770463685 = 0;
[AddIfZero] candidate 10 | function=mult_add | role=BLOCK_ITEM[3] | path=mult_add.body.block[3] | kind=AssignmentStatement | Remaining_1535482311 = M_837409103;
[AddIfZero] candidate 11 | function=mult_add | role=BLOCK_ITEM[4] | path=mult_add.body.block[4] | kind=IfStatement(arms=2) | if (0) { /*@ assert false; @*/ } else { /*@ decreases Remaining_1535482311; l...
[AddIfZero] candidate 12 | function=mult_add | role=IF_TRUE | path=mult_add.body.block[4].branch[0] | kind=CompoundStatement(locals=0, items=1) | { /*@ assert false; @*/ }
[AddIfZero] candidate 13 | function=mult_add | role=IF_ELSE[1] | path=mult_add.body.block[4].branch[1] | kind=CompoundStatement(locals=0, items=1) | { /*@ decreases Remaining_1535482311; loop_invariant 0 <= Remaining_153548231...
[AddIfZero] candidate 14 | function=mult_add | role=BLOCK_ITEM[0] | path=mult_add.body.block[4].branch[1].block[0] | kind=LoopScope(init=Block, cond=AmbiguousLess, update=Block, body=Scope) | { /*@ decreases Remaining_1535482311; loop_invariant 0 <= Remaining_153548231...
[AddIfZero] candidate 15 | function=mult_add | role=LOOP_BODY | path=mult_add.body.block[4].branch[1].block[0].loop.body | kind=CompoundStatement(locals=0, items=2) | { Sum_770463685 = Sum_770463685 + K_110770500; Remaining_1535482311 = Remaini...
[AddIfZero] candidate 16 | function=mult_add | role=BLOCK_ITEM[0] | path=mult_add.body.block[4].branch[1].block[0].loop.body.block[0] | kind=ExpressionStatement(expr=PreAssignExpression) | Sum_770463685 = Sum_770463685 + K_110770500;
[AddIfZero] candidate 17 | function=mult_add | role=BLOCK_ITEM[1] | path=mult_add.body.block[4].branch[1].block[0].loop.body.block[1] | kind=ExpressionStatement(expr=PostAssignExpression) | Remaining_1535482311 = Remaining_1535482311 - 1;
[ADD_IF_ZERO_SITE] application 5: default site 0 / 18
[AddIfZero] SELECTED INDEX = 0
[AddIfZero] SELECTED | function=mult_add | role=BLOCK_ITEM[1] | path=mult_add.body.block[1] | kind=IfStatement(arms=2) | if (0) { /*@ assert false; @*/ } else { if (0) { /*@ assert false; @*/ } else...
[AddIfZero] WRAP class=Branch | IfStatement(arms=2) | if (0) { /*@ assert false; @*/ } else { if (0) { /*@ assert false; @*/ } else...
[INFO] Writing unknown.c to robustness-transformed.c
[INFO] Robustness transformation completed
[INFO] Output written to robustness-transformed.c
