[INFO] Start: VerCors (at 16:04:06)
[WARN] Caching is enabled, but results will be discarded, since there were uncommitted changes at compilation time.
======================================
At vercors-interpreted-1405055087698173549.i
--------------------------------------
   11      int remaining;
   12      remaining = m;
          [-----
   13      /*@
   14      decreases remaining;
   15      loop_invariant 0 <= remaining;
       ... (8 lines omitted)
   24              remaining = remaining - 1;
   25          }
   26      }
       -----]
   27      return sum;
   28  }
--------------------------------------
At site-1.c
--------------------------------------
    4      int remaining;
    5      remaining = m;
      [---------
    6      /*@
    7      decreases remaining;
    8      loop_invariant 0 <= remaining;
       ... (8 lines omitted)
   17              remaining = remaining - 1;
   18          }
   19      }
       -------]
   20      return sum;
   21  }
--------------------------------------
[1/2] This invariant may not be established, since ...
--------------------------------------
At vercors-interpreted-1405055087698173549.i
--------------------------------------
   11      int remaining;
   12      remaining = m;
          [-----
   13      /*@
   14      decreases remaining;
   15      loop_invariant 0 <= remaining;
       ... (8 lines omitted)
   24              remaining = remaining - 1;
   25          }
   26      }
       -----]
   27      return sum;
   28  }
--------------------------------------
At site-1.c
--------------------------------------
    4      int remaining;
    5      remaining = m;
      [---------
    6      /*@
    7      decreases remaining;
    8      loop_invariant 0 <= remaining;
       ... (8 lines omitted)
   17              remaining = remaining - 1;
   18          }
   19      }
       -------]
   20      return sum;
   21  }
--------------------------------------
[2/2] ... this expression may be false (https://utwente.nl/vercors#invariantNotEstablished:false)
======================================
[INFO] Done: VerCors (at 16:04:22, duration: 00:00:16)
1 targets failed
vercors.main.run subprocess failed
