[INFO] Start: VerCors (at 16:03:22)
[WARN] Caching is enabled, but results will be discarded, since there were uncommitted changes at compilation time.
======================================
At vercors-interpreted-11947025428809179839.i
--------------------------------------
   14          /*@ assert false; @*/
   15      } else {
              [-----
   16          /*@
   17          decreases remaining;
   18          loop_invariant 0 <= remaining;
       ... (4 lines omitted)
   23              sum = sum + k;
   24              remaining = remaining - 1;
   25          }
       ---------]
   26      }
   27      return sum;
--------------------------------------
At site-0.c
--------------------------------------
    7          /*@ assert false; @*/
    8      } else {
      [-------------
    9          /*@
   10          decreases remaining;
   11          loop_invariant 0 <= remaining;
       ... (4 lines omitted)
   16              sum = sum + k;
   17              remaining = remaining - 1;
   18          }
       -----------]
   19      }
   20      return sum;
--------------------------------------
[1/2] This invariant may not be established, since ...
--------------------------------------
At vercors-interpreted-11947025428809179839.i
--------------------------------------
   14          /*@ assert false; @*/
   15      } else {
              [-----
   16          /*@
   17          decreases remaining;
   18          loop_invariant 0 <= remaining;
       ... (4 lines omitted)
   23              sum = sum + k;
   24              remaining = remaining - 1;
   25          }
       ---------]
   26      }
   27      return sum;
--------------------------------------
At site-0.c
--------------------------------------
    7          /*@ assert false; @*/
    8      } else {
      [-------------
    9          /*@
   10          decreases remaining;
   11          loop_invariant 0 <= remaining;
       ... (4 lines omitted)
   16              sum = sum + k;
   17              remaining = remaining - 1;
   18          }
       -----------]
   19      }
   20      return sum;
--------------------------------------
[2/2] ... this expression may be false (https://utwente.nl/vercors#invariantNotEstablished:false)
======================================
[INFO] Done: VerCors (at 16:03:39, duration: 00:00:17)
1 targets failed
vercors.main.run subprocess failed
