[INFO] Robustness mode started
[INFO] Robustness transforms: addIfZero
[INFO] Robustness repeat: 5
[AddIfZero] candidate count = 8
[AddIfZero] candidate 0 | function=bubble_sort | role=BLOCK_ITEM[1] | path=bubble_sort.body.block[1] | kind=LoopScope(init=Block, cond=AmbiguousLess, update=Eval, body=Scope) | { /*@ loop_invariant 0 <= I_2100506144; loop_invariant I_2100506144 <= N_1822...
[AddIfZero] candidate 1 | function=bubble_sort | role=LOOP_BODY | path=bubble_sort.body.block[1].loop.body | kind=CompoundStatement(locals=0, items=1) | { /*@ loop_invariant 0 <= J_735688652; loop_invariant J_735688652 <= N_182294...
[AddIfZero] candidate 2 | function=bubble_sort | role=BLOCK_ITEM[0] | path=bubble_sort.body.block[1].loop.body.block[0] | kind=LoopScope(init=Block, cond=AmbiguousLess, update=Eval, body=Scope) | { /*@ loop_invariant 0 <= J_735688652; loop_invariant J_735688652 <= N_182294...
[AddIfZero] candidate 3 | function=bubble_sort | role=LOOP_BODY | path=bubble_sort.body.block[1].loop.body.block[0].loop.body | kind=CompoundStatement(locals=0, items=1) | { if (Arr_2136445533[J_735688652] > Arr_2136445533[J_735688652 + 1]) { int Te...
[AddIfZero] candidate 4 | function=bubble_sort | role=BLOCK_ITEM[0] | path=bubble_sort.body.block[1].loop.body.block[0].loop.body.block[0] | kind=IfStatement(arms=1) | if (Arr_2136445533[J_735688652] > Arr_2136445533[J_735688652 + 1]) { int Temp...
[AddIfZero] candidate 5 | function=bubble_sort | role=IF_TRUE | path=bubble_sort.body.block[1].loop.body.block[0].loop.body.block[0].branch[0] | kind=CompoundStatement(locals=0, items=3) | { int Temp_1547678950; Temp_1547678950 = Arr_2136445533[J_735688652]; Arr_213...
[AddIfZero] candidate 6 | function=bubble_sort | role=BLOCK_ITEM[1] | path=bubble_sort.body.block[1].loop.body.block[0].loop.body.block[0].branch[0].block[1] | kind=ExpressionStatement(expr=PreAssignExpression) | Arr_2136445533[J_735688652] = Arr_2136445533[J_735688652 + 1];
[AddIfZero] candidate 7 | function=bubble_sort | role=BLOCK_ITEM[2] | path=bubble_sort.body.block[1].loop.body.block[0].loop.body.block[0].branch[0].block[2] | kind=ExpressionStatement(expr=PreAssignExpression) | Arr_2136445533[J_735688652 + 1] = Temp_1547678950;
[ADD_IF_ZERO_SITE] application 1: default site 0 / 8
[AddIfZero] SELECTED INDEX = 0
[AddIfZero] SELECTED | function=bubble_sort | role=BLOCK_ITEM[1] | path=bubble_sort.body.block[1] | kind=LoopScope(init=Block, cond=AmbiguousLess, update=Eval, body=Scope) | { /*@ loop_invariant 0 <= I_2100506144; loop_invariant I_2100506144 <= N_1822...
[AddIfZero] WRAP class=Scope | LoopScope(init=Block, cond=AmbiguousLess, update=Eval, body=Scope) | { /*@ loop_invariant 0 <= I_2100506144; loop_invariant I_2100506144 <= N_1822...
[AddIfZero] candidate count = 13
[AddIfZero] candidate 0 | function=bubble_sort | role=BLOCK_ITEM[1] | path=bubble_sort.body.block[1] | kind=AssignmentStatement | N_141020821 = Length_1565014268;
[AddIfZero] candidate 1 | function=bubble_sort | role=BLOCK_ITEM[2] | path=bubble_sort.body.block[2] | kind=IfStatement(arms=2) | if (0) { /*@ assert false; @*/ } else { /*@ loop_invariant 0 <= I_589565963; ...
[AddIfZero] candidate 2 | function=bubble_sort | role=IF_TRUE | path=bubble_sort.body.block[2].branch[0] | kind=CompoundStatement(locals=0, items=1) | { /*@ assert false; @*/ }
[AddIfZero] candidate 3 | function=bubble_sort | role=IF_ELSE[1] | path=bubble_sort.body.block[2].branch[1] | kind=CompoundStatement(locals=0, items=1) | { /*@ loop_invariant 0 <= I_589565963; loop_invariant I_589565963 <= N_141020...
[AddIfZero] candidate 4 | function=bubble_sort | role=BLOCK_ITEM[0] | path=bubble_sort.body.block[2].branch[1].block[0] | kind=LoopScope(init=Block, cond=AmbiguousLess, update=Eval, body=Scope) | { /*@ loop_invariant 0 <= I_589565963; loop_invariant I_589565963 <= N_141020...
[AddIfZero] candidate 5 | function=bubble_sort | role=LOOP_BODY | path=bubble_sort.body.block[2].branch[1].block[0].loop.body | kind=CompoundStatement(locals=0, items=1) | { /*@ loop_invariant 0 <= J_400532498; loop_invariant J_400532498 <= N_141020...
[AddIfZero] candidate 6 | function=bubble_sort | role=BLOCK_ITEM[0] | path=bubble_sort.body.block[2].branch[1].block[0].loop.body.block[0] | kind=LoopScope(init=Block, cond=AmbiguousLess, update=Eval, body=Scope) | { /*@ loop_invariant 0 <= J_400532498; loop_invariant J_400532498 <= N_141020...
[AddIfZero] candidate 7 | function=bubble_sort | role=LOOP_BODY | path=bubble_sort.body.block[2].branch[1].block[0].loop.body.block[0].loop.body | kind=CompoundStatement(locals=0, items=1) | { if (Arr_851934733[J_400532498] > Arr_851934733[J_400532498 + 1]) { int Temp...
[AddIfZero] candidate 8 | function=bubble_sort | role=BLOCK_ITEM[0] | path=bubble_sort.body.block[2].branch[1].block[0].loop.body.block[0].loop.body.block[0] | kind=IfStatement(arms=1) | if (Arr_851934733[J_400532498] > Arr_851934733[J_400532498 + 1]) { int Temp_1...
[AddIfZero] candidate 9 | function=bubble_sort | role=IF_TRUE | path=bubble_sort.body.block[2].branch[1].block[0].loop.body.block[0].loop.body.block[0].branch[0] | kind=CompoundStatement(locals=0, items=4) | { int Temp_1606099493; Temp_1606099493 = Arr_851934733[J_400532498]; Arr_8519...
[AddIfZero] candidate 10 | function=bubble_sort | role=BLOCK_ITEM[1] | path=bubble_sort.body.block[2].branch[1].block[0].loop.body.block[0].loop.body.block[0].branch[0].block[1] | kind=AssignmentStatement | Temp_1606099493 = Arr_851934733[J_400532498];
[AddIfZero] candidate 11 | function=bubble_sort | role=BLOCK_ITEM[2] | path=bubble_sort.body.block[2].branch[1].block[0].loop.body.block[0].loop.body.block[0].branch[0].block[2] | kind=ExpressionStatement(expr=PreAssignExpression) | Arr_851934733[J_400532498] = Arr_851934733[J_400532498 + 1];
[AddIfZero] candidate 12 | function=bubble_sort | role=BLOCK_ITEM[3] | path=bubble_sort.body.block[2].branch[1].block[0].loop.body.block[0].loop.body.block[0].branch[0].block[3] | kind=ExpressionStatement(expr=PreAssignExpression) | Arr_851934733[J_400532498 + 1] = Temp_1606099493;
[ADD_IF_ZERO_SITE] application 2: default site 0 / 13
[AddIfZero] SELECTED INDEX = 0
[AddIfZero] SELECTED | function=bubble_sort | role=BLOCK_ITEM[1] | path=bubble_sort.body.block[1] | kind=AssignmentStatement | N_141020821 = Length_1565014268;
[AddIfZero] WRAP class=AssignInitial | AssignmentStatement | N_141020821 = Length_1565014268;
[AddIfZero] candidate count = 16
[AddIfZero] candidate 0 | function=bubble_sort | role=BLOCK_ITEM[1] | path=bubble_sort.body.block[1] | kind=IfStatement(arms=2) | if (0) { /*@ assert false; @*/ } else { N_281893680 = Length_137066379; }
[AddIfZero] candidate 1 | function=bubble_sort | role=IF_TRUE | path=bubble_sort.body.block[1].branch[0] | kind=CompoundStatement(locals=0, items=1) | { /*@ assert false; @*/ }
[AddIfZero] candidate 2 | function=bubble_sort | role=IF_ELSE[1] | path=bubble_sort.body.block[1].branch[1] | kind=CompoundStatement(locals=0, items=1) | { N_281893680 = Length_137066379; }
[AddIfZero] candidate 3 | function=bubble_sort | role=BLOCK_ITEM[0] | path=bubble_sort.body.block[1].branch[1].block[0] | kind=AssignmentStatement | N_281893680 = Length_137066379;
[AddIfZero] candidate 4 | function=bubble_sort | role=BLOCK_ITEM[2] | path=bubble_sort.body.block[2] | kind=IfStatement(arms=2) | if (0) { /*@ assert false; @*/ } else { /*@ loop_invariant 0 <= I_1887645147;...
[AddIfZero] candidate 5 | function=bubble_sort | role=IF_TRUE | path=bubble_sort.body.block[2].branch[0] | kind=CompoundStatement(locals=0, items=1) | { /*@ assert false; @*/ }
[AddIfZero] candidate 6 | function=bubble_sort | role=IF_ELSE[1] | path=bubble_sort.body.block[2].branch[1] | kind=CompoundStatement(locals=0, items=1) | { /*@ loop_invariant 0 <= I_1887645147; loop_invariant I_1887645147 <= N_2818...
[AddIfZero] candidate 7 | function=bubble_sort | role=BLOCK_ITEM[0] | path=bubble_sort.body.block[2].branch[1].block[0] | kind=LoopScope(init=Block, cond=AmbiguousLess, update=Eval, body=Scope) | { /*@ loop_invariant 0 <= I_1887645147; loop_invariant I_1887645147 <= N_2818...
[AddIfZero] candidate 8 | function=bubble_sort | role=LOOP_BODY | path=bubble_sort.body.block[2].branch[1].block[0].loop.body | kind=CompoundStatement(locals=0, items=1) | { /*@ loop_invariant 0 <= J_1801330096; loop_invariant J_1801330096 <= N_2818...
[AddIfZero] candidate 9 | function=bubble_sort | role=BLOCK_ITEM[0] | path=bubble_sort.body.block[2].branch[1].block[0].loop.body.block[0] | kind=LoopScope(init=Block, cond=AmbiguousLess, update=Eval, body=Scope) | { /*@ loop_invariant 0 <= J_1801330096; loop_invariant J_1801330096 <= N_2818...
[AddIfZero] candidate 10 | function=bubble_sort | role=LOOP_BODY | path=bubble_sort.body.block[2].branch[1].block[0].loop.body.block[0].loop.body | kind=CompoundStatement(locals=0, items=1) | { if (Arr_296800048[J_1801330096] > Arr_296800048[J_1801330096 + 1]) { int Te...
[AddIfZero] candidate 11 | function=bubble_sort | role=BLOCK_ITEM[0] | path=bubble_sort.body.block[2].branch[1].block[0].loop.body.block[0].loop.body.block[0] | kind=IfStatement(arms=1) | if (Arr_296800048[J_1801330096] > Arr_296800048[J_1801330096 + 1]) { int Temp...
[AddIfZero] candidate 12 | function=bubble_sort | role=IF_TRUE | path=bubble_sort.body.block[2].branch[1].block[0].loop.body.block[0].loop.body.block[0].branch[0] | kind=CompoundStatement(locals=0, items=4) | { int Temp_1114928546; Temp_1114928546 = Arr_296800048[J_1801330096]; Arr_296...
[AddIfZero] candidate 13 | function=bubble_sort | role=BLOCK_ITEM[1] | path=bubble_sort.body.block[2].branch[1].block[0].loop.body.block[0].loop.body.block[0].branch[0].block[1] | kind=AssignmentStatement | Temp_1114928546 = Arr_296800048[J_1801330096];
[AddIfZero] candidate 14 | function=bubble_sort | role=BLOCK_ITEM[2] | path=bubble_sort.body.block[2].branch[1].block[0].loop.body.block[0].loop.body.block[0].branch[0].block[2] | kind=ExpressionStatement(expr=PreAssignExpression) | Arr_296800048[J_1801330096] = Arr_296800048[J_1801330096 + 1];
[AddIfZero] candidate 15 | function=bubble_sort | role=BLOCK_ITEM[3] | path=bubble_sort.body.block[2].branch[1].block[0].loop.body.block[0].loop.body.block[0].branch[0].block[3] | kind=ExpressionStatement(expr=PreAssignExpression) | Arr_296800048[J_1801330096 + 1] = Temp_1114928546;
[ADD_IF_ZERO_SITE] application 3: default site 0 / 16
[AddIfZero] SELECTED INDEX = 0
[AddIfZero] SELECTED | function=bubble_sort | role=BLOCK_ITEM[1] | path=bubble_sort.body.block[1] | kind=IfStatement(arms=2) | if (0) { /*@ assert false; @*/ } else { N_281893680 = Length_137066379; }
[AddIfZero] WRAP class=Branch | IfStatement(arms=2) | if (0) { /*@ assert false; @*/ } else { N_281893680 = Length_137066379; }
[AddIfZero] candidate count = 19
[AddIfZero] candidate 0 | function=bubble_sort | role=BLOCK_ITEM[1] | path=bubble_sort.body.block[1] | kind=IfStatement(arms=2) | if (0) { /*@ assert false; @*/ } else { if (0) { /*@ assert false; @*/ } else...
[AddIfZero] candidate 1 | function=bubble_sort | role=IF_TRUE | path=bubble_sort.body.block[1].branch[0] | kind=CompoundStatement(locals=0, items=1) | { /*@ assert false; @*/ }
[AddIfZero] candidate 2 | function=bubble_sort | role=IF_ELSE[1] | path=bubble_sort.body.block[1].branch[1] | kind=CompoundStatement(locals=0, items=1) | { if (0) { /*@ assert false; @*/ } else { N_603158857 = Length_569149158; } }
[AddIfZero] candidate 3 | function=bubble_sort | role=BLOCK_ITEM[0] | path=bubble_sort.body.block[1].branch[1].block[0] | kind=IfStatement(arms=2) | if (0) { /*@ assert false; @*/ } else { N_603158857 = Length_569149158; }
[AddIfZero] candidate 4 | function=bubble_sort | role=IF_TRUE | path=bubble_sort.body.block[1].branch[1].block[0].branch[0] | kind=CompoundStatement(locals=0, items=1) | { /*@ assert false; @*/ }
[AddIfZero] candidate 5 | function=bubble_sort | role=IF_ELSE[1] | path=bubble_sort.body.block[1].branch[1].block[0].branch[1] | kind=CompoundStatement(locals=0, items=1) | { N_603158857 = Length_569149158; }
[AddIfZero] candidate 6 | function=bubble_sort | role=BLOCK_ITEM[0] | path=bubble_sort.body.block[1].branch[1].block[0].branch[1].block[0] | kind=AssignmentStatement | N_603158857 = Length_569149158;
[AddIfZero] candidate 7 | function=bubble_sort | role=BLOCK_ITEM[2] | path=bubble_sort.body.block[2] | kind=IfStatement(arms=2) | if (0) { /*@ assert false; @*/ } else { /*@ loop_invariant 0 <= I_188223892; ...
[AddIfZero] candidate 8 | function=bubble_sort | role=IF_TRUE | path=bubble_sort.body.block[2].branch[0] | kind=CompoundStatement(locals=0, items=1) | { /*@ assert false; @*/ }
[AddIfZero] candidate 9 | function=bubble_sort | role=IF_ELSE[1] | path=bubble_sort.body.block[2].branch[1] | kind=CompoundStatement(locals=0, items=1) | { /*@ loop_invariant 0 <= I_188223892; loop_invariant I_188223892 <= N_603158...
[AddIfZero] candidate 10 | function=bubble_sort | role=BLOCK_ITEM[0] | path=bubble_sort.body.block[2].branch[1].block[0] | kind=LoopScope(init=Block, cond=AmbiguousLess, update=Eval, body=Scope) | { /*@ loop_invariant 0 <= I_188223892; loop_invariant I_188223892 <= N_603158...
[AddIfZero] candidate 11 | function=bubble_sort | role=LOOP_BODY | path=bubble_sort.body.block[2].branch[1].block[0].loop.body | kind=CompoundStatement(locals=0, items=1) | { /*@ loop_invariant 0 <= J_688454688; loop_invariant J_688454688 <= N_603158...
[AddIfZero] candidate 12 | function=bubble_sort | role=BLOCK_ITEM[0] | path=bubble_sort.body.block[2].branch[1].block[0].loop.body.block[0] | kind=LoopScope(init=Block, cond=AmbiguousLess, update=Eval, body=Scope) | { /*@ loop_invariant 0 <= J_688454688; loop_invariant J_688454688 <= N_603158...
[AddIfZero] candidate 13 | function=bubble_sort | role=LOOP_BODY | path=bubble_sort.body.block[2].branch[1].block[0].loop.body.block[0].loop.body | kind=CompoundStatement(locals=0, items=1) | { if (Arr_294252921[J_688454688] > Arr_294252921[J_688454688 + 1]) { int Temp...
[AddIfZero] candidate 14 | function=bubble_sort | role=BLOCK_ITEM[0] | path=bubble_sort.body.block[2].branch[1].block[0].loop.body.block[0].loop.body.block[0] | kind=IfStatement(arms=1) | if (Arr_294252921[J_688454688] > Arr_294252921[J_688454688 + 1]) { int Temp_1...
[AddIfZero] candidate 15 | function=bubble_sort | role=IF_TRUE | path=bubble_sort.body.block[2].branch[1].block[0].loop.body.block[0].loop.body.block[0].branch[0] | kind=CompoundStatement(locals=0, items=4) | { int Temp_1419218456; Temp_1419218456 = Arr_294252921[J_688454688]; Arr_2942...
[AddIfZero] candidate 16 | function=bubble_sort | role=BLOCK_ITEM[1] | path=bubble_sort.body.block[2].branch[1].block[0].loop.body.block[0].loop.body.block[0].branch[0].block[1] | kind=AssignmentStatement | Temp_1419218456 = Arr_294252921[J_688454688];
[AddIfZero] candidate 17 | function=bubble_sort | role=BLOCK_ITEM[2] | path=bubble_sort.body.block[2].branch[1].block[0].loop.body.block[0].loop.body.block[0].branch[0].block[2] | kind=ExpressionStatement(expr=PreAssignExpression) | Arr_294252921[J_688454688] = Arr_294252921[J_688454688 + 1];
[AddIfZero] candidate 18 | function=bubble_sort | role=BLOCK_ITEM[3] | path=bubble_sort.body.block[2].branch[1].block[0].loop.body.block[0].loop.body.block[0].branch[0].block[3] | kind=ExpressionStatement(expr=PreAssignExpression) | Arr_294252921[J_688454688 + 1] = Temp_1419218456;
[ADD_IF_ZERO_SITE] application 4: default site 0 / 19
[AddIfZero] SELECTED INDEX = 0
[AddIfZero] SELECTED | function=bubble_sort | role=BLOCK_ITEM[1] | path=bubble_sort.body.block[1] | kind=IfStatement(arms=2) | if (0) { /*@ assert false; @*/ } else { if (0) { /*@ assert false; @*/ } else...
[AddIfZero] WRAP class=Branch | IfStatement(arms=2) | if (0) { /*@ assert false; @*/ } else { if (0) { /*@ assert false; @*/ } else...
[AddIfZero] candidate count = 22
[AddIfZero] candidate 0 | function=bubble_sort | role=BLOCK_ITEM[1] | path=bubble_sort.body.block[1] | kind=IfStatement(arms=2) | if (0) { /*@ assert false; @*/ } else { if (0) { /*@ assert false; @*/ } else...
[AddIfZero] candidate 1 | function=bubble_sort | role=IF_TRUE | path=bubble_sort.body.block[1].branch[0] | kind=CompoundStatement(locals=0, items=1) | { /*@ assert false; @*/ }
[AddIfZero] candidate 2 | function=bubble_sort | role=IF_ELSE[1] | path=bubble_sort.body.block[1].branch[1] | kind=CompoundStatement(locals=0, items=1) | { if (0) { /*@ assert false; @*/ } else { if (0) { /*@ assert false; @*/ } el...
[AddIfZero] candidate 3 | function=bubble_sort | role=BLOCK_ITEM[0] | path=bubble_sort.body.block[1].branch[1].block[0] | kind=IfStatement(arms=2) | if (0) { /*@ assert false; @*/ } else { if (0) { /*@ assert false; @*/ } else...
[AddIfZero] candidate 4 | function=bubble_sort | role=IF_TRUE | path=bubble_sort.body.block[1].branch[1].block[0].branch[0] | kind=CompoundStatement(locals=0, items=1) | { /*@ assert false; @*/ }
[AddIfZero] candidate 5 | function=bubble_sort | role=IF_ELSE[1] | path=bubble_sort.body.block[1].branch[1].block[0].branch[1] | kind=CompoundStatement(locals=0, items=1) | { if (0) { /*@ assert false; @*/ } else { N_1602525817 = Length_1661271891; } }
[AddIfZero] candidate 6 | function=bubble_sort | role=BLOCK_ITEM[0] | path=bubble_sort.body.block[1].branch[1].block[0].branch[1].block[0] | kind=IfStatement(arms=2) | if (0) { /*@ assert false; @*/ } else { N_1602525817 = Length_1661271891; }
[AddIfZero] candidate 7 | function=bubble_sort | role=IF_TRUE | path=bubble_sort.body.block[1].branch[1].block[0].branch[1].block[0].branch[0] | kind=CompoundStatement(locals=0, items=1) | { /*@ assert false; @*/ }
[AddIfZero] candidate 8 | function=bubble_sort | role=IF_ELSE[1] | path=bubble_sort.body.block[1].branch[1].block[0].branch[1].block[0].branch[1] | kind=CompoundStatement(locals=0, items=1) | { N_1602525817 = Length_1661271891; }
[AddIfZero] candidate 9 | function=bubble_sort | role=BLOCK_ITEM[0] | path=bubble_sort.body.block[1].branch[1].block[0].branch[1].block[0].branch[1].block[0] | kind=AssignmentStatement | N_1602525817 = Length_1661271891;
[AddIfZero] candidate 10 | function=bubble_sort | role=BLOCK_ITEM[2] | path=bubble_sort.body.block[2] | kind=IfStatement(arms=2) | if (0) { /*@ assert false; @*/ } else { /*@ loop_invariant 0 <= I_749543741; ...
[AddIfZero] candidate 11 | function=bubble_sort | role=IF_TRUE | path=bubble_sort.body.block[2].branch[0] | kind=CompoundStatement(locals=0, items=1) | { /*@ assert false; @*/ }
[AddIfZero] candidate 12 | function=bubble_sort | role=IF_ELSE[1] | path=bubble_sort.body.block[2].branch[1] | kind=CompoundStatement(locals=0, items=1) | { /*@ loop_invariant 0 <= I_749543741; loop_invariant I_749543741 <= N_160252...
[AddIfZero] candidate 13 | function=bubble_sort | role=BLOCK_ITEM[0] | path=bubble_sort.body.block[2].branch[1].block[0] | kind=LoopScope(init=Block, cond=AmbiguousLess, update=Eval, body=Scope) | { /*@ loop_invariant 0 <= I_749543741; loop_invariant I_749543741 <= N_160252...
[AddIfZero] candidate 14 | function=bubble_sort | role=LOOP_BODY | path=bubble_sort.body.block[2].branch[1].block[0].loop.body | kind=CompoundStatement(locals=0, items=1) | { /*@ loop_invariant 0 <= J_1412901635; loop_invariant J_1412901635 <= N_1602...
[AddIfZero] candidate 15 | function=bubble_sort | role=BLOCK_ITEM[0] | path=bubble_sort.body.block[2].branch[1].block[0].loop.body.block[0] | kind=LoopScope(init=Block, cond=AmbiguousLess, update=Eval, body=Scope) | { /*@ loop_invariant 0 <= J_1412901635; loop_invariant J_1412901635 <= N_1602...
[AddIfZero] candidate 16 | function=bubble_sort | role=LOOP_BODY | path=bubble_sort.body.block[2].branch[1].block[0].loop.body.block[0].loop.body | kind=CompoundStatement(locals=0, items=1) | { if (Arr_798696622[J_1412901635] > Arr_798696622[J_1412901635 + 1]) { int Te...
[AddIfZero] candidate 17 | function=bubble_sort | role=BLOCK_ITEM[0] | path=bubble_sort.body.block[2].branch[1].block[0].loop.body.block[0].loop.body.block[0] | kind=IfStatement(arms=1) | if (Arr_798696622[J_1412901635] > Arr_798696622[J_1412901635 + 1]) { int Temp...
[AddIfZero] candidate 18 | function=bubble_sort | role=IF_TRUE | path=bubble_sort.body.block[2].branch[1].block[0].loop.body.block[0].loop.body.block[0].branch[0] | kind=CompoundStatement(locals=0, items=4) | { int Temp_1797367913; Temp_1797367913 = Arr_798696622[J_1412901635]; Arr_798...
[AddIfZero] candidate 19 | function=bubble_sort | role=BLOCK_ITEM[1] | path=bubble_sort.body.block[2].branch[1].block[0].loop.body.block[0].loop.body.block[0].branch[0].block[1] | kind=AssignmentStatement | Temp_1797367913 = Arr_798696622[J_1412901635];
[AddIfZero] candidate 20 | function=bubble_sort | role=BLOCK_ITEM[2] | path=bubble_sort.body.block[2].branch[1].block[0].loop.body.block[0].loop.body.block[0].branch[0].block[2] | kind=ExpressionStatement(expr=PreAssignExpression) | Arr_798696622[J_1412901635] = Arr_798696622[J_1412901635 + 1];
[AddIfZero] candidate 21 | function=bubble_sort | role=BLOCK_ITEM[3] | path=bubble_sort.body.block[2].branch[1].block[0].loop.body.block[0].loop.body.block[0].branch[0].block[3] | kind=ExpressionStatement(expr=PreAssignExpression) | Arr_798696622[J_1412901635 + 1] = Temp_1797367913;
[ADD_IF_ZERO_SITE] application 5: default site 0 / 22
[AddIfZero] SELECTED INDEX = 0
[AddIfZero] SELECTED | function=bubble_sort | role=BLOCK_ITEM[1] | path=bubble_sort.body.block[1] | kind=IfStatement(arms=2) | if (0) { /*@ assert false; @*/ } else { if (0) { /*@ assert false; @*/ } else...
[AddIfZero] WRAP class=Branch | IfStatement(arms=2) | if (0) { /*@ assert false; @*/ } else { if (0) { /*@ assert false; @*/ } else...
[INFO] Writing unknown.c to robustness-transformed.c
[INFO] Robustness transformation completed
[INFO] Output written to robustness-transformed.c
