[INFO] Robustness mode started
[INFO] Robustness transforms: addIfOne
[INFO] Robustness repeat: 5
[AddIfOne] candidate count = 1
[AddIfOne] candidate 0 | function=mult_add | role=BLOCK_ITEM[0] | path=mult_add.body.block[0] | kind=IfStatement(arms=2) | if (M_1558029640 == 0 || K_1890212065 == 0) { return 0; } else { return M_155...
[ADD_IF_ONE_SITE] application 1: default site 0 / 1
[AddIfOne] SELECTED INDEX = 0
[AddIfOne] SELECTED | function=mult_add | role=BLOCK_ITEM[0] | path=mult_add.body.block[0] | kind=IfStatement(arms=2) | if (M_1558029640 == 0 || K_1890212065 == 0) { return 0; } else { return M_155...
[AddIfOne] WRAP class=Branch | IfStatement(arms=2) | if (M_1558029640 == 0 || K_1890212065 == 0) { return 0; } else { return M_155...
[AddIfOne] candidate count = 4
[AddIfOne] candidate 0 | function=mult_add | role=BLOCK_ITEM[0] | path=mult_add.body.block[0] | kind=IfStatement(arms=2) | if (1) { if (M_310426339 == 0 || K_627727856 == 0) { return 0; } else { retur...
[AddIfOne] candidate 1 | function=mult_add | role=IF_TRUE | path=mult_add.body.block[0].branch[0] | kind=CompoundStatement(locals=0, items=1) | { if (M_310426339 == 0 || K_627727856 == 0) { return 0; } else { return M_310...
[AddIfOne] candidate 2 | function=mult_add | role=IF_ELSE[1] | path=mult_add.body.block[0].branch[1] | kind=CompoundStatement(locals=0, items=1) | { /*@ assert false; @*/ }
[AddIfOne] candidate 3 | function=mult_add | role=BLOCK_ITEM[0] | path=mult_add.body.block[0].branch[0].block[0] | kind=IfStatement(arms=2) | if (M_310426339 == 0 || K_627727856 == 0) { return 0; } else { return M_31042...
[ADD_IF_ONE_SITE] application 2: default site 0 / 4
[AddIfOne] SELECTED INDEX = 0
[AddIfOne] SELECTED | function=mult_add | role=BLOCK_ITEM[0] | path=mult_add.body.block[0] | kind=IfStatement(arms=2) | if (1) { if (M_310426339 == 0 || K_627727856 == 0) { return 0; } else { retur...
[AddIfOne] WRAP class=Branch | IfStatement(arms=2) | if (1) { if (M_310426339 == 0 || K_627727856 == 0) { return 0; } else { retur...
[AddIfOne] candidate count = 7
[AddIfOne] candidate 0 | function=mult_add | role=BLOCK_ITEM[0] | path=mult_add.body.block[0] | kind=IfStatement(arms=2) | if (1) { if (1) { if (M_1311152251 == 0 || K_1354439711 == 0) { return 0; } e...
[AddIfOne] candidate 1 | function=mult_add | role=IF_TRUE | path=mult_add.body.block[0].branch[0] | kind=CompoundStatement(locals=0, items=1) | { if (1) { if (M_1311152251 == 0 || K_1354439711 == 0) { return 0; } else { r...
[AddIfOne] candidate 2 | function=mult_add | role=IF_ELSE[1] | path=mult_add.body.block[0].branch[1] | kind=CompoundStatement(locals=0, items=1) | { /*@ assert false; @*/ }
[AddIfOne] candidate 3 | function=mult_add | role=BLOCK_ITEM[0] | path=mult_add.body.block[0].branch[0].block[0] | kind=IfStatement(arms=2) | if (1) { if (M_1311152251 == 0 || K_1354439711 == 0) { return 0; } else { ret...
[AddIfOne] candidate 4 | function=mult_add | role=IF_TRUE | path=mult_add.body.block[0].branch[0].block[0].branch[0] | kind=CompoundStatement(locals=0, items=1) | { if (M_1311152251 == 0 || K_1354439711 == 0) { return 0; } else { return M_1...
[AddIfOne] candidate 5 | function=mult_add | role=IF_ELSE[1] | path=mult_add.body.block[0].branch[0].block[0].branch[1] | kind=CompoundStatement(locals=0, items=1) | { /*@ assert false; @*/ }
[AddIfOne] candidate 6 | function=mult_add | role=BLOCK_ITEM[0] | path=mult_add.body.block[0].branch[0].block[0].branch[0].block[0] | kind=IfStatement(arms=2) | if (M_1311152251 == 0 || K_1354439711 == 0) { return 0; } else { return M_131...
[ADD_IF_ONE_SITE] application 3: default site 0 / 7
[AddIfOne] SELECTED INDEX = 0
[AddIfOne] SELECTED | function=mult_add | role=BLOCK_ITEM[0] | path=mult_add.body.block[0] | kind=IfStatement(arms=2) | if (1) { if (1) { if (M_1311152251 == 0 || K_1354439711 == 0) { return 0; } e...
[AddIfOne] WRAP class=Branch | IfStatement(arms=2) | if (1) { if (1) { if (M_1311152251 == 0 || K_1354439711 == 0) { return 0; } e...
[AddIfOne] candidate count = 10
[AddIfOne] candidate 0 | function=mult_add | role=BLOCK_ITEM[0] | path=mult_add.body.block[0] | kind=IfStatement(arms=2) | if (1) { if (1) { if (1) { if (M_332464215 == 0 || K_1720994940 == 0) { retur...
[AddIfOne] candidate 1 | function=mult_add | role=IF_TRUE | path=mult_add.body.block[0].branch[0] | kind=CompoundStatement(locals=0, items=1) | { if (1) { if (1) { if (M_332464215 == 0 || K_1720994940 == 0) { return 0; } ...
[AddIfOne] candidate 2 | function=mult_add | role=IF_ELSE[1] | path=mult_add.body.block[0].branch[1] | kind=CompoundStatement(locals=0, items=1) | { /*@ assert false; @*/ }
[AddIfOne] candidate 3 | function=mult_add | role=BLOCK_ITEM[0] | path=mult_add.body.block[0].branch[0].block[0] | kind=IfStatement(arms=2) | if (1) { if (1) { if (M_332464215 == 0 || K_1720994940 == 0) { return 0; } el...
[AddIfOne] candidate 4 | function=mult_add | role=IF_TRUE | path=mult_add.body.block[0].branch[0].block[0].branch[0] | kind=CompoundStatement(locals=0, items=1) | { if (1) { if (M_332464215 == 0 || K_1720994940 == 0) { return 0; } else { re...
[AddIfOne] candidate 5 | function=mult_add | role=IF_ELSE[1] | path=mult_add.body.block[0].branch[0].block[0].branch[1] | kind=CompoundStatement(locals=0, items=1) | { /*@ assert false; @*/ }
[AddIfOne] candidate 6 | function=mult_add | role=BLOCK_ITEM[0] | path=mult_add.body.block[0].branch[0].block[0].branch[0].block[0] | kind=IfStatement(arms=2) | if (1) { if (M_332464215 == 0 || K_1720994940 == 0) { return 0; } else { retu...
[AddIfOne] candidate 7 | function=mult_add | role=IF_TRUE | path=mult_add.body.block[0].branch[0].block[0].branch[0].block[0].branch[0] | kind=CompoundStatement(locals=0, items=1) | { if (M_332464215 == 0 || K_1720994940 == 0) { return 0; } else { return M_33...
[AddIfOne] candidate 8 | function=mult_add | role=IF_ELSE[1] | path=mult_add.body.block[0].branch[0].block[0].branch[0].block[0].branch[1] | kind=CompoundStatement(locals=0, items=1) | { /*@ assert false; @*/ }
[AddIfOne] candidate 9 | function=mult_add | role=BLOCK_ITEM[0] | path=mult_add.body.block[0].branch[0].block[0].branch[0].block[0].branch[0].block[0] | kind=IfStatement(arms=2) | if (M_332464215 == 0 || K_1720994940 == 0) { return 0; } else { return M_3324...
[ADD_IF_ONE_SITE] application 4: default site 0 / 10
[AddIfOne] SELECTED INDEX = 0
[AddIfOne] SELECTED | function=mult_add | role=BLOCK_ITEM[0] | path=mult_add.body.block[0] | kind=IfStatement(arms=2) | if (1) { if (1) { if (1) { if (M_332464215 == 0 || K_1720994940 == 0) { retur...
[AddIfOne] WRAP class=Branch | IfStatement(arms=2) | if (1) { if (1) { if (1) { if (M_332464215 == 0 || K_1720994940 == 0) { retur...
[AddIfOne] candidate count = 13
[AddIfOne] candidate 0 | function=mult_add | role=BLOCK_ITEM[0] | path=mult_add.body.block[0] | kind=IfStatement(arms=2) | if (1) { if (1) { if (1) { if (1) { if (M_1896461827 == 0 || K_1991656106 == ...
[AddIfOne] candidate 1 | function=mult_add | role=IF_TRUE | path=mult_add.body.block[0].branch[0] | kind=CompoundStatement(locals=0, items=1) | { if (1) { if (1) { if (1) { if (M_1896461827 == 0 || K_1991656106 == 0) { re...
[AddIfOne] candidate 2 | function=mult_add | role=IF_ELSE[1] | path=mult_add.body.block[0].branch[1] | kind=CompoundStatement(locals=0, items=1) | { /*@ assert false; @*/ }
[AddIfOne] candidate 3 | function=mult_add | role=BLOCK_ITEM[0] | path=mult_add.body.block[0].branch[0].block[0] | kind=IfStatement(arms=2) | if (1) { if (1) { if (1) { if (M_1896461827 == 0 || K_1991656106 == 0) { retu...
[AddIfOne] candidate 4 | function=mult_add | role=IF_TRUE | path=mult_add.body.block[0].branch[0].block[0].branch[0] | kind=CompoundStatement(locals=0, items=1) | { if (1) { if (1) { if (M_1896461827 == 0 || K_1991656106 == 0) { return 0; }...
[AddIfOne] candidate 5 | function=mult_add | role=IF_ELSE[1] | path=mult_add.body.block[0].branch[0].block[0].branch[1] | kind=CompoundStatement(locals=0, items=1) | { /*@ assert false; @*/ }
[AddIfOne] candidate 6 | function=mult_add | role=BLOCK_ITEM[0] | path=mult_add.body.block[0].branch[0].block[0].branch[0].block[0] | kind=IfStatement(arms=2) | if (1) { if (1) { if (M_1896461827 == 0 || K_1991656106 == 0) { return 0; } e...
[AddIfOne] candidate 7 | function=mult_add | role=IF_TRUE | path=mult_add.body.block[0].branch[0].block[0].branch[0].block[0].branch[0] | kind=CompoundStatement(locals=0, items=1) | { if (1) { if (M_1896461827 == 0 || K_1991656106 == 0) { return 0; } else { r...
[AddIfOne] candidate 8 | function=mult_add | role=IF_ELSE[1] | path=mult_add.body.block[0].branch[0].block[0].branch[0].block[0].branch[1] | kind=CompoundStatement(locals=0, items=1) | { /*@ assert false; @*/ }
[AddIfOne] candidate 9 | function=mult_add | role=BLOCK_ITEM[0] | path=mult_add.body.block[0].branch[0].block[0].branch[0].block[0].branch[0].block[0] | kind=IfStatement(arms=2) | if (1) { if (M_1896461827 == 0 || K_1991656106 == 0) { return 0; } else { ret...
[AddIfOne] candidate 10 | function=mult_add | role=IF_TRUE | path=mult_add.body.block[0].branch[0].block[0].branch[0].block[0].branch[0].block[0].branch[0] | kind=CompoundStatement(locals=0, items=1) | { if (M_1896461827 == 0 || K_1991656106 == 0) { return 0; } else { return M_1...
[AddIfOne] candidate 11 | function=mult_add | role=IF_ELSE[1] | path=mult_add.body.block[0].branch[0].block[0].branch[0].block[0].branch[0].block[0].branch[1] | kind=CompoundStatement(locals=0, items=1) | { /*@ assert false; @*/ }
[AddIfOne] candidate 12 | function=mult_add | role=BLOCK_ITEM[0] | path=mult_add.body.block[0].branch[0].block[0].branch[0].block[0].branch[0].block[0].branch[0].block[0] | kind=IfStatement(arms=2) | if (M_1896461827 == 0 || K_1991656106 == 0) { return 0; } else { return M_189...
[ADD_IF_ONE_SITE] application 5: default site 0 / 13
[AddIfOne] SELECTED INDEX = 0
[AddIfOne] SELECTED | function=mult_add | role=BLOCK_ITEM[0] | path=mult_add.body.block[0] | kind=IfStatement(arms=2) | if (1) { if (1) { if (1) { if (1) { if (M_1896461827 == 0 || K_1991656106 == ...
[AddIfOne] WRAP class=Branch | IfStatement(arms=2) | if (1) { if (1) { if (1) { if (1) { if (M_1896461827 == 0 || K_1991656106 == ...
[INFO] Writing unknown.c to robustness-transformed.c
[INFO] Robustness transformation completed
[INFO] Output written to robustness-transformed.c
