[INFO] Start: VerCors (at 16:17:40)
[WARN] Caching is enabled, but results will be discarded, since there were uncommitted changes at compilation time.
======================================
At vercors-interpreted-146590245149478345.i
--------------------------------------
   31          loop_invariant 0 <= i;
   32          loop_invariant i <= length;
                                              [--
   33          loop_invariant sum == prefixSum(xs, i);
                                               --]
   34          @*/
   35          for (;i < length; i = i + 1) {
--------------------------------------
At site-0.c
--------------------------------------
   24          loop_invariant 0 <= i;
   25          loop_invariant i <= length;
      [-------------------------------------------------
   26          loop_invariant sum == prefixSum(xs, i);
       -------------------------------------------------]
   27          @*/
   28          for (;i < length; i = i + 1) {
--------------------------------------
Could not find local named xs.
======================================
[INFO] Done: VerCors (at 16:17:51, duration: 00:00:10)
1 targets failed
vercors.main.run subprocess failed
