[INFO] Robustness mode started
[INFO] Robustness mode: spin (random kind + random site)
[INFO] Robustness spin seed: 42
[INFO] Robustness spin pool: addIfZero,addIfOne,robustnessForLoopToWhileLoop
[INFO] Robustness transforms: addIfZero,addIfOne,robustnessForLoopToWhileLoop
[INFO] Robustness repeat: 5
[RobustnessSpin] round 1: for-to-while: 0 / 1
[ForToWhile] candidate count = 1
[ForToWhile] candidate 0 | function=is_biggest | path=is_biggest.body.scope.block[2].scope | kind=ForLoop(init=ExpressionStatement(expr=PreAssignExpression), cond=AmbiguousLess, update=ExpressionStatement(expr=PostAssignExpression), body=Scope(locals=0, items=1))
[FOR_TO_WHILE_SITE] application 1: spin site 0 / 1
[ForToWhile] SELECTED INDEX = 0
[ForToWhile] SELECTED | function=is_biggest | path=is_biggest.body.scope.block[2].scope | kind=ForLoop(init=ExpressionStatement(expr=PreAssignExpression), cond=AmbiguousLess, update=ExpressionStatement(expr=PostAssignExpression), body=Scope(locals=0, items=1))
[RobustnessSpin] round 2: add-if-zero: 4 / 10
[AddIfZero] candidate count = 10
[AddIfZero] candidate 0 | function=is_biggest | role=BLOCK_ITEM[1] | path=is_biggest.body.block[1] | kind=AssignmentStatement | Biggest_1065369518 = Arr_1364142940[0];
[AddIfZero] candidate 1 | function=is_biggest | role=BLOCK_ITEM[3] | path=is_biggest.body.block[3] | kind=CompoundStatement(locals=0, items=2) | { I_1732515589 = 1; /*@ loop_invariant 1 <= I_1732515589; loop_invariant I_17...
[AddIfZero] candidate 2 | function=is_biggest | role=BLOCK_ITEM[0] | path=is_biggest.body.block[3].block[0] | kind=ExpressionStatement(expr=PreAssignExpression) | I_1732515589 = 1;
[AddIfZero] candidate 3 | function=is_biggest | role=BLOCK_ITEM[1] | path=is_biggest.body.block[3].block[1] | kind=LoopStatement(init=Block, cond=AmbiguousLess, update=Block, body=Block) | /*@ loop_invariant 1 <= I_1732515589; loop_invariant I_1732515589 <= Length_7...
[AddIfZero] candidate 4 | function=is_biggest | role=LOOP_BODY | path=is_biggest.body.block[3].block[1].body | kind=Block | { if (Arr_1364142940[I_1732515589] > Biggest_1065369518) { Biggest_1065369518...
[AddIfZero] candidate 5 | function=is_biggest | role=BLOCK_ITEM[0] | path=is_biggest.body.block[3].block[1].body.block[0] | kind=CompoundStatement(locals=0, items=1) | { if (Arr_1364142940[I_1732515589] > Biggest_1065369518) { Biggest_1065369518...
[AddIfZero] candidate 6 | function=is_biggest | role=BLOCK_ITEM[0] | path=is_biggest.body.block[3].block[1].body.block[0].block[0] | kind=IfStatement(arms=1) | if (Arr_1364142940[I_1732515589] > Biggest_1065369518) { Biggest_1065369518 =...
[AddIfZero] candidate 7 | function=is_biggest | role=IF_TRUE | path=is_biggest.body.block[3].block[1].body.block[0].block[0].branch[0] | kind=CompoundStatement(locals=0, items=1) | { Biggest_1065369518 = Arr_1364142940[I_1732515589]; }
[AddIfZero] candidate 8 | function=is_biggest | role=BLOCK_ITEM[0] | path=is_biggest.body.block[3].block[1].body.block[0].block[0].branch[0].block[0] | kind=ExpressionStatement(expr=PreAssignExpression) | Biggest_1065369518 = Arr_1364142940[I_1732515589];
[AddIfZero] candidate 9 | function=is_biggest | role=BLOCK_ITEM[1] | path=is_biggest.body.block[3].block[1].body.block[1] | kind=ExpressionStatement(expr=PostAssignExpression) | I_1732515589 = I_1732515589 + 1;
[ADD_IF_ZERO_SITE] application 1: spin site 4 / 10
[AddIfZero] SELECTED INDEX = 4
[AddIfZero] SELECTED | function=is_biggest | role=LOOP_BODY | path=is_biggest.body.block[3].block[1].body | kind=Block | { if (Arr_1364142940[I_1732515589] > Biggest_1065369518) { Biggest_1065369518...
[AddIfZero] WRAP class=Block | Block | { if (Arr_1364142940[I_1732515589] > Biggest_1065369518) { Biggest_1065369518...
[RobustnessSpin] round 3: add-if-zero: 4 / 13
[AddIfZero] candidate count = 13
[AddIfZero] candidate 0 | function=is_biggest | role=BLOCK_ITEM[1] | path=is_biggest.body.block[1] | kind=AssignmentStatement | Biggest_538906244 = Arr_1445587204[0];
[AddIfZero] candidate 1 | function=is_biggest | role=BLOCK_ITEM[3] | path=is_biggest.body.block[3] | kind=CompoundStatement(locals=0, items=2) | { I_494474405 = 1; /*@ loop_invariant 1 <= I_494474405; loop_invariant I_4944...
[AddIfZero] candidate 2 | function=is_biggest | role=BLOCK_ITEM[0] | path=is_biggest.body.block[3].block[0] | kind=ExpressionStatement(expr=PreAssignExpression) | I_494474405 = 1;
[AddIfZero] candidate 3 | function=is_biggest | role=BLOCK_ITEM[1] | path=is_biggest.body.block[3].block[1] | kind=LoopStatement(init=Block, cond=AmbiguousLess, update=Block, body=Scope) | /*@ loop_invariant 1 <= I_494474405; loop_invariant I_494474405 <= Length_109...
[AddIfZero] candidate 4 | function=is_biggest | role=LOOP_BODY | path=is_biggest.body.block[3].block[1].body | kind=CompoundStatement(locals=0, items=1) | { if (0) { /*@ assert false; @*/ } else { if (Arr_1445587204[I_494474405] > B...
[AddIfZero] candidate 5 | function=is_biggest | role=BLOCK_ITEM[0] | path=is_biggest.body.block[3].block[1].body.block[0] | kind=IfStatement(arms=2) | if (0) { /*@ assert false; @*/ } else { if (Arr_1445587204[I_494474405] > Big...
[AddIfZero] candidate 6 | function=is_biggest | role=IF_TRUE | path=is_biggest.body.block[3].block[1].body.block[0].branch[0] | kind=CompoundStatement(locals=0, items=1) | { /*@ assert false; @*/ }
[AddIfZero] candidate 7 | function=is_biggest | role=IF_ELSE[1] | path=is_biggest.body.block[3].block[1].body.block[0].branch[1] | kind=CompoundStatement(locals=0, items=2) | { if (Arr_1445587204[I_494474405] > Biggest_538906244) { Biggest_538906244 = ...
[AddIfZero] candidate 8 | function=is_biggest | role=BLOCK_ITEM[0] | path=is_biggest.body.block[3].block[1].body.block[0].branch[1].block[0] | kind=CompoundStatement(locals=0, items=1) | { if (Arr_1445587204[I_494474405] > Biggest_538906244) { Biggest_538906244 = ...
[AddIfZero] candidate 9 | function=is_biggest | role=BLOCK_ITEM[0] | path=is_biggest.body.block[3].block[1].body.block[0].branch[1].block[0].block[0] | kind=IfStatement(arms=1) | if (Arr_1445587204[I_494474405] > Biggest_538906244) { Biggest_538906244 = Ar...
[AddIfZero] candidate 10 | function=is_biggest | role=IF_TRUE | path=is_biggest.body.block[3].block[1].body.block[0].branch[1].block[0].block[0].branch[0] | kind=CompoundStatement(locals=0, items=1) | { Biggest_538906244 = Arr_1445587204[I_494474405]; }
[AddIfZero] candidate 11 | function=is_biggest | role=BLOCK_ITEM[0] | path=is_biggest.body.block[3].block[1].body.block[0].branch[1].block[0].block[0].branch[0].block[0] | kind=ExpressionStatement(expr=PreAssignExpression) | Biggest_538906244 = Arr_1445587204[I_494474405];
[AddIfZero] candidate 12 | function=is_biggest | role=BLOCK_ITEM[1] | path=is_biggest.body.block[3].block[1].body.block[0].branch[1].block[1] | kind=ExpressionStatement(expr=PostAssignExpression) | I_494474405 = I_494474405 + 1;
[ADD_IF_ZERO_SITE] application 2: spin site 4 / 13
[AddIfZero] SELECTED INDEX = 4
[AddIfZero] SELECTED | function=is_biggest | role=LOOP_BODY | path=is_biggest.body.block[3].block[1].body | kind=CompoundStatement(locals=0, items=1) | { if (0) { /*@ assert false; @*/ } else { if (Arr_1445587204[I_494474405] > B...
[AddIfZero] WRAP class=Scope | CompoundStatement(locals=0, items=1) | { if (0) { /*@ assert false; @*/ } else { if (Arr_1445587204[I_494474405] > B...
[RobustnessSpin] round 4: for-to-while has 0 candidates, retry
[RobustnessSpin] round 4: add-if-one: 10 / 16
[AddIfOne] candidate count = 16
[AddIfOne] candidate 0 | function=is_biggest | role=BLOCK_ITEM[1] | path=is_biggest.body.block[1] | kind=AssignmentStatement | Biggest_1161809122 = Arr_2115270696[0];
[AddIfOne] candidate 1 | function=is_biggest | role=BLOCK_ITEM[3] | path=is_biggest.body.block[3] | kind=CompoundStatement(locals=0, items=2) | { I_1050046055 = 1; /*@ loop_invariant 1 <= I_1050046055; loop_invariant I_10...
[AddIfOne] candidate 2 | function=is_biggest | role=BLOCK_ITEM[0] | path=is_biggest.body.block[3].block[0] | kind=ExpressionStatement(expr=PreAssignExpression) | I_1050046055 = 1;
[AddIfOne] candidate 3 | function=is_biggest | role=BLOCK_ITEM[1] | path=is_biggest.body.block[3].block[1] | kind=LoopStatement(init=Block, cond=AmbiguousLess, update=Block, body=Scope) | /*@ loop_invariant 1 <= I_1050046055; loop_invariant I_1050046055 <= Length_1...
[AddIfOne] candidate 4 | function=is_biggest | role=LOOP_BODY | path=is_biggest.body.block[3].block[1].body | kind=CompoundStatement(locals=0, items=1) | { if (0) { /*@ assert false; @*/ } else { if (0) { /*@ assert false; @*/ } el...
[AddIfOne] candidate 5 | function=is_biggest | role=BLOCK_ITEM[0] | path=is_biggest.body.block[3].block[1].body.block[0] | kind=IfStatement(arms=2) | if (0) { /*@ assert false; @*/ } else { if (0) { /*@ assert false; @*/ } else...
[AddIfOne] candidate 6 | function=is_biggest | role=IF_TRUE | path=is_biggest.body.block[3].block[1].body.block[0].branch[0] | kind=CompoundStatement(locals=0, items=1) | { /*@ assert false; @*/ }
[AddIfOne] candidate 7 | function=is_biggest | role=IF_ELSE[1] | path=is_biggest.body.block[3].block[1].body.block[0].branch[1] | kind=CompoundStatement(locals=0, items=1) | { if (0) { /*@ assert false; @*/ } else { if (Arr_2115270696[I_1050046055] > ...
[AddIfOne] candidate 8 | function=is_biggest | role=BLOCK_ITEM[0] | path=is_biggest.body.block[3].block[1].body.block[0].branch[1].block[0] | kind=IfStatement(arms=2) | if (0) { /*@ assert false; @*/ } else { if (Arr_2115270696[I_1050046055] > Bi...
[AddIfOne] candidate 9 | function=is_biggest | role=IF_TRUE | path=is_biggest.body.block[3].block[1].body.block[0].branch[1].block[0].branch[0] | kind=CompoundStatement(locals=0, items=1) | { /*@ assert false; @*/ }
[AddIfOne] candidate 10 | function=is_biggest | role=IF_ELSE[1] | path=is_biggest.body.block[3].block[1].body.block[0].branch[1].block[0].branch[1] | kind=CompoundStatement(locals=0, items=2) | { if (Arr_2115270696[I_1050046055] > Biggest_1161809122) { Biggest_1161809122...
[AddIfOne] candidate 11 | function=is_biggest | role=BLOCK_ITEM[0] | path=is_biggest.body.block[3].block[1].body.block[0].branch[1].block[0].branch[1].block[0] | kind=CompoundStatement(locals=0, items=1) | { if (Arr_2115270696[I_1050046055] > Biggest_1161809122) { Biggest_1161809122...
[AddIfOne] candidate 12 | function=is_biggest | role=BLOCK_ITEM[0] | path=is_biggest.body.block[3].block[1].body.block[0].branch[1].block[0].branch[1].block[0].block[0] | kind=IfStatement(arms=1) | if (Arr_2115270696[I_1050046055] > Biggest_1161809122) { Biggest_1161809122 =...
[AddIfOne] candidate 13 | function=is_biggest | role=IF_TRUE | path=is_biggest.body.block[3].block[1].body.block[0].branch[1].block[0].branch[1].block[0].block[0].branch[0] | kind=CompoundStatement(locals=0, items=1) | { Biggest_1161809122 = Arr_2115270696[I_1050046055]; }
[AddIfOne] candidate 14 | function=is_biggest | role=BLOCK_ITEM[0] | path=is_biggest.body.block[3].block[1].body.block[0].branch[1].block[0].branch[1].block[0].block[0].branch[0].block[0] | kind=ExpressionStatement(expr=PreAssignExpression) | Biggest_1161809122 = Arr_2115270696[I_1050046055];
[AddIfOne] candidate 15 | function=is_biggest | role=BLOCK_ITEM[1] | path=is_biggest.body.block[3].block[1].body.block[0].branch[1].block[0].branch[1].block[1] | kind=ExpressionStatement(expr=PostAssignExpression) | I_1050046055 = I_1050046055 + 1;
[ADD_IF_ONE_SITE] application 1: spin site 10 / 16
[AddIfOne] SELECTED INDEX = 10
[AddIfOne] SELECTED | function=is_biggest | role=IF_ELSE[1] | path=is_biggest.body.block[3].block[1].body.block[0].branch[1].block[0].branch[1] | kind=CompoundStatement(locals=0, items=2) | { if (Arr_2115270696[I_1050046055] > Biggest_1161809122) { Biggest_1161809122...
[AddIfOne] WRAP class=Scope | CompoundStatement(locals=0, items=2) | { if (Arr_2115270696[I_1050046055] > Biggest_1161809122) { Biggest_1161809122...
[RobustnessSpin] round 5: for-to-while has 0 candidates, retry
[RobustnessSpin] round 5: add-if-one: 14 / 19
[AddIfOne] candidate count = 19
[AddIfOne] candidate 0 | function=is_biggest | role=BLOCK_ITEM[1] | path=is_biggest.body.block[1] | kind=AssignmentStatement | Biggest_162083492 = Arr_1135300227[0];
[AddIfOne] candidate 1 | function=is_biggest | role=BLOCK_ITEM[3] | path=is_biggest.body.block[3] | kind=CompoundStatement(locals=0, items=2) | { I_876295065 = 1; /*@ loop_invariant 1 <= I_876295065; loop_invariant I_8762...
[AddIfOne] candidate 2 | function=is_biggest | role=BLOCK_ITEM[0] | path=is_biggest.body.block[3].block[0] | kind=ExpressionStatement(expr=PreAssignExpression) | I_876295065 = 1;
[AddIfOne] candidate 3 | function=is_biggest | role=BLOCK_ITEM[1] | path=is_biggest.body.block[3].block[1] | kind=LoopStatement(init=Block, cond=AmbiguousLess, update=Block, body=Scope) | /*@ loop_invariant 1 <= I_876295065; loop_invariant I_876295065 <= Length_186...
[AddIfOne] candidate 4 | function=is_biggest | role=LOOP_BODY | path=is_biggest.body.block[3].block[1].body | kind=CompoundStatement(locals=0, items=1) | { if (0) { /*@ assert false; @*/ } else { if (0) { /*@ assert false; @*/ } el...
[AddIfOne] candidate 5 | function=is_biggest | role=BLOCK_ITEM[0] | path=is_biggest.body.block[3].block[1].body.block[0] | kind=IfStatement(arms=2) | if (0) { /*@ assert false; @*/ } else { if (0) { /*@ assert false; @*/ } else...
[AddIfOne] candidate 6 | function=is_biggest | role=IF_TRUE | path=is_biggest.body.block[3].block[1].body.block[0].branch[0] | kind=CompoundStatement(locals=0, items=1) | { /*@ assert false; @*/ }
[AddIfOne] candidate 7 | function=is_biggest | role=IF_ELSE[1] | path=is_biggest.body.block[3].block[1].body.block[0].branch[1] | kind=CompoundStatement(locals=0, items=1) | { if (0) { /*@ assert false; @*/ } else { if (1) { if (Arr_1135300227[I_87629...
[AddIfOne] candidate 8 | function=is_biggest | role=BLOCK_ITEM[0] | path=is_biggest.body.block[3].block[1].body.block[0].branch[1].block[0] | kind=IfStatement(arms=2) | if (0) { /*@ assert false; @*/ } else { if (1) { if (Arr_1135300227[I_8762950...
[AddIfOne] candidate 9 | function=is_biggest | role=IF_TRUE | path=is_biggest.body.block[3].block[1].body.block[0].branch[1].block[0].branch[0] | kind=CompoundStatement(locals=0, items=1) | { /*@ assert false; @*/ }
[AddIfOne] candidate 10 | function=is_biggest | role=IF_ELSE[1] | path=is_biggest.body.block[3].block[1].body.block[0].branch[1].block[0].branch[1] | kind=CompoundStatement(locals=0, items=1) | { if (1) { if (Arr_1135300227[I_876295065] > Biggest_162083492) { Biggest_162...
[AddIfOne] candidate 11 | function=is_biggest | role=BLOCK_ITEM[0] | path=is_biggest.body.block[3].block[1].body.block[0].branch[1].block[0].branch[1].block[0] | kind=IfStatement(arms=2) | if (1) { if (Arr_1135300227[I_876295065] > Biggest_162083492) { Biggest_16208...
[AddIfOne] candidate 12 | function=is_biggest | role=IF_TRUE | path=is_biggest.body.block[3].block[1].body.block[0].branch[1].block[0].branch[1].block[0].branch[0] | kind=CompoundStatement(locals=0, items=2) | { if (Arr_1135300227[I_876295065] > Biggest_162083492) { Biggest_162083492 = ...
[AddIfOne] candidate 13 | function=is_biggest | role=IF_ELSE[1] | path=is_biggest.body.block[3].block[1].body.block[0].branch[1].block[0].branch[1].block[0].branch[1] | kind=CompoundStatement(locals=0, items=1) | { /*@ assert false; @*/ }
[AddIfOne] candidate 14 | function=is_biggest | role=BLOCK_ITEM[0] | path=is_biggest.body.block[3].block[1].body.block[0].branch[1].block[0].branch[1].block[0].branch[0].block[0] | kind=CompoundStatement(locals=0, items=1) | { if (Arr_1135300227[I_876295065] > Biggest_162083492) { Biggest_162083492 = ...
[AddIfOne] candidate 15 | function=is_biggest | role=BLOCK_ITEM[0] | path=is_biggest.body.block[3].block[1].body.block[0].branch[1].block[0].branch[1].block[0].branch[0].block[0].block[0] | kind=IfStatement(arms=1) | if (Arr_1135300227[I_876295065] > Biggest_162083492) { Biggest_162083492 = Ar...
[AddIfOne] candidate 16 | function=is_biggest | role=IF_TRUE | path=is_biggest.body.block[3].block[1].body.block[0].branch[1].block[0].branch[1].block[0].branch[0].block[0].block[0].branch[0] | kind=CompoundStatement(locals=0, items=1) | { Biggest_162083492 = Arr_1135300227[I_876295065]; }
[AddIfOne] candidate 17 | function=is_biggest | role=BLOCK_ITEM[0] | path=is_biggest.body.block[3].block[1].body.block[0].branch[1].block[0].branch[1].block[0].branch[0].block[0].block[0].branch[0].block[0] | kind=ExpressionStatement(expr=PreAssignExpression) | Biggest_162083492 = Arr_1135300227[I_876295065];
[AddIfOne] candidate 18 | function=is_biggest | role=BLOCK_ITEM[1] | path=is_biggest.body.block[3].block[1].body.block[0].branch[1].block[0].branch[1].block[0].branch[0].block[1] | kind=ExpressionStatement(expr=PostAssignExpression) | I_876295065 = I_876295065 + 1;
[ADD_IF_ONE_SITE] application 2: spin site 14 / 19
[AddIfOne] SELECTED INDEX = 14
[AddIfOne] SELECTED | function=is_biggest | role=BLOCK_ITEM[0] | path=is_biggest.body.block[3].block[1].body.block[0].branch[1].block[0].branch[1].block[0].branch[0].block[0] | kind=CompoundStatement(locals=0, items=1) | { if (Arr_1135300227[I_876295065] > Biggest_162083492) { Biggest_162083492 = ...
[AddIfOne] WRAP class=Scope | CompoundStatement(locals=0, items=1) | { if (Arr_1135300227[I_876295065] > Biggest_162083492) { Biggest_162083492 = ...
[INFO] Writing unknown.c to robustness-transformed.c
Robustness spin trace:
for-to-while: 0
add-if-zero: 4
add-if-zero: 4
add-if-one: 10
add-if-one: 14
[INFO] Robustness transformation completed
[INFO] Output written to robustness-transformed.c
